<?xml version="1.0"?>
<link_info>
   <banner>TI ARM Linker PC v15.12.3.LTS</banner>
   <copyright>Copyright (c) 1996-2015 Texas Instruments Incorporated</copyright>
   <link_time>0x61e11fc0</link_time>
   <link_errors>0x0</link_errors>
   <output_file>Tiva123_ADS1242.out</output_file>
   <entry_point>
      <name>_c_int00</name>
      <address>0x7131</address>
   </entry_point>
   <input_file_list>
      <input_file id="fl-2">
         <path>.\</path>
         <kind>object</kind>
         <file>AD9833.obj</file>
         <name>AD9833.obj</name>
      </input_file>
      <input_file id="fl-3">
         <path>.\</path>
         <kind>object</kind>
         <file>ADS1241.obj</file>
         <name>ADS1241.obj</name>
      </input_file>
      <input_file id="fl-4">
         <path>.\</path>
         <kind>object</kind>
         <file>DS3231.obj</file>
         <name>DS3231.obj</name>
      </input_file>
      <input_file id="fl-5">
         <path>.\</path>
         <kind>object</kind>
         <file>DigitalFilter_Lib.obj</file>
         <name>DigitalFilter_Lib.obj</name>
      </input_file>
      <input_file id="fl-6">
         <path>.\</path>
         <kind>object</kind>
         <file>Tiva123_ADS1242.obj</file>
         <name>Tiva123_ADS1242.obj</name>
      </input_file>
      <input_file id="fl-7">
         <path>.\</path>
         <kind>object</kind>
         <file>tm4c123gh6pm_startup_ccs.obj</file>
         <name>tm4c123gh6pm_startup_ccs.obj</name>
      </input_file>
      <input_file id="fl-8">
         <path>.\</path>
         <kind>object</kind>
         <file>uartstdio.obj</file>
         <name>uartstdio.obj</name>
      </input_file>
      <input_file id="fl-9">
         <path>.\TFT_LCD_Lib\</path>
         <kind>object</kind>
         <file>ColorTFTSymbols.obj</file>
         <name>ColorTFTSymbols.obj</name>
      </input_file>
      <input_file id="fl-a">
         <path>.\TFT_LCD_Lib\</path>
         <kind>object</kind>
         <file>IFTSPI2_2LCD.obj</file>
         <name>IFTSPI2_2LCD.obj</name>
      </input_file>
      <input_file id="fl-11">
         <path>C:\ti\TivaWare_C_Series-2.1.3.156\driverlib\ccs\Debug\</path>
         <kind>archive</kind>
         <file>driverlib.lib</file>
         <name>adc.obj</name>
      </input_file>
      <input_file id="fl-12">
         <path>C:\ti\TivaWare_C_Series-2.1.3.156\driverlib\ccs\Debug\</path>
         <kind>archive</kind>
         <file>driverlib.lib</file>
         <name>fpu.obj</name>
      </input_file>
      <input_file id="fl-13">
         <path>C:\ti\TivaWare_C_Series-2.1.3.156\driverlib\ccs\Debug\</path>
         <kind>archive</kind>
         <file>driverlib.lib</file>
         <name>gpio.obj</name>
      </input_file>
      <input_file id="fl-14">
         <path>C:\ti\TivaWare_C_Series-2.1.3.156\driverlib\ccs\Debug\</path>
         <kind>archive</kind>
         <file>driverlib.lib</file>
         <name>i2c.obj</name>
      </input_file>
      <input_file id="fl-15">
         <path>C:\ti\TivaWare_C_Series-2.1.3.156\driverlib\ccs\Debug\</path>
         <kind>archive</kind>
         <file>driverlib.lib</file>
         <name>interrupt.obj</name>
      </input_file>
      <input_file id="fl-16">
         <path>C:\ti\TivaWare_C_Series-2.1.3.156\driverlib\ccs\Debug\</path>
         <kind>archive</kind>
         <file>driverlib.lib</file>
         <name>pwm.obj</name>
      </input_file>
      <input_file id="fl-17">
         <path>C:\ti\TivaWare_C_Series-2.1.3.156\driverlib\ccs\Debug\</path>
         <kind>archive</kind>
         <file>driverlib.lib</file>
         <name>ssi.obj</name>
      </input_file>
      <input_file id="fl-18">
         <path>C:\ti\TivaWare_C_Series-2.1.3.156\driverlib\ccs\Debug\</path>
         <kind>archive</kind>
         <file>driverlib.lib</file>
         <name>sysctl.obj</name>
      </input_file>
      <input_file id="fl-19">
         <path>C:\ti\TivaWare_C_Series-2.1.3.156\driverlib\ccs\Debug\</path>
         <kind>archive</kind>
         <file>driverlib.lib</file>
         <name>timer.obj</name>
      </input_file>
      <input_file id="fl-1a">
         <path>C:\ti\TivaWare_C_Series-2.1.3.156\driverlib\ccs\Debug\</path>
         <kind>archive</kind>
         <file>driverlib.lib</file>
         <name>uart.obj</name>
      </input_file>
      <input_file id="fl-1b">
         <path>C:\ti\TivaWare_C_Series-2.1.3.156\driverlib\ccs\Debug\</path>
         <kind>archive</kind>
         <file>driverlib.lib</file>
         <name>cpu.obj</name>
      </input_file>
      <input_file id="fl-d1">
         <path>C:\ti\ccsv6\tools\compiler\arm_15.12.3.LTS\lib\</path>
         <kind>archive</kind>
         <file>rtsv7M4_T_le_v4SPD16_eabi.lib</file>
         <name>atof.obj</name>
      </input_file>
      <input_file id="fl-d2">
         <path>C:\ti\ccsv6\tools\compiler\arm_15.12.3.LTS\lib\</path>
         <kind>archive</kind>
         <file>rtsv7M4_T_le_v4SPD16_eabi.lib</file>
         <name>boot.obj</name>
      </input_file>
      <input_file id="fl-d3">
         <path>C:\ti\ccsv6\tools\compiler\arm_15.12.3.LTS\lib\</path>
         <kind>archive</kind>
         <file>rtsv7M4_T_le_v4SPD16_eabi.lib</file>
         <name>copy_decompress_none.obj</name>
      </input_file>
      <input_file id="fl-d4">
         <path>C:\ti\ccsv6\tools\compiler\arm_15.12.3.LTS\lib\</path>
         <kind>archive</kind>
         <file>rtsv7M4_T_le_v4SPD16_eabi.lib</file>
         <name>copy_decompress_rle.obj</name>
      </input_file>
      <input_file id="fl-d5">
         <path>C:\ti\ccsv6\tools\compiler\arm_15.12.3.LTS\lib\</path>
         <kind>archive</kind>
         <file>rtsv7M4_T_le_v4SPD16_eabi.lib</file>
         <name>copy_zero_init.obj</name>
      </input_file>
      <input_file id="fl-d6">
         <path>C:\ti\ccsv6\tools\compiler\arm_15.12.3.LTS\lib\</path>
         <kind>archive</kind>
         <file>rtsv7M4_T_le_v4SPD16_eabi.lib</file>
         <name>e_log.obj</name>
      </input_file>
      <input_file id="fl-d7">
         <path>C:\ti\ccsv6\tools\compiler\arm_15.12.3.LTS\lib\</path>
         <kind>archive</kind>
         <file>rtsv7M4_T_le_v4SPD16_eabi.lib</file>
         <name>e_pow.obj</name>
      </input_file>
      <input_file id="fl-d8">
         <path>C:\ti\ccsv6\tools\compiler\arm_15.12.3.LTS\lib\</path>
         <kind>archive</kind>
         <file>rtsv7M4_T_le_v4SPD16_eabi.lib</file>
         <name>e_sqrt.obj</name>
      </input_file>
      <input_file id="fl-d9">
         <path>C:\ti\ccsv6\tools\compiler\arm_15.12.3.LTS\lib\</path>
         <kind>archive</kind>
         <file>rtsv7M4_T_le_v4SPD16_eabi.lib</file>
         <name>errno.obj</name>
      </input_file>
      <input_file id="fl-da">
         <path>C:\ti\ccsv6\tools\compiler\arm_15.12.3.LTS\lib\</path>
         <kind>archive</kind>
         <file>rtsv7M4_T_le_v4SPD16_eabi.lib</file>
         <name>exit.obj</name>
      </input_file>
      <input_file id="fl-db">
         <path>C:\ti\ccsv6\tools\compiler\arm_15.12.3.LTS\lib\</path>
         <kind>archive</kind>
         <file>rtsv7M4_T_le_v4SPD16_eabi.lib</file>
         <name>fd_add_t2.obj</name>
      </input_file>
      <input_file id="fl-dc">
         <path>C:\ti\ccsv6\tools\compiler\arm_15.12.3.LTS\lib\</path>
         <kind>archive</kind>
         <file>rtsv7M4_T_le_v4SPD16_eabi.lib</file>
         <name>fd_cmp_t2.obj</name>
      </input_file>
      <input_file id="fl-dd">
         <path>C:\ti\ccsv6\tools\compiler\arm_15.12.3.LTS\lib\</path>
         <kind>archive</kind>
         <file>rtsv7M4_T_le_v4SPD16_eabi.lib</file>
         <name>fd_div_t2.obj</name>
      </input_file>
      <input_file id="fl-de">
         <path>C:\ti\ccsv6\tools\compiler\arm_15.12.3.LTS\lib\</path>
         <kind>archive</kind>
         <file>rtsv7M4_T_le_v4SPD16_eabi.lib</file>
         <name>fd_mul_t2.obj</name>
      </input_file>
      <input_file id="fl-df">
         <path>C:\ti\ccsv6\tools\compiler\arm_15.12.3.LTS\lib\</path>
         <kind>archive</kind>
         <file>rtsv7M4_T_le_v4SPD16_eabi.lib</file>
         <name>fd_tos_t2.obj</name>
      </input_file>
      <input_file id="fl-e0">
         <path>C:\ti\ccsv6\tools\compiler\arm_15.12.3.LTS\lib\</path>
         <kind>archive</kind>
         <file>rtsv7M4_T_le_v4SPD16_eabi.lib</file>
         <name>fd_tou_t2.obj</name>
      </input_file>
      <input_file id="fl-e1">
         <path>C:\ti\ccsv6\tools\compiler\arm_15.12.3.LTS\lib\</path>
         <kind>archive</kind>
         <file>rtsv7M4_T_le_v4SPD16_eabi.lib</file>
         <name>fs_tod_t2.obj</name>
      </input_file>
      <input_file id="fl-e2">
         <path>C:\ti\ccsv6\tools\compiler\arm_15.12.3.LTS\lib\</path>
         <kind>archive</kind>
         <file>rtsv7M4_T_le_v4SPD16_eabi.lib</file>
         <name>i_tofd_t2.obj</name>
      </input_file>
      <input_file id="fl-e3">
         <path>C:\ti\ccsv6\tools\compiler\arm_15.12.3.LTS\lib\</path>
         <kind>archive</kind>
         <file>rtsv7M4_T_le_v4SPD16_eabi.lib</file>
         <name>memcpy_t2.obj</name>
      </input_file>
      <input_file id="fl-e4">
         <path>C:\ti\ccsv6\tools\compiler\arm_15.12.3.LTS\lib\</path>
         <kind>archive</kind>
         <file>rtsv7M4_T_le_v4SPD16_eabi.lib</file>
         <name>memset_t2.obj</name>
      </input_file>
      <input_file id="fl-e5">
         <path>C:\ti\ccsv6\tools\compiler\arm_15.12.3.LTS\lib\</path>
         <kind>archive</kind>
         <file>rtsv7M4_T_le_v4SPD16_eabi.lib</file>
         <name>mpu_init.obj</name>
      </input_file>
      <input_file id="fl-e6">
         <path>C:\ti\ccsv6\tools\compiler\arm_15.12.3.LTS\lib\</path>
         <kind>archive</kind>
         <file>rtsv7M4_T_le_v4SPD16_eabi.lib</file>
         <name>pre_init.obj</name>
      </input_file>
      <input_file id="fl-e7">
         <path>C:\ti\ccsv6\tools\compiler\arm_15.12.3.LTS\lib\</path>
         <kind>archive</kind>
         <file>rtsv7M4_T_le_v4SPD16_eabi.lib</file>
         <name>s_cos.obj</name>
      </input_file>
      <input_file id="fl-e8">
         <path>C:\ti\ccsv6\tools\compiler\arm_15.12.3.LTS\lib\</path>
         <kind>archive</kind>
         <file>rtsv7M4_T_le_v4SPD16_eabi.lib</file>
         <name>s_roundf.obj</name>
      </input_file>
      <input_file id="fl-e9">
         <path>C:\ti\ccsv6\tools\compiler\arm_15.12.3.LTS\lib\</path>
         <kind>archive</kind>
         <file>rtsv7M4_T_le_v4SPD16_eabi.lib</file>
         <name>s_scalbn.obj</name>
      </input_file>
      <input_file id="fl-ea">
         <path>C:\ti\ccsv6\tools\compiler\arm_15.12.3.LTS\lib\</path>
         <kind>archive</kind>
         <file>rtsv7M4_T_le_v4SPD16_eabi.lib</file>
         <name>s_sin.obj</name>
      </input_file>
      <input_file id="fl-eb">
         <path>C:\ti\ccsv6\tools\compiler\arm_15.12.3.LTS\lib\</path>
         <kind>archive</kind>
         <file>rtsv7M4_T_le_v4SPD16_eabi.lib</file>
         <name>s_tan.obj</name>
      </input_file>
      <input_file id="fl-ec">
         <path>C:\ti\ccsv6\tools\compiler\arm_15.12.3.LTS\lib\</path>
         <kind>archive</kind>
         <file>rtsv7M4_T_le_v4SPD16_eabi.lib</file>
         <name>sprintf.obj</name>
      </input_file>
      <input_file id="fl-ed">
         <path>C:\ti\ccsv6\tools\compiler\arm_15.12.3.LTS\lib\</path>
         <kind>archive</kind>
         <file>rtsv7M4_T_le_v4SPD16_eabi.lib</file>
         <name>stkdepth_vars.obj</name>
      </input_file>
      <input_file id="fl-ee">
         <path>C:\ti\ccsv6\tools\compiler\arm_15.12.3.LTS\lib\</path>
         <kind>archive</kind>
         <file>rtsv7M4_T_le_v4SPD16_eabi.lib</file>
         <name>strstr.obj</name>
      </input_file>
      <input_file id="fl-ef">
         <path>C:\ti\ccsv6\tools\compiler\arm_15.12.3.LTS\lib\</path>
         <kind>archive</kind>
         <file>rtsv7M4_T_le_v4SPD16_eabi.lib</file>
         <name>strtod.obj</name>
      </input_file>
      <input_file id="fl-f0">
         <path>C:\ti\ccsv6\tools\compiler\arm_15.12.3.LTS\lib\</path>
         <kind>archive</kind>
         <file>rtsv7M4_T_le_v4SPD16_eabi.lib</file>
         <name>u_divt2.obj</name>
      </input_file>
      <input_file id="fl-f1">
         <path>C:\ti\ccsv6\tools\compiler\arm_15.12.3.LTS\lib\</path>
         <kind>archive</kind>
         <file>rtsv7M4_T_le_v4SPD16_eabi.lib</file>
         <name>u_tofd_t2.obj</name>
      </input_file>
      <input_file id="fl-f2">
         <path>C:\ti\ccsv6\tools\compiler\arm_15.12.3.LTS\lib\</path>
         <kind>archive</kind>
         <file>rtsv7M4_T_le_v4SPD16_eabi.lib</file>
         <name>_lock.obj</name>
      </input_file>
      <input_file id="fl-f3">
         <path>C:\ti\ccsv6\tools\compiler\arm_15.12.3.LTS\lib\</path>
         <kind>archive</kind>
         <file>rtsv7M4_T_le_v4SPD16_eabi.lib</file>
         <name>_printfi.obj</name>
      </input_file>
      <input_file id="fl-f4">
         <path>C:\ti\ccsv6\tools\compiler\arm_15.12.3.LTS\lib\</path>
         <kind>archive</kind>
         <file>rtsv7M4_T_le_v4SPD16_eabi.lib</file>
         <name>args_main.obj</name>
      </input_file>
      <input_file id="fl-f5">
         <path>C:\ti\ccsv6\tools\compiler\arm_15.12.3.LTS\lib\</path>
         <kind>archive</kind>
         <file>rtsv7M4_T_le_v4SPD16_eabi.lib</file>
         <name>atoi.obj</name>
      </input_file>
      <input_file id="fl-f6">
         <path>C:\ti\ccsv6\tools\compiler\arm_15.12.3.LTS\lib\</path>
         <kind>archive</kind>
         <file>rtsv7M4_T_le_v4SPD16_eabi.lib</file>
         <name>autoinit.obj</name>
      </input_file>
      <input_file id="fl-f7">
         <path>C:\ti\ccsv6\tools\compiler\arm_15.12.3.LTS\lib\</path>
         <kind>archive</kind>
         <file>rtsv7M4_T_le_v4SPD16_eabi.lib</file>
         <name>cpy_tbl.obj</name>
      </input_file>
      <input_file id="fl-f8">
         <path>C:\ti\ccsv6\tools\compiler\arm_15.12.3.LTS\lib\</path>
         <kind>archive</kind>
         <file>rtsv7M4_T_le_v4SPD16_eabi.lib</file>
         <name>ctype.obj</name>
      </input_file>
      <input_file id="fl-f9">
         <path>C:\ti\ccsv6\tools\compiler\arm_15.12.3.LTS\lib\</path>
         <kind>archive</kind>
         <file>rtsv7M4_T_le_v4SPD16_eabi.lib</file>
         <name>fd_toi_t2.obj</name>
      </input_file>
      <input_file id="fl-fa">
         <path>C:\ti\ccsv6\tools\compiler\arm_15.12.3.LTS\lib\</path>
         <kind>archive</kind>
         <file>rtsv7M4_T_le_v4SPD16_eabi.lib</file>
         <name>i_div0.obj</name>
      </input_file>
      <input_file id="fl-fb">
         <path>C:\ti\ccsv6\tools\compiler\arm_15.12.3.LTS\lib\</path>
         <kind>archive</kind>
         <file>rtsv7M4_T_le_v4SPD16_eabi.lib</file>
         <name>k_cos.obj</name>
      </input_file>
      <input_file id="fl-fc">
         <path>C:\ti\ccsv6\tools\compiler\arm_15.12.3.LTS\lib\</path>
         <kind>archive</kind>
         <file>rtsv7M4_T_le_v4SPD16_eabi.lib</file>
         <name>k_rem_pio2.obj</name>
      </input_file>
      <input_file id="fl-fd">
         <path>C:\ti\ccsv6\tools\compiler\arm_15.12.3.LTS\lib\</path>
         <kind>archive</kind>
         <file>rtsv7M4_T_le_v4SPD16_eabi.lib</file>
         <name>k_sin.obj</name>
      </input_file>
      <input_file id="fl-fe">
         <path>C:\ti\ccsv6\tools\compiler\arm_15.12.3.LTS\lib\</path>
         <kind>archive</kind>
         <file>rtsv7M4_T_le_v4SPD16_eabi.lib</file>
         <name>k_tan.obj</name>
      </input_file>
      <input_file id="fl-ff">
         <path>C:\ti\ccsv6\tools\compiler\arm_15.12.3.LTS\lib\</path>
         <kind>archive</kind>
         <file>rtsv7M4_T_le_v4SPD16_eabi.lib</file>
         <name>ltoa.obj</name>
      </input_file>
      <input_file id="fl-100">
         <path>C:\ti\ccsv6\tools\compiler\arm_15.12.3.LTS\lib\</path>
         <kind>archive</kind>
         <file>rtsv7M4_T_le_v4SPD16_eabi.lib</file>
         <name>memccpy.obj</name>
      </input_file>
      <input_file id="fl-101">
         <path>C:\ti\ccsv6\tools\compiler\arm_15.12.3.LTS\lib\</path>
         <kind>archive</kind>
         <file>rtsv7M4_T_le_v4SPD16_eabi.lib</file>
         <name>s_copysign.obj</name>
      </input_file>
      <input_file id="fl-102">
         <path>C:\ti\ccsv6\tools\compiler\arm_15.12.3.LTS\lib\</path>
         <kind>archive</kind>
         <file>rtsv7M4_T_le_v4SPD16_eabi.lib</file>
         <name>s_floor.obj</name>
      </input_file>
      <input_file id="fl-103">
         <path>C:\ti\ccsv6\tools\compiler\arm_15.12.3.LTS\lib\</path>
         <kind>archive</kind>
         <file>rtsv7M4_T_le_v4SPD16_eabi.lib</file>
         <name>s_floorf.obj</name>
      </input_file>
      <input_file id="fl-104">
         <path>C:\ti\ccsv6\tools\compiler\arm_15.12.3.LTS\lib\</path>
         <kind>archive</kind>
         <file>rtsv7M4_T_le_v4SPD16_eabi.lib</file>
         <name>s_frexp.obj</name>
      </input_file>
      <input_file id="fl-105">
         <path>C:\ti\ccsv6\tools\compiler\arm_15.12.3.LTS\lib\</path>
         <kind>archive</kind>
         <file>rtsv7M4_T_le_v4SPD16_eabi.lib</file>
         <name>startup.obj</name>
      </input_file>
      <input_file id="fl-106">
         <path>C:\ti\ccsv6\tools\compiler\arm_15.12.3.LTS\lib\</path>
         <kind>archive</kind>
         <file>rtsv7M4_T_le_v4SPD16_eabi.lib</file>
         <name>strchr.obj</name>
      </input_file>
      <input_file id="fl-107">
         <path>C:\ti\ccsv6\tools\compiler\arm_15.12.3.LTS\lib\</path>
         <kind>archive</kind>
         <file>rtsv7M4_T_le_v4SPD16_eabi.lib</file>
         <name>strlen.obj</name>
      </input_file>
      <input_file id="fl-108">
         <path>C:\ti\ccsv6\tools\compiler\arm_15.12.3.LTS\lib\</path>
         <kind>archive</kind>
         <file>rtsv7M4_T_le_v4SPD16_eabi.lib</file>
         <name>ull_div_t2.obj</name>
      </input_file>
   </input_file_list>
   <object_component_list>
      <object_component id="oc-f">
         <name>.intvecs</name>
         <load_address>0x0</load_address>
         <run_address>0x0</run_address>
         <size>0x26c</size>
         <input_file_ref idref="fl-7"/>
      </object_component>
      <object_component id="oc-31">
         <name>.text</name>
         <load_address>0x26c</load_address>
         <run_address>0x26c</run_address>
         <size>0x1b94</size>
         <input_file_ref idref="fl-6"/>
      </object_component>
      <object_component id="oc-2d9">
         <name>.text</name>
         <load_address>0x1e00</load_address>
         <run_address>0x1e00</run_address>
         <size>0x1110</size>
         <input_file_ref idref="fl-f3"/>
      </object_component>
      <object_component id="oc-a1">
         <name>.text</name>
         <load_address>0x2f10</load_address>
         <run_address>0x2f10</run_address>
         <size>0xb14</size>
         <input_file_ref idref="fl-a"/>
      </object_component>
      <object_component id="oc-222">
         <name>.text</name>
         <load_address>0x3a24</load_address>
         <run_address>0x3a24</run_address>
         <size>0x9ac</size>
         <input_file_ref idref="fl-d7"/>
      </object_component>
      <object_component id="oc-b3">
         <name>.text</name>
         <load_address>0x43d0</load_address>
         <run_address>0x43d0</run_address>
         <size>0x6c0</size>
         <input_file_ref idref="fl-4"/>
      </object_component>
      <object_component id="oc-a7">
         <name>.text</name>
         <load_address>0x4a90</load_address>
         <run_address>0x4a90</run_address>
         <size>0x530</size>
         <input_file_ref idref="fl-3"/>
      </object_component>
      <object_component id="oc-9b">
         <name>.text</name>
         <load_address>0x4fc0</load_address>
         <run_address>0x4fc0</run_address>
         <size>0x49c</size>
         <input_file_ref idref="fl-8"/>
      </object_component>
      <object_component id="oc-21c">
         <name>.text</name>
         <load_address>0x545c</load_address>
         <run_address>0x545c</run_address>
         <size>0x3c8</size>
         <input_file_ref idref="fl-d6"/>
      </object_component>
      <object_component id="oc-34d">
         <name>.text</name>
         <load_address>0x5824</load_address>
         <run_address>0x5824</run_address>
         <size>0x23c</size>
         <input_file_ref idref="fl-ef"/>
      </object_component>
      <object_component id="oc-8e">
         <name>.text</name>
         <load_address>0x5a60</load_address>
         <run_address>0x5a60</run_address>
         <size>0x200</size>
         <input_file_ref idref="fl-2"/>
      </object_component>
      <object_component id="oc-427">
         <name>.text</name>
         <load_address>0x5c60</load_address>
         <run_address>0x5c60</run_address>
         <size>0x1f4</size>
         <input_file_ref idref="fl-108"/>
      </object_component>
      <object_component id="oc-2b7">
         <name>.text:SysCtlClockFreqSet</name>
         <load_address>0x5e54</load_address>
         <run_address>0x5e54</run_address>
         <size>0x1ec</size>
         <input_file_ref idref="fl-18"/>
      </object_component>
      <object_component id="oc-214">
         <name>.text</name>
         <load_address>0x6040</load_address>
         <run_address>0x6040</run_address>
         <size>0x1b6</size>
         <input_file_ref idref="fl-db"/>
      </object_component>
      <object_component id="oc-3fb">
         <name>.text</name>
         <load_address>0x61f6</load_address>
         <run_address>0x61f6</run_address>
         <size>0x2</size>
         <input_file_ref idref="fl-fa"/>
      </object_component>
      <object_component id="oc-3a5">
         <name>.text</name>
         <load_address>0x61f8</load_address>
         <run_address>0x61f8</run_address>
         <size>0x170</size>
         <input_file_ref idref="fl-d8"/>
      </object_component>
      <object_component id="oc-20f">
         <name>.text</name>
         <load_address>0x6368</load_address>
         <run_address>0x6368</run_address>
         <size>0x136</size>
         <input_file_ref idref="fl-dd"/>
      </object_component>
      <object_component id="oc-177">
         <name>.text:GPIOPadConfigSet</name>
         <load_address>0x649e</load_address>
         <run_address>0x649e</run_address>
         <size>0x132</size>
         <input_file_ref idref="fl-13"/>
      </object_component>
      <object_component id="oc-94">
         <name>.text:SysCtlClockGet</name>
         <load_address>0x65d0</load_address>
         <run_address>0x65d0</run_address>
         <size>0x110</size>
         <input_file_ref idref="fl-18"/>
      </object_component>
      <object_component id="oc-20a">
         <name>.text</name>
         <load_address>0x66e0</load_address>
         <run_address>0x66e0</run_address>
         <size>0xfc</size>
         <input_file_ref idref="fl-de"/>
      </object_component>
      <object_component id="oc-3ae">
         <name>.text</name>
         <load_address>0x67dc</load_address>
         <run_address>0x67dc</run_address>
         <size>0xfc</size>
         <input_file_ref idref="fl-e9"/>
      </object_component>
      <object_component id="oc-88">
         <name>.text:SysCtlClockSet</name>
         <load_address>0x68d8</load_address>
         <run_address>0x68d8</run_address>
         <size>0xf4</size>
         <input_file_ref idref="fl-18"/>
      </object_component>
      <object_component id="oc-3a">
         <name>.text</name>
         <load_address>0x69cc</load_address>
         <run_address>0x69cc</run_address>
         <size>0x9c</size>
         <input_file_ref idref="fl-e3"/>
      </object_component>
      <object_component id="oc-23c">
         <name>.text:__aeabi_cdcmple</name>
         <load_address>0x6a68</load_address>
         <run_address>0x6a68</run_address>
         <size>0x86</size>
         <input_file_ref idref="fl-dc"/>
      </object_component>
      <object_component id="oc-237">
         <name>.text:__aeabi_cdrcmple</name>
         <load_address>0x6aee</load_address>
         <run_address>0x6aee</run_address>
         <size>0x86</size>
         <input_file_ref idref="fl-dc"/>
      </object_component>
      <object_component id="oc-356">
         <name>.text</name>
         <load_address>0x6b74</load_address>
         <run_address>0x6b74</run_address>
         <size>0x80</size>
         <input_file_ref idref="fl-103"/>
      </object_component>
      <object_component id="oc-144">
         <name>.text:ADCSequenceStepConfigure</name>
         <load_address>0x6bf4</load_address>
         <run_address>0x6bf4</run_address>
         <size>0x7a</size>
         <input_file_ref idref="fl-11"/>
      </object_component>
      <object_component id="oc-53">
         <name>.text</name>
         <load_address>0x6c6e</load_address>
         <run_address>0x6c6e</run_address>
         <size>0x7a</size>
         <input_file_ref idref="fl-e4"/>
      </object_component>
      <object_component id="oc-6b">
         <name>.text</name>
         <load_address>0x6ce8</load_address>
         <run_address>0x6ce8</run_address>
         <size>0x70</size>
         <input_file_ref idref="fl-f6"/>
      </object_component>
      <object_component id="oc-122">
         <name>.text</name>
         <load_address>0x6d58</load_address>
         <run_address>0x6d58</run_address>
         <size>0x6e</size>
         <input_file_ref idref="fl-df"/>
      </object_component>
      <object_component id="oc-127">
         <name>.text</name>
         <load_address>0x6dc6</load_address>
         <run_address>0x6dc6</run_address>
         <size>0x6e</size>
         <input_file_ref idref="fl-e8"/>
      </object_component>
      <object_component id="oc-46">
         <name>.text</name>
         <load_address>0x6e34</load_address>
         <run_address>0x6e34</run_address>
         <size>0x6a</size>
         <input_file_ref idref="fl-d4"/>
      </object_component>
      <object_component id="oc-5f">
         <name>.text</name>
         <load_address>0x6e9e</load_address>
         <run_address>0x6e9e</run_address>
         <size>0x2</size>
         <input_file_ref idref="fl-e5"/>
      </object_component>
      <object_component id="oc-dd">
         <name>.text:IntEnable</name>
         <load_address>0x6ea0</load_address>
         <run_address>0x6ea0</run_address>
         <size>0x68</size>
         <input_file_ref idref="fl-15"/>
      </object_component>
      <object_component id="oc-43d">
         <name>.text</name>
         <load_address>0x6f08</load_address>
         <run_address>0x6f08</run_address>
         <size>0x64</size>
         <input_file_ref idref="fl-104"/>
      </object_component>
      <object_component id="oc-156">
         <name>.text:TimerConfigure</name>
         <load_address>0x6f6c</load_address>
         <run_address>0x6f6c</run_address>
         <size>0x60</size>
         <input_file_ref idref="fl-19"/>
      </object_component>
      <object_component id="oc-ad">
         <name>.text</name>
         <load_address>0x6fcc</load_address>
         <run_address>0x6fcc</run_address>
         <size>0x60</size>
         <input_file_ref idref="fl-ec"/>
      </object_component>
      <object_component id="oc-13e">
         <name>.text:ADCSequenceConfigure</name>
         <load_address>0x702c</load_address>
         <run_address>0x702c</run_address>
         <size>0x58</size>
         <input_file_ref idref="fl-11"/>
      </object_component>
      <object_component id="oc-2c8">
         <name>.text:GPIOIntTypeSet</name>
         <load_address>0x7084</load_address>
         <run_address>0x7084</run_address>
         <size>0x56</size>
         <input_file_ref idref="fl-13"/>
      </object_component>
      <object_component id="oc-437">
         <name>.text</name>
         <load_address>0x70da</load_address>
         <run_address>0x70da</run_address>
         <size>0x56</size>
         <input_file_ref idref="fl-ff"/>
      </object_component>
      <object_component id="oc-24">
         <name>.text</name>
         <load_address>0x7130</load_address>
         <run_address>0x7130</run_address>
         <size>0x54</size>
         <input_file_ref idref="fl-d2"/>
      </object_component>
      <object_component id="oc-77">
         <name>.text</name>
         <load_address>0x7184</load_address>
         <run_address>0x7184</run_address>
         <size>0x54</size>
         <input_file_ref idref="fl-da"/>
      </object_component>
      <object_component id="oc-2ff">
         <name>.text:SysCtlPeripheralReset</name>
         <load_address>0x71d8</load_address>
         <run_address>0x71d8</run_address>
         <size>0x50</size>
         <input_file_ref idref="fl-18"/>
      </object_component>
      <object_component id="oc-311">
         <name>.text:I2CMasterInitExpClk</name>
         <load_address>0x7228</load_address>
         <run_address>0x7228</run_address>
         <size>0x4c</size>
         <input_file_ref idref="fl-14"/>
      </object_component>
      <object_component id="oc-44f">
         <name>.text</name>
         <load_address>0x7274</load_address>
         <run_address>0x7274</run_address>
         <size>0x4c</size>
         <input_file_ref idref="fl-f5"/>
      </object_component>
      <object_component id="oc-270">
         <name>.text</name>
         <load_address>0x72c0</load_address>
         <run_address>0x72c0</run_address>
         <size>0x4c</size>
         <input_file_ref idref="fl-f7"/>
      </object_component>
      <object_component id="oc-bf">
         <name>.text:GPIOPinConfigure</name>
         <load_address>0x730c</load_address>
         <run_address>0x730c</run_address>
         <size>0x48</size>
         <input_file_ref idref="fl-13"/>
      </object_component>
      <object_component id="oc-40e">
         <name>.text:_SysCtlFrequencyGet</name>
         <load_address>0x7354</load_address>
         <run_address>0x7354</run_address>
         <size>0x48</size>
         <input_file_ref idref="fl-18"/>
      </object_component>
      <object_component id="oc-432">
         <name>.text</name>
         <load_address>0x739c</load_address>
         <run_address>0x739c</run_address>
         <size>0x48</size>
         <input_file_ref idref="fl-f9"/>
      </object_component>
      <object_component id="oc-d1">
         <name>.text:UARTConfigSetExpClk</name>
         <load_address>0x73e4</load_address>
         <run_address>0x73e4</run_address>
         <size>0x46</size>
         <input_file_ref idref="fl-1a"/>
      </object_component>
      <object_component id="oc-241">
         <name>.text</name>
         <load_address>0x742a</load_address>
         <run_address>0x742a</run_address>
         <size>0x44</size>
         <input_file_ref idref="fl-e0"/>
      </object_component>
      <object_component id="oc-2a8">
         <name>.text</name>
         <load_address>0x746e</load_address>
         <run_address>0x746e</run_address>
         <size>0x40</size>
         <input_file_ref idref="fl-f0"/>
      </object_component>
      <object_component id="oc-17d">
         <name>.text:SSIConfigSetExpClk</name>
         <load_address>0x74ae</load_address>
         <run_address>0x74ae</run_address>
         <size>0x3c</size>
         <input_file_ref idref="fl-17"/>
      </object_component>
      <object_component id="oc-276">
         <name>.text</name>
         <load_address>0x74ea</load_address>
         <run_address>0x74ea</run_address>
         <size>0x2</size>
         <input_file_ref idref="fl-105"/>
      </object_component>
      <object_component id="oc-293">
         <name>.text:SysCtlPeripheralPresent</name>
         <load_address>0x74ec</load_address>
         <run_address>0x74ec</run_address>
         <size>0x38</size>
         <input_file_ref idref="fl-18"/>
      </object_component>
      <object_component id="oc-12d">
         <name>.text</name>
         <load_address>0x7524</load_address>
         <run_address>0x7524</run_address>
         <size>0x38</size>
         <input_file_ref idref="fl-e1"/>
      </object_component>
      <object_component id="oc-b9">
         <name>.text:SysCtlPeripheralEnable</name>
         <load_address>0x755c</load_address>
         <run_address>0x755c</run_address>
         <size>0x34</size>
         <input_file_ref idref="fl-18"/>
      </object_component>
      <object_component id="oc-116">
         <name>.text</name>
         <load_address>0x7590</load_address>
         <run_address>0x7590</run_address>
         <size>0x34</size>
         <input_file_ref idref="fl-ee"/>
      </object_component>
      <object_component id="oc-1a1">
         <name>.text:ADCIntStatus</name>
         <load_address>0x75c4</load_address>
         <run_address>0x75c4</run_address>
         <size>0x2e</size>
         <input_file_ref idref="fl-11"/>
      </object_component>
      <object_component id="oc-397">
         <name>.text</name>
         <load_address>0x75f2</load_address>
         <run_address>0x75f2</run_address>
         <size>0x2e</size>
         <input_file_ref idref="fl-e2"/>
      </object_component>
      <object_component id="oc-31f">
         <name>.text:GPIODirModeSet</name>
         <load_address>0x7620</load_address>
         <run_address>0x7620</run_address>
         <size>0x2a</size>
         <input_file_ref idref="fl-13"/>
      </object_component>
      <object_component id="oc-1f8">
         <name>.text:PWMGenConfigure</name>
         <load_address>0x764a</load_address>
         <run_address>0x764a</run_address>
         <size>0x22</size>
         <input_file_ref idref="fl-16"/>
      </object_component>
      <object_component id="oc-328">
         <name>.text:UARTDisable</name>
         <load_address>0x766c</load_address>
         <run_address>0x766c</run_address>
         <size>0x20</size>
         <input_file_ref idref="fl-1a"/>
      </object_component>
      <object_component id="oc-408">
         <name>.text:_SysCtlMemTimingGet</name>
         <load_address>0x768c</load_address>
         <run_address>0x768c</run_address>
         <size>0x20</size>
         <input_file_ref idref="fl-18"/>
      </object_component>
      <object_component id="oc-1a7">
         <name>.text:ADCSequenceDataGet</name>
         <load_address>0x76ac</load_address>
         <run_address>0x76ac</run_address>
         <size>0x1e</size>
         <input_file_ref idref="fl-11"/>
      </object_component>
      <object_component id="oc-1d1">
         <name>.text:PWMPulseWidthSet</name>
         <load_address>0x76ca</load_address>
         <run_address>0x76ca</run_address>
         <size>0x1e</size>
         <input_file_ref idref="fl-16"/>
      </object_component>
      <object_component id="oc-449">
         <name>.text</name>
         <load_address>0x76e8</load_address>
         <run_address>0x76e8</run_address>
         <size>0x1c</size>
         <input_file_ref idref="fl-100"/>
      </object_component>
      <object_component id="oc-19b">
         <name>.text:ADCProcessorTrigger</name>
         <load_address>0x7704</load_address>
         <run_address>0x7704</run_address>
         <size>0x18</size>
         <input_file_ref idref="fl-11"/>
      </object_component>
      <object_component id="oc-1b3">
         <name>.text:GPIOPinTypeGPIOOutput</name>
         <load_address>0x771c</load_address>
         <run_address>0x771c</run_address>
         <size>0x18</size>
         <input_file_ref idref="fl-13"/>
      </object_component>
      <object_component id="oc-71">
         <name>.text</name>
         <load_address>0x7734</load_address>
         <run_address>0x7734</run_address>
         <size>0x18</size>
         <input_file_ref idref="fl-f4"/>
      </object_component>
      <object_component id="oc-443">
         <name>.text</name>
         <load_address>0x774c</load_address>
         <run_address>0x774c</run_address>
         <size>0x16</size>
         <input_file_ref idref="fl-106"/>
      </object_component>
      <object_component id="oc-d7">
         <name>.text:UARTEnable</name>
         <load_address>0x7762</load_address>
         <run_address>0x7762</run_address>
         <size>0x14</size>
         <input_file_ref idref="fl-1a"/>
      </object_component>
      <object_component id="oc-3de">
         <name>.text</name>
         <load_address>0x7778</load_address>
         <run_address>0x7778</run_address>
         <size>0x14</size>
         <input_file_ref idref="fl-f2"/>
      </object_component>
      <object_component id="oc-4ac">
         <name>.text</name>
         <load_address>0x778c</load_address>
         <run_address>0x778c</run_address>
         <size>0x14</size>
         <input_file_ref idref="fl-101"/>
      </object_component>
      <object_component id="oc-42c">
         <name>.text</name>
         <load_address>0x77a0</load_address>
         <run_address>0x77a0</run_address>
         <size>0x14</size>
         <input_file_ref idref="fl-107"/>
      </object_component>
      <object_component id="oc-138">
         <name>.text:GPIOPinTypeADC</name>
         <load_address>0x77b4</load_address>
         <run_address>0x77b4</run_address>
         <size>0x12</size>
         <input_file_ref idref="fl-13"/>
      </object_component>
      <object_component id="oc-1da">
         <name>.text:GPIOPinTypeGPIOInput</name>
         <load_address>0x77c6</load_address>
         <run_address>0x77c6</run_address>
         <size>0x12</size>
         <input_file_ref idref="fl-13"/>
      </object_component>
      <object_component id="oc-30b">
         <name>.text:GPIOPinTypeI2C</name>
         <load_address>0x77d8</load_address>
         <run_address>0x77d8</run_address>
         <size>0x12</size>
         <input_file_ref idref="fl-13"/>
      </object_component>
      <object_component id="oc-305">
         <name>.text:GPIOPinTypeI2CSCL</name>
         <load_address>0x77ea</load_address>
         <run_address>0x77ea</run_address>
         <size>0x12</size>
         <input_file_ref idref="fl-13"/>
      </object_component>
      <object_component id="oc-1f2">
         <name>.text:GPIOPinTypePWM</name>
         <load_address>0x77fc</load_address>
         <run_address>0x77fc</run_address>
         <size>0x12</size>
         <input_file_ref idref="fl-13"/>
      </object_component>
      <object_component id="oc-171">
         <name>.text:GPIOPinTypeSSI</name>
         <load_address>0x780e</load_address>
         <run_address>0x780e</run_address>
         <size>0x12</size>
         <input_file_ref idref="fl-13"/>
      </object_component>
      <object_component id="oc-1bf">
         <name>.text:GPIOPinTypeTimer</name>
         <load_address>0x7820</load_address>
         <run_address>0x7820</run_address>
         <size>0x12</size>
         <input_file_ref idref="fl-13"/>
      </object_component>
      <object_component id="oc-c5">
         <name>.text:GPIOPinTypeUART</name>
         <load_address>0x7832</load_address>
         <run_address>0x7832</run_address>
         <size>0x12</size>
         <input_file_ref idref="fl-13"/>
      </object_component>
      <object_component id="oc-1fe">
         <name>.text:PWMOutputState</name>
         <load_address>0x7844</load_address>
         <run_address>0x7844</run_address>
         <size>0x12</size>
         <input_file_ref idref="fl-16"/>
      </object_component>
      <object_component id="oc-189">
         <name>.text:SSIDataGetNonBlocking</name>
         <load_address>0x7856</load_address>
         <run_address>0x7856</run_address>
         <size>0x12</size>
         <input_file_ref idref="fl-17"/>
      </object_component>
      <object_component id="oc-15c">
         <name>.text:TimerLoadSet</name>
         <load_address>0x7868</load_address>
         <run_address>0x7868</run_address>
         <size>0x12</size>
         <input_file_ref idref="fl-19"/>
      </object_component>
      <object_component id="oc-1c5">
         <name>.text:TimerMatchSet</name>
         <load_address>0x787a</load_address>
         <run_address>0x787a</run_address>
         <size>0x12</size>
         <input_file_ref idref="fl-19"/>
      </object_component>
      <object_component id="oc-11c">
         <name>.text</name>
         <load_address>0x788c</load_address>
         <run_address>0x788c</run_address>
         <size>0x12</size>
         <input_file_ref idref="fl-d1"/>
      </object_component>
      <object_component id="oc-82">
         <name>.text:FPULazyStackingEnable</name>
         <load_address>0x78a0</load_address>
         <run_address>0x78a0</run_address>
         <size>0x10</size>
         <input_file_ref idref="fl-12"/>
      </object_component>
      <object_component id="oc-e9">
         <name>.text:IntMasterEnable</name>
         <load_address>0x78b0</load_address>
         <run_address>0x78b0</run_address>
         <size>0x10</size>
         <input_file_ref idref="fl-15"/>
      </object_component>
      <object_component id="oc-1cb">
         <name>.text:PWMGenPeriodSet</name>
         <load_address>0x78c0</load_address>
         <run_address>0x78c0</run_address>
         <size>0x10</size>
         <input_file_ref idref="fl-16"/>
      </object_component>
      <object_component id="oc-14a">
         <name>.text:ADCSequenceEnable</name>
         <load_address>0x78d0</load_address>
         <run_address>0x78d0</run_address>
         <size>0xe</size>
         <input_file_ref idref="fl-11"/>
      </object_component>
      <object_component id="oc-1e0">
         <name>.text:GPIOIntStatus</name>
         <load_address>0x78de</load_address>
         <run_address>0x78de</run_address>
         <size>0xe</size>
         <input_file_ref idref="fl-13"/>
      </object_component>
      <object_component id="oc-168">
         <name>.text:TimerEnable</name>
         <load_address>0x78ec</load_address>
         <run_address>0x78ec</run_address>
         <size>0xe</size>
         <input_file_ref idref="fl-19"/>
      </object_component>
      <object_component id="oc-110">
         <name>.text:UARTCharGetNonBlocking</name>
         <load_address>0x78fa</load_address>
         <run_address>0x78fa</run_address>
         <size>0xe</size>
         <input_file_ref idref="fl-1a"/>
      </object_component>
      <object_component id="oc-132">
         <name>.text:UARTCharsAvail</name>
         <load_address>0x7908</load_address>
         <run_address>0x7908</run_address>
         <size>0xe</size>
         <input_file_ref idref="fl-1a"/>
      </object_component>
      <object_component id="oc-12">
         <name>.text:decompress:none</name>
         <load_address>0x7916</load_address>
         <run_address>0x7916</run_address>
         <size>0xe</size>
         <input_file_ref idref="fl-d3"/>
      </object_component>
      <object_component id="oc-336">
         <name>.text:CPUcpsie</name>
         <load_address>0x7924</load_address>
         <run_address>0x7924</run_address>
         <size>0xc</size>
         <input_file_ref idref="fl-1b"/>
      </object_component>
      <object_component id="oc-2ce">
         <name>.text:GPIOIntEnable</name>
         <load_address>0x7930</load_address>
         <run_address>0x7930</run_address>
         <size>0xc</size>
         <input_file_ref idref="fl-13"/>
      </object_component>
      <object_component id="oc-204">
         <name>.text:PWMGenEnable</name>
         <load_address>0x793c</load_address>
         <run_address>0x793c</run_address>
         <size>0xc</size>
         <input_file_ref idref="fl-16"/>
      </object_component>
      <object_component id="oc-2b">
         <name>.text</name>
         <load_address>0x7948</load_address>
         <run_address>0x7948</run_address>
         <size>0xc</size>
         <input_file_ref idref="fl-7"/>
      </object_component>
      <object_component id="oc-150">
         <name>.text:ADCIntClear</name>
         <load_address>0x7954</load_address>
         <run_address>0x7954</run_address>
         <size>0xa</size>
         <input_file_ref idref="fl-11"/>
      </object_component>
      <object_component id="oc-471">
         <name>.text:I2CMasterEnable</name>
         <load_address>0x795e</load_address>
         <run_address>0x795e</run_address>
         <size>0xa</size>
         <input_file_ref idref="fl-14"/>
      </object_component>
      <object_component id="oc-18f">
         <name>.text:SSIDataPut</name>
         <load_address>0x7968</load_address>
         <run_address>0x7968</run_address>
         <size>0xa</size>
         <input_file_ref idref="fl-17"/>
      </object_component>
      <object_component id="oc-183">
         <name>.text:SSIEnable</name>
         <load_address>0x7972</load_address>
         <run_address>0x7972</run_address>
         <size>0xa</size>
         <input_file_ref idref="fl-17"/>
      </object_component>
      <object_component id="oc-299">
         <name>.text:UARTCharGet</name>
         <load_address>0x797c</load_address>
         <run_address>0x797c</run_address>
         <size>0xa</size>
         <input_file_ref idref="fl-1a"/>
      </object_component>
      <object_component id="oc-f5">
         <name>.text:UARTCharPut</name>
         <load_address>0x7986</load_address>
         <run_address>0x7986</run_address>
         <size>0xa</size>
         <input_file_ref idref="fl-1a"/>
      </object_component>
      <object_component id="oc-fe">
         <name>.text:UARTIntStatus</name>
         <load_address>0x7990</load_address>
         <run_address>0x7990</run_address>
         <size>0xa</size>
         <input_file_ref idref="fl-1a"/>
      </object_component>
      <object_component id="oc-2e7">
         <name>.text:I2CMasterBusy</name>
         <load_address>0x799a</load_address>
         <run_address>0x799a</run_address>
         <size>0x8</size>
         <input_file_ref idref="fl-14"/>
      </object_component>
      <object_component id="oc-2e1">
         <name>.text:I2CMasterSlaveAddrSet</name>
         <load_address>0x79a2</load_address>
         <run_address>0x79a2</run_address>
         <size>0x8</size>
         <input_file_ref idref="fl-14"/>
      </object_component>
      <object_component id="oc-195">
         <name>.text:SSIBusy</name>
         <load_address>0x79aa</load_address>
         <run_address>0x79aa</run_address>
         <size>0x8</size>
         <input_file_ref idref="fl-17"/>
      </object_component>
      <object_component id="oc-162">
         <name>.text:TimerIntEnable</name>
         <load_address>0x79b2</load_address>
         <run_address>0x79b2</run_address>
         <size>0x8</size>
         <input_file_ref idref="fl-19"/>
      </object_component>
      <object_component id="oc-ef">
         <name>.text:UARTBusy</name>
         <load_address>0x79ba</load_address>
         <run_address>0x79ba</run_address>
         <size>0x8</size>
         <input_file_ref idref="fl-1a"/>
      </object_component>
      <object_component id="oc-e3">
         <name>.text:UARTIntEnable</name>
         <load_address>0x79c2</load_address>
         <run_address>0x79c2</run_address>
         <size>0x8</size>
         <input_file_ref idref="fl-1a"/>
      </object_component>
      <object_component id="oc-1ec">
         <name>.text:GPIOIntClear</name>
         <load_address>0x79ca</load_address>
         <run_address>0x79ca</run_address>
         <size>0x6</size>
         <input_file_ref idref="fl-13"/>
      </object_component>
      <object_component id="oc-1e6">
         <name>.text:GPIOPinRead</name>
         <load_address>0x79d0</load_address>
         <run_address>0x79d0</run_address>
         <size>0x6</size>
         <input_file_ref idref="fl-13"/>
      </object_component>
      <object_component id="oc-1b9">
         <name>.text:GPIOPinWrite</name>
         <load_address>0x79d6</load_address>
         <run_address>0x79d6</run_address>
         <size>0x6</size>
         <input_file_ref idref="fl-13"/>
      </object_component>
      <object_component id="oc-10a">
         <name>.text:PWMGenIntClear</name>
         <load_address>0x79dc</load_address>
         <run_address>0x79dc</run_address>
         <size>0x6</size>
         <input_file_ref idref="fl-16"/>
      </object_component>
      <object_component id="oc-9a">
         <name>.text:SysCtlDelay</name>
         <load_address>0x79e2</load_address>
         <run_address>0x79e2</run_address>
         <size>0x6</size>
         <input_file_ref idref="fl-18"/>
      </object_component>
      <object_component id="oc-cb">
         <name>.text:UARTClockSourceSet</name>
         <load_address>0x79e8</load_address>
         <run_address>0x79e8</run_address>
         <size>0x6</size>
         <input_file_ref idref="fl-1a"/>
      </object_component>
      <object_component id="oc-18">
         <name>.text:decompress:rle24</name>
         <load_address>0x79ee</load_address>
         <run_address>0x79ee</run_address>
         <size>0x6</size>
         <input_file_ref idref="fl-d4"/>
      </object_component>
      <object_component id="oc-2f3">
         <name>.text:I2CMasterControl</name>
         <load_address>0x79f4</load_address>
         <run_address>0x79f4</run_address>
         <size>0x4</size>
         <input_file_ref idref="fl-14"/>
      </object_component>
      <object_component id="oc-2f9">
         <name>.text:I2CMasterDataGet</name>
         <load_address>0x79f8</load_address>
         <run_address>0x79f8</run_address>
         <size>0x4</size>
         <input_file_ref idref="fl-14"/>
      </object_component>
      <object_component id="oc-2ed">
         <name>.text:I2CMasterDataPut</name>
         <load_address>0x79fc</load_address>
         <run_address>0x79fc</run_address>
         <size>0x4</size>
         <input_file_ref idref="fl-14"/>
      </object_component>
      <object_component id="oc-1ad">
         <name>.text:TimerIntClear</name>
         <load_address>0x7a00</load_address>
         <run_address>0x7a00</run_address>
         <size>0x4</size>
         <input_file_ref idref="fl-19"/>
      </object_component>
      <object_component id="oc-104">
         <name>.text:UARTIntClear</name>
         <load_address>0x7a04</load_address>
         <run_address>0x7a04</run_address>
         <size>0x4</size>
         <input_file_ref idref="fl-1a"/>
      </object_component>
      <object_component id="oc-65">
         <name>.text</name>
         <load_address>0x7a08</load_address>
         <run_address>0x7a08</run_address>
         <size>0x4</size>
         <input_file_ref idref="fl-e6"/>
      </object_component>
      <object_component id="oc-414">
         <name>.const:g_pppui32XTALtoVCO</name>
         <load_address>0x7a10</load_address>
         <run_address>0x7a10</run_address>
         <size>0x1b0</size>
         <input_file_ref idref="fl-18"/>
      </object_component>
      <object_component id="oc-490">
         <name>.const:.string:_ctypes_</name>
         <load_address>0x7bc0</load_address>
         <run_address>0x7bc0</run_address>
         <size>0x101</size>
         <input_file_ref idref="fl-f8"/>
      </object_component>
      <object_component id="oc-2ad">
         <name>.const</name>
         <load_address>0x7cc4</load_address>
         <run_address>0x7cc4</run_address>
         <size>0x4</size>
         <input_file_ref idref="fl-8"/>
      </object_component>
      <object_component id="oc-493">
         <name>.const:$O1$$</name>
         <load_address>0x7cc8</load_address>
         <run_address>0x7cc8</run_address>
         <size>0x98</size>
         <input_file_ref idref="fl-ef"/>
      </object_component>
      <object_component id="oc-31a">
         <name>.const:g_pui32GPIOBaseAddrs</name>
         <load_address>0x7d60</load_address>
         <run_address>0x7d60</run_address>
         <size>0x90</size>
         <input_file_ref idref="fl-13"/>
      </object_component>
      <object_component id="oc-330">
         <name>.const</name>
         <load_address>0x7df0</load_address>
         <run_address>0x7df0</run_address>
         <size>0x70</size>
         <input_file_ref idref="fl-15"/>
      </object_component>
      <object_component id="oc-28f">
         <name>.const:g_pui32Xtals</name>
         <load_address>0x7e60</load_address>
         <run_address>0x7e60</run_address>
         <size>0x6c</size>
         <input_file_ref idref="fl-18"/>
      </object_component>
      <object_component id="oc-3ab">
         <name>.const:$O1$$</name>
         <load_address>0x7ed0</load_address>
         <run_address>0x7ed0</run_address>
         <size>0x30</size>
         <input_file_ref idref="fl-d7"/>
      </object_component>
      <object_component id="oc-228">
         <name>.const:$P$T0$1</name>
         <load_address>0x7f00</load_address>
         <run_address>0x7f00</run_address>
         <size>0x30</size>
         <input_file_ref idref="fl-6"/>
      </object_component>
      <object_component id="oc-22b">
         <name>.const:$P$T1$2</name>
         <load_address>0x7f30</load_address>
         <run_address>0x7f30</run_address>
         <size>0x30</size>
         <input_file_ref idref="fl-6"/>
      </object_component>
      <object_component id="oc-4c8">
         <name>.const:g_sXTALtoMEMTIM</name>
         <load_address>0x7f60</load_address>
         <run_address>0x7f60</run_address>
         <size>0x30</size>
         <input_file_ref idref="fl-18"/>
      </object_component>
      <object_component id="oc-22e">
         <name>.const:$P$T2$3</name>
         <load_address>0x7f90</load_address>
         <run_address>0x7f90</run_address>
         <size>0x28</size>
         <input_file_ref idref="fl-6"/>
      </object_component>
      <object_component id="oc-234">
         <name>.const:$P$T4$5</name>
         <load_address>0x7fb8</load_address>
         <run_address>0x7fb8</run_address>
         <size>0x20</size>
         <input_file_ref idref="fl-6"/>
      </object_component>
      <object_component id="oc-231">
         <name>.const:$P$T3$4</name>
         <load_address>0x7fd8</load_address>
         <run_address>0x7fd8</run_address>
         <size>0x18</size>
         <input_file_ref idref="fl-6"/>
      </object_component>
      <object_component id="oc-402">
         <name>.const:.string</name>
         <load_address>0x7ff0</load_address>
         <run_address>0x7ff0</run_address>
         <size>0x12</size>
         <input_file_ref idref="fl-8"/>
      </object_component>
      <object_component id="oc-2a5">
         <name>.const:g_ui32UARTBase</name>
         <load_address>0x8004</load_address>
         <run_address>0x8004</run_address>
         <size>0xc</size>
         <input_file_ref idref="fl-8"/>
      </object_component>
      <object_component id="oc-29f">
         <name>.const:g_ui32UARTPeriph</name>
         <load_address>0x8010</load_address>
         <run_address>0x8010</run_address>
         <size>0xc</size>
         <input_file_ref idref="fl-8"/>
      </object_component>
      <object_component id="oc-417">
         <name>.const</name>
         <load_address>0x801c</load_address>
         <run_address>0x801c</run_address>
         <size>0x8</size>
         <input_file_ref idref="fl-18"/>
      </object_component>
      <object_component id="oc-528">
         <name>.cinit..data.load</name>
         <load_address>0x8028</load_address>
         <run_address>0x8028</run_address>
         <size>0xf76</size>
      </object_component>
      <object_component id="oc-529">
         <name>.cinit..bss.load</name>
         <load_address>0x8fa0</load_address>
         <run_address>0x8fa0</run_address>
         <size>0x9</size>
      </object_component>
      <object_component id="oc-526">
         <name>__TI_handler_table</name>
         <load_address>0x8fac</load_address>
         <run_address>0x8fac</run_address>
         <size>0x8</size>
      </object_component>
      <object_component id="oc-527">
         <name>__TI_cinit_table</name>
         <load_address>0x8fb4</load_address>
         <run_address>0x8fb4</run_address>
         <size>0x10</size>
      </object_component>
      <object_component id="oc-2d4">
         <name>.data</name>
         <load_address>0x20001258</load_address>
         <run_address>0x20001258</run_address>
         <size>0x4</size>
         <input_file_ref idref="fl-3"/>
      </object_component>
      <object_component id="oc-fb">
         <name>.data</name>
         <load_address>0x20001178</load_address>
         <run_address>0x20001178</run_address>
         <size>0xbc</size>
         <input_file_ref idref="fl-6"/>
      </object_component>
      <object_component id="oc-246">
         <name>.data:SalTemp2DoWeiss</name>
         <load_address>0x20000000</load_address>
         <run_address>0x20000000</run_address>
         <size>0xb88</size>
         <input_file_ref idref="fl-6"/>
      </object_component>
      <object_component id="oc-2a2">
         <name>.data</name>
         <load_address>0x20001250</load_address>
         <run_address>0x20001250</run_address>
         <size>0x5</size>
         <input_file_ref idref="fl-8"/>
      </object_component>
      <object_component id="oc-2bf">
         <name>.data</name>
         <load_address>0x20001248</load_address>
         <run_address>0x20001248</run_address>
         <size>0x8</size>
         <input_file_ref idref="fl-a"/>
      </object_component>
      <object_component id="oc-2c2">
         <name>.data:asc2_1608</name>
         <load_address>0x20000b88</load_address>
         <run_address>0x20000b88</run_address>
         <size>0x5f0</size>
         <input_file_ref idref="fl-a"/>
      </object_component>
      <object_component id="oc-39c">
         <name>.data</name>
         <load_address>0x2000125c</load_address>
         <run_address>0x2000125c</run_address>
         <size>0x4</size>
         <input_file_ref idref="fl-d9"/>
      </object_component>
      <object_component id="oc-280">
         <name>.data:$O1$$</name>
         <load_address>0x20001234</load_address>
         <run_address>0x20001234</run_address>
         <size>0xc</size>
         <input_file_ref idref="fl-da"/>
      </object_component>
      <object_component id="oc-7d">
         <name>.data</name>
         <load_address>0x20001260</load_address>
         <run_address>0x20001260</run_address>
         <size>0x4</size>
         <input_file_ref idref="fl-ed"/>
      </object_component>
      <object_component id="oc-283">
         <name>.data:$O1$$</name>
         <load_address>0x20001240</load_address>
         <run_address>0x20001240</run_address>
         <size>0x8</size>
         <input_file_ref idref="fl-f2"/>
      </object_component>
      <object_component id="oc-1d7">
         <name>.bss:receivedStr</name>
         <uninitialized>true</uninitialized>
         <run_address>0x20001a64</run_address>
         <size>0x64</size>
         <input_file_ref idref="fl-6"/>
      </object_component>
      <object_component id="oc-16e">
         <name>.common:Time_Str</name>
         <uninitialized>true</uninitialized>
         <run_address>0x20001ac8</run_address>
         <size>0x34</size>
      </object_component>
      <object_component id="oc-219">
         <name>.common:Temp_Str</name>
         <uninitialized>true</uninitialized>
         <run_address>0x20001b24</run_address>
         <size>0x14</size>
      </object_component>
      <object_component id="oc-21a">
         <name>.common:Res_Str</name>
         <uninitialized>true</uninitialized>
         <run_address>0x20001b10</run_address>
         <size>0x14</size>
      </object_component>
      <object_component id="oc-21b">
         <name>.common:ADC_mV_Str</name>
         <uninitialized>true</uninitialized>
         <run_address>0x20001afc</run_address>
         <size>0x14</size>
      </object_component>
      <object_component id="oc-2bd">
         <name>.common:BACK_COLOR</name>
         <uninitialized>true</uninitialized>
         <run_address>0x20001b38</run_address>
         <size>0x4</size>
      </object_component>
      <object_component id="oc-2be">
         <name>.common:POINT_COLOR</name>
         <uninitialized>true</uninitialized>
         <run_address>0x20001b3c</run_address>
         <size>0x4</size>
      </object_component>
      <object_component id="oc-2a">
         <name>.stack</name>
         <uninitialized>true</uninitialized>
         <run_address>0x20001264</run_address>
         <size>0x0</size>
         <input_file_ref idref="fl-d2"/>
      </object_component>
      <object_component id="oc-52a">
         <name>.stack</name>
         <uninitialized>true</uninitialized>
         <run_address>0x20001264</run_address>
         <size>0x0</size>
      </object_component>
      <object_component id="oc-407">
         <name>.debug_info</name>
         <load_address>0x0</load_address>
         <run_address>0x0</run_address>
         <size>0x322</size>
         <input_file_ref idref="fl-2"/>
      </object_component>
      <object_component id="oc-8f">
         <name>.debug_info</name>
         <load_address>0x322</load_address>
         <run_address>0x322</run_address>
         <size>0x74c</size>
         <input_file_ref idref="fl-2"/>
      </object_component>
      <object_component id="oc-24a">
         <name>.debug_info</name>
         <load_address>0xa6e</load_address>
         <run_address>0xa6e</run_address>
         <size>0x8b</size>
         <input_file_ref idref="fl-2"/>
      </object_component>
      <object_component id="oc-24f">
         <name>.debug_info</name>
         <load_address>0xaf9</load_address>
         <run_address>0xaf9</run_address>
         <size>0x18b</size>
         <input_file_ref idref="fl-2"/>
      </object_component>
      <object_component id="oc-2b2">
         <name>.debug_info</name>
         <load_address>0xc84</load_address>
         <run_address>0xc84</run_address>
         <size>0x4e</size>
         <input_file_ref idref="fl-2"/>
      </object_component>
      <object_component id="oc-2d8">
         <name>.debug_info</name>
         <load_address>0xcd2</load_address>
         <run_address>0xcd2</run_address>
         <size>0x36b</size>
         <input_file_ref idref="fl-3"/>
      </object_component>
      <object_component id="oc-2d5">
         <name>.debug_info</name>
         <load_address>0x103d</load_address>
         <run_address>0x103d</run_address>
         <size>0xc8</size>
         <input_file_ref idref="fl-3"/>
      </object_component>
      <object_component id="oc-a8">
         <name>.debug_info</name>
         <load_address>0x1105</load_address>
         <run_address>0x1105</run_address>
         <size>0x1233</size>
         <input_file_ref idref="fl-3"/>
      </object_component>
      <object_component id="oc-373">
         <name>.debug_info</name>
         <load_address>0x2338</load_address>
         <run_address>0x2338</run_address>
         <size>0x110</size>
         <input_file_ref idref="fl-3"/>
      </object_component>
      <object_component id="oc-341">
         <name>.debug_info</name>
         <load_address>0x2448</load_address>
         <run_address>0x2448</run_address>
         <size>0x3b</size>
         <input_file_ref idref="fl-3"/>
      </object_component>
      <object_component id="oc-318">
         <name>.debug_info</name>
         <load_address>0x2483</load_address>
         <run_address>0x2483</run_address>
         <size>0x428</size>
         <input_file_ref idref="fl-4"/>
      </object_component>
      <object_component id="oc-b5">
         <name>.debug_info</name>
         <load_address>0x28ab</load_address>
         <run_address>0x28ab</run_address>
         <size>0x1612</size>
         <input_file_ref idref="fl-4"/>
      </object_component>
      <object_component id="oc-47a">
         <name>.debug_info</name>
         <load_address>0x3ebd</load_address>
         <run_address>0x3ebd</run_address>
         <size>0xc8</size>
         <input_file_ref idref="fl-4"/>
      </object_component>
      <object_component id="oc-25e">
         <name>.debug_info</name>
         <load_address>0x3f85</load_address>
         <run_address>0x3f85</run_address>
         <size>0x84</size>
         <input_file_ref idref="fl-5"/>
      </object_component>
      <object_component id="oc-16f">
         <name>.debug_info</name>
         <load_address>0x4009</load_address>
         <run_address>0x4009</run_address>
         <size>0x16ce</size>
         <input_file_ref idref="fl-6"/>
      </object_component>
      <object_component id="oc-fc">
         <name>.debug_info</name>
         <load_address>0x56d7</load_address>
         <run_address>0x56d7</run_address>
         <size>0x7e5</size>
         <input_file_ref idref="fl-6"/>
      </object_component>
      <object_component id="oc-1d8">
         <name>.debug_info</name>
         <load_address>0x5ebc</load_address>
         <run_address>0x5ebc</run_address>
         <size>0xdd</size>
         <input_file_ref idref="fl-6"/>
      </object_component>
      <object_component id="oc-247">
         <name>.debug_info</name>
         <load_address>0x5f99</load_address>
         <run_address>0x5f99</run_address>
         <size>0xe6</size>
         <input_file_ref idref="fl-6"/>
      </object_component>
      <object_component id="oc-229">
         <name>.debug_info</name>
         <load_address>0x607f</load_address>
         <run_address>0x607f</run_address>
         <size>0xd6</size>
         <input_file_ref idref="fl-6"/>
      </object_component>
      <object_component id="oc-22c">
         <name>.debug_info</name>
         <load_address>0x6155</load_address>
         <run_address>0x6155</run_address>
         <size>0xd6</size>
         <input_file_ref idref="fl-6"/>
      </object_component>
      <object_component id="oc-22f">
         <name>.debug_info</name>
         <load_address>0x622b</load_address>
         <run_address>0x622b</run_address>
         <size>0xd6</size>
         <input_file_ref idref="fl-6"/>
      </object_component>
      <object_component id="oc-232">
         <name>.debug_info</name>
         <load_address>0x6301</load_address>
         <run_address>0x6301</run_address>
         <size>0xd6</size>
         <input_file_ref idref="fl-6"/>
      </object_component>
      <object_component id="oc-235">
         <name>.debug_info</name>
         <load_address>0x63d7</load_address>
         <run_address>0x63d7</run_address>
         <size>0xd6</size>
         <input_file_ref idref="fl-6"/>
      </object_component>
      <object_component id="oc-32">
         <name>.debug_info</name>
         <load_address>0x64ad</load_address>
         <run_address>0x64ad</run_address>
         <size>0x34cb</size>
         <input_file_ref idref="fl-6"/>
      </object_component>
      <object_component id="oc-36e">
         <name>.debug_info</name>
         <load_address>0x9978</load_address>
         <run_address>0x9978</run_address>
         <size>0x6bd</size>
         <input_file_ref idref="fl-6"/>
      </object_component>
      <object_component id="oc-39">
         <name>.debug_info</name>
         <load_address>0xa035</load_address>
         <run_address>0xa035</run_address>
         <size>0x1ca</size>
         <input_file_ref idref="fl-7"/>
      </object_component>
      <object_component id="oc-10">
         <name>.debug_info</name>
         <load_address>0xa1ff</load_address>
         <run_address>0xa1ff</run_address>
         <size>0xe9</size>
         <input_file_ref idref="fl-7"/>
      </object_component>
      <object_component id="oc-2c">
         <name>.debug_info</name>
         <load_address>0xa2e8</load_address>
         <run_address>0xa2e8</run_address>
         <size>0x265</size>
         <input_file_ref idref="fl-7"/>
      </object_component>
      <object_component id="oc-2b1">
         <name>.debug_info</name>
         <load_address>0xa54d</load_address>
         <run_address>0xa54d</run_address>
         <size>0x238</size>
         <input_file_ref idref="fl-8"/>
      </object_component>
      <object_component id="oc-2a3">
         <name>.debug_info</name>
         <load_address>0xa785</load_address>
         <run_address>0xa785</run_address>
         <size>0xd5</size>
         <input_file_ref idref="fl-8"/>
      </object_component>
      <object_component id="oc-2ae">
         <name>.debug_info</name>
         <load_address>0xa85a</load_address>
         <run_address>0xa85a</run_address>
         <size>0xcf</size>
         <input_file_ref idref="fl-8"/>
      </object_component>
      <object_component id="oc-2a6">
         <name>.debug_info</name>
         <load_address>0xa929</load_address>
         <run_address>0xa929</run_address>
         <size>0xdd</size>
         <input_file_ref idref="fl-8"/>
      </object_component>
      <object_component id="oc-2a0">
         <name>.debug_info</name>
         <load_address>0xaa06</load_address>
         <run_address>0xaa06</run_address>
         <size>0xe1</size>
         <input_file_ref idref="fl-8"/>
      </object_component>
      <object_component id="oc-9d">
         <name>.debug_info</name>
         <load_address>0xaae7</load_address>
         <run_address>0xaae7</run_address>
         <size>0x77e</size>
         <input_file_ref idref="fl-8"/>
      </object_component>
      <object_component id="oc-2c6">
         <name>.debug_info</name>
         <load_address>0xb265</load_address>
         <run_address>0xb265</run_address>
         <size>0x42a</size>
         <input_file_ref idref="fl-a"/>
      </object_component>
      <object_component id="oc-2c0">
         <name>.debug_info</name>
         <load_address>0xb68f</load_address>
         <run_address>0xb68f</run_address>
         <size>0x115</size>
         <input_file_ref idref="fl-a"/>
      </object_component>
      <object_component id="oc-2c3">
         <name>.debug_info</name>
         <load_address>0xb7a4</load_address>
         <run_address>0xb7a4</run_address>
         <size>0xe3</size>
         <input_file_ref idref="fl-a"/>
      </object_component>
      <object_component id="oc-a4">
         <name>.debug_info</name>
         <load_address>0xb887</load_address>
         <run_address>0xb887</run_address>
         <size>0x1f5e</size>
         <input_file_ref idref="fl-a"/>
      </object_component>
      <object_component id="oc-362">
         <name>.debug_info</name>
         <load_address>0xd7e5</load_address>
         <run_address>0xd7e5</run_address>
         <size>0x23d</size>
         <input_file_ref idref="fl-11"/>
      </object_component>
      <object_component id="oc-145">
         <name>.debug_info</name>
         <load_address>0xda22</load_address>
         <run_address>0xda22</run_address>
         <size>0x333</size>
         <input_file_ref idref="fl-11"/>
      </object_component>
      <object_component id="oc-14b">
         <name>.debug_info</name>
         <load_address>0xdd55</load_address>
         <run_address>0xdd55</run_address>
         <size>0x2a0</size>
         <input_file_ref idref="fl-11"/>
      </object_component>
      <object_component id="oc-1a8">
         <name>.debug_info</name>
         <load_address>0xdff5</load_address>
         <run_address>0xdff5</run_address>
         <size>0x2ff</size>
         <input_file_ref idref="fl-11"/>
      </object_component>
      <object_component id="oc-13f">
         <name>.debug_info</name>
         <load_address>0xe2f4</load_address>
         <run_address>0xe2f4</run_address>
         <size>0x326</size>
         <input_file_ref idref="fl-11"/>
      </object_component>
      <object_component id="oc-19c">
         <name>.debug_info</name>
         <load_address>0xe61a</load_address>
         <run_address>0xe61a</run_address>
         <size>0x2a4</size>
         <input_file_ref idref="fl-11"/>
      </object_component>
      <object_component id="oc-1a2">
         <name>.debug_info</name>
         <load_address>0xe8be</load_address>
         <run_address>0xe8be</run_address>
         <size>0x2e7</size>
         <input_file_ref idref="fl-11"/>
      </object_component>
      <object_component id="oc-151">
         <name>.debug_info</name>
         <load_address>0xeba5</load_address>
         <run_address>0xeba5</run_address>
         <size>0x294</size>
         <input_file_ref idref="fl-11"/>
      </object_component>
      <object_component id="oc-83">
         <name>.debug_info</name>
         <load_address>0xee39</load_address>
         <run_address>0xee39</run_address>
         <size>0x225</size>
         <input_file_ref idref="fl-12"/>
      </object_component>
      <object_component id="oc-31e">
         <name>.debug_info</name>
         <load_address>0xf05e</load_address>
         <run_address>0xf05e</run_address>
         <size>0x230</size>
         <input_file_ref idref="fl-13"/>
      </object_component>
      <object_component id="oc-31b">
         <name>.debug_info</name>
         <load_address>0xf28e</load_address>
         <run_address>0xf28e</run_address>
         <size>0x15b</size>
         <input_file_ref idref="fl-13"/>
      </object_component>
      <object_component id="oc-1bd">
         <name>.debug_info</name>
         <load_address>0xf3e9</load_address>
         <run_address>0xf3e9</run_address>
         <size>0x2a3</size>
         <input_file_ref idref="fl-13"/>
      </object_component>
      <object_component id="oc-323">
         <name>.debug_info</name>
         <load_address>0xf68c</load_address>
         <run_address>0xf68c</run_address>
         <size>0x2b3</size>
         <input_file_ref idref="fl-13"/>
      </object_component>
      <object_component id="oc-17b">
         <name>.debug_info</name>
         <load_address>0xf93f</load_address>
         <run_address>0xf93f</run_address>
         <size>0x316</size>
         <input_file_ref idref="fl-13"/>
      </object_component>
      <object_component id="oc-c9">
         <name>.debug_info</name>
         <load_address>0xfc55</load_address>
         <run_address>0xfc55</run_address>
         <size>0x27b</size>
         <input_file_ref idref="fl-13"/>
      </object_component>
      <object_component id="oc-1c3">
         <name>.debug_info</name>
         <load_address>0xfed0</load_address>
         <run_address>0xfed0</run_address>
         <size>0x27d</size>
         <input_file_ref idref="fl-13"/>
      </object_component>
      <object_component id="oc-175">
         <name>.debug_info</name>
         <load_address>0x1014d</load_address>
         <run_address>0x1014d</run_address>
         <size>0x279</size>
         <input_file_ref idref="fl-13"/>
      </object_component>
      <object_component id="oc-1f6">
         <name>.debug_info</name>
         <load_address>0x103c6</load_address>
         <run_address>0x103c6</run_address>
         <size>0x279</size>
         <input_file_ref idref="fl-13"/>
      </object_component>
      <object_component id="oc-309">
         <name>.debug_info</name>
         <load_address>0x1063f</load_address>
         <run_address>0x1063f</run_address>
         <size>0x27f</size>
         <input_file_ref idref="fl-13"/>
      </object_component>
      <object_component id="oc-30f">
         <name>.debug_info</name>
         <load_address>0x108be</load_address>
         <run_address>0x108be</run_address>
         <size>0x279</size>
         <input_file_ref idref="fl-13"/>
      </object_component>
      <object_component id="oc-1b7">
         <name>.debug_info</name>
         <load_address>0x10b37</load_address>
         <run_address>0x10b37</run_address>
         <size>0x2b7</size>
         <input_file_ref idref="fl-13"/>
      </object_component>
      <object_component id="oc-1de">
         <name>.debug_info</name>
         <load_address>0x10dee</load_address>
         <run_address>0x10dee</run_address>
         <size>0x285</size>
         <input_file_ref idref="fl-13"/>
      </object_component>
      <object_component id="oc-13c">
         <name>.debug_info</name>
         <load_address>0x11073</load_address>
         <run_address>0x11073</run_address>
         <size>0x279</size>
         <input_file_ref idref="fl-13"/>
      </object_component>
      <object_component id="oc-1ea">
         <name>.debug_info</name>
         <load_address>0x112ec</load_address>
         <run_address>0x112ec</run_address>
         <size>0x27b</size>
         <input_file_ref idref="fl-13"/>
      </object_component>
      <object_component id="oc-c3">
         <name>.debug_info</name>
         <load_address>0x11567</load_address>
         <run_address>0x11567</run_address>
         <size>0x280</size>
         <input_file_ref idref="fl-13"/>
      </object_component>
      <object_component id="oc-2cc">
         <name>.debug_info</name>
         <load_address>0x117e7</load_address>
         <run_address>0x117e7</run_address>
         <size>0x2bb</size>
         <input_file_ref idref="fl-13"/>
      </object_component>
      <object_component id="oc-1e4">
         <name>.debug_info</name>
         <load_address>0x11aa2</load_address>
         <run_address>0x11aa2</run_address>
         <size>0x27f</size>
         <input_file_ref idref="fl-13"/>
      </object_component>
      <object_component id="oc-2d2">
         <name>.debug_info</name>
         <load_address>0x11d21</load_address>
         <run_address>0x11d21</run_address>
         <size>0x28f</size>
         <input_file_ref idref="fl-13"/>
      </object_component>
      <object_component id="oc-1f0">
         <name>.debug_info</name>
         <load_address>0x11fb0</load_address>
         <run_address>0x11fb0</run_address>
         <size>0x28d</size>
         <input_file_ref idref="fl-13"/>
      </object_component>
      <object_component id="oc-469">
         <name>.debug_info</name>
         <load_address>0x1223d</load_address>
         <run_address>0x1223d</run_address>
         <size>0x231</size>
         <input_file_ref idref="fl-14"/>
      </object_component>
      <object_component id="oc-2e3">
         <name>.debug_info</name>
         <load_address>0x1246e</load_address>
         <run_address>0x1246e</run_address>
         <size>0x2ce</size>
         <input_file_ref idref="fl-14"/>
      </object_component>
      <object_component id="oc-473">
         <name>.debug_info</name>
         <load_address>0x1273c</load_address>
         <run_address>0x1273c</run_address>
         <size>0x24e</size>
         <input_file_ref idref="fl-14"/>
      </object_component>
      <object_component id="oc-313">
         <name>.debug_info</name>
         <load_address>0x1298a</load_address>
         <run_address>0x1298a</run_address>
         <size>0x2d5</size>
         <input_file_ref idref="fl-14"/>
      </object_component>
      <object_component id="oc-2ef">
         <name>.debug_info</name>
         <load_address>0x12c5f</load_address>
         <run_address>0x12c5f</run_address>
         <size>0x27e</size>
         <input_file_ref idref="fl-14"/>
      </object_component>
      <object_component id="oc-2fb">
         <name>.debug_info</name>
         <load_address>0x12edd</load_address>
         <run_address>0x12edd</run_address>
         <size>0x254</size>
         <input_file_ref idref="fl-14"/>
      </object_component>
      <object_component id="oc-2f5">
         <name>.debug_info</name>
         <load_address>0x13131</load_address>
         <run_address>0x13131</run_address>
         <size>0x27e</size>
         <input_file_ref idref="fl-14"/>
      </object_component>
      <object_component id="oc-2e9">
         <name>.debug_info</name>
         <load_address>0x133af</load_address>
         <run_address>0x133af</run_address>
         <size>0x24e</size>
         <input_file_ref idref="fl-14"/>
      </object_component>
      <object_component id="oc-334">
         <name>.debug_info</name>
         <load_address>0x135fd</load_address>
         <run_address>0x135fd</run_address>
         <size>0x20e</size>
         <input_file_ref idref="fl-15"/>
      </object_component>
      <object_component id="oc-331">
         <name>.debug_info</name>
         <load_address>0x1380b</load_address>
         <run_address>0x1380b</run_address>
         <size>0x210</size>
[...]
      <symbol id="sm-54c">
         <name>GPIOPinTypeTimer</name>
         <value>0x7821</value>
         <object_component_ref idref="oc-1bf"/>
      </symbol>
      <symbol id="sm-58d">
         <name>I2CMasterDataPut</name>
         <value>0x79fd</value>
         <object_component_ref idref="oc-2ed"/>
      </symbol>
      <symbol id="sm-58e">
         <name>I2CMasterInitExpClk</name>
         <value>0x7229</value>
         <object_component_ref idref="oc-311"/>
      </symbol>
      <symbol id="sm-58f">
         <name>I2CMasterSlaveAddrSet</name>
         <value>0x79a3</value>
         <object_component_ref idref="oc-2e1"/>
      </symbol>
      <symbol id="sm-590">
         <name>I2CMasterDataGet</name>
         <value>0x79f9</value>
         <object_component_ref idref="oc-2f9"/>
      </symbol>
      <symbol id="sm-591">
         <name>I2CMasterControl</name>
         <value>0x79f5</value>
         <object_component_ref idref="oc-2f3"/>
      </symbol>
      <symbol id="sm-592">
         <name>I2CMasterBusy</name>
         <value>0x799b</value>
         <object_component_ref idref="oc-2e7"/>
      </symbol>
      <symbol id="sm-593">
         <name>I2CMasterEnable</name>
         <value>0x795f</value>
         <object_component_ref idref="oc-471"/>
      </symbol>
      <symbol id="sm-5c3">
         <name>IntEnable</name>
         <value>0x6ea1</value>
         <object_component_ref idref="oc-dd"/>
      </symbol>
      <symbol id="sm-5c4">
         <name>IntMasterEnable</name>
         <value>0x78b1</value>
         <object_component_ref idref="oc-e9"/>
      </symbol>
      <symbol id="sm-5f9">
         <name>PWMGenPeriodSet</name>
         <value>0x78c1</value>
         <object_component_ref idref="oc-1cb"/>
      </symbol>
      <symbol id="sm-5fa">
         <name>PWMPulseWidthSet</name>
         <value>0x76cb</value>
         <object_component_ref idref="oc-1d1"/>
      </symbol>
      <symbol id="sm-5fb">
         <name>PWMGenIntClear</name>
         <value>0x79dd</value>
         <object_component_ref idref="oc-10a"/>
      </symbol>
      <symbol id="sm-5fc">
         <name>PWMOutputState</name>
         <value>0x7845</value>
         <object_component_ref idref="oc-1fe"/>
      </symbol>
      <symbol id="sm-5fd">
         <name>PWMGenEnable</name>
         <value>0x793d</value>
         <object_component_ref idref="oc-204"/>
      </symbol>
      <symbol id="sm-5fe">
         <name>PWMGenConfigure</name>
         <value>0x764b</value>
         <object_component_ref idref="oc-1f8"/>
      </symbol>
      <symbol id="sm-62e">
         <name>SSIDataPut</name>
         <value>0x7969</value>
         <object_component_ref idref="oc-18f"/>
      </symbol>
      <symbol id="sm-62f">
         <name>SSIDataGetNonBlocking</name>
         <value>0x7857</value>
         <object_component_ref idref="oc-189"/>
      </symbol>
      <symbol id="sm-630">
         <name>SSIConfigSetExpClk</name>
         <value>0x74af</value>
         <object_component_ref idref="oc-17d"/>
      </symbol>
      <symbol id="sm-631">
         <name>SSIEnable</name>
         <value>0x7973</value>
         <object_component_ref idref="oc-183"/>
      </symbol>
      <symbol id="sm-632">
         <name>SSIBusy</name>
         <value>0x79ab</value>
         <object_component_ref idref="oc-195"/>
      </symbol>
      <symbol id="sm-6ed">
         <name>SysCtlPeripheralPresent</name>
         <value>0x74ed</value>
         <object_component_ref idref="oc-293"/>
      </symbol>
      <symbol id="sm-6ee">
         <name>SysCtlClockSet</name>
         <value>0x68d9</value>
         <object_component_ref idref="oc-88"/>
      </symbol>
      <symbol id="sm-6ef">
         <name>SysCtlDelay</name>
         <value>0x79e3</value>
         <object_component_ref idref="oc-9a"/>
      </symbol>
      <symbol id="sm-6f0">
         <name>SysCtlPeripheralEnable</name>
         <value>0x755d</value>
         <object_component_ref idref="oc-b9"/>
      </symbol>
      <symbol id="sm-6f1">
         <name>SysCtlClockGet</name>
         <value>0x65d1</value>
         <object_component_ref idref="oc-94"/>
      </symbol>
      <symbol id="sm-6f2">
         <name>SysCtlClockFreqSet</name>
         <value>0x5e55</value>
         <object_component_ref idref="oc-2b7"/>
      </symbol>
      <symbol id="sm-6f3">
         <name>SysCtlPeripheralReset</name>
         <value>0x71d9</value>
         <object_component_ref idref="oc-2ff"/>
      </symbol>
      <symbol id="sm-72f">
         <name>TimerMatchSet</name>
         <value>0x787b</value>
         <object_component_ref idref="oc-1c5"/>
      </symbol>
      <symbol id="sm-730">
         <name>TimerLoadSet</name>
         <value>0x7869</value>
         <object_component_ref idref="oc-15c"/>
      </symbol>
      <symbol id="sm-731">
         <name>TimerEnable</name>
         <value>0x78ed</value>
         <object_component_ref idref="oc-168"/>
      </symbol>
      <symbol id="sm-732">
         <name>TimerIntEnable</name>
         <value>0x79b3</value>
         <object_component_ref idref="oc-162"/>
      </symbol>
      <symbol id="sm-733">
         <name>TimerConfigure</name>
         <value>0x6f6d</value>
         <object_component_ref idref="oc-156"/>
      </symbol>
      <symbol id="sm-734">
         <name>TimerIntClear</name>
         <value>0x7a01</value>
         <object_component_ref idref="oc-1ad"/>
      </symbol>
      <symbol id="sm-79f">
         <name>UARTConfigSetExpClk</name>
         <value>0x73e5</value>
         <object_component_ref idref="oc-d1"/>
      </symbol>
      <symbol id="sm-7a0">
         <name>UARTDisable</name>
         <value>0x766d</value>
         <object_component_ref idref="oc-328"/>
      </symbol>
      <symbol id="sm-7a1">
         <name>UARTBusy</name>
         <value>0x79bb</value>
         <object_component_ref idref="oc-ef"/>
      </symbol>
      <symbol id="sm-7a2">
         <name>UARTIntEnable</name>
         <value>0x79c3</value>
         <object_component_ref idref="oc-e3"/>
      </symbol>
      <symbol id="sm-7a3">
         <name>UARTCharsAvail</name>
         <value>0x7909</value>
         <object_component_ref idref="oc-132"/>
      </symbol>
      <symbol id="sm-7a4">
         <name>UARTCharGetNonBlocking</name>
         <value>0x78fb</value>
         <object_component_ref idref="oc-110"/>
      </symbol>
      <symbol id="sm-7a5">
         <name>UARTClockSourceSet</name>
         <value>0x79e9</value>
         <object_component_ref idref="oc-cb"/>
      </symbol>
      <symbol id="sm-7a6">
         <name>UARTCharPut</name>
         <value>0x7987</value>
         <object_component_ref idref="oc-f5"/>
      </symbol>
      <symbol id="sm-7a7">
         <name>UARTEnable</name>
         <value>0x7763</value>
         <object_component_ref idref="oc-d7"/>
      </symbol>
      <symbol id="sm-7a8">
         <name>UARTIntClear</name>
         <value>0x7a05</value>
         <object_component_ref idref="oc-104"/>
      </symbol>
      <symbol id="sm-7a9">
         <name>UARTIntStatus</name>
         <value>0x7991</value>
         <object_component_ref idref="oc-fe"/>
      </symbol>
      <symbol id="sm-7aa">
         <name>UARTCharGet</name>
         <value>0x797d</value>
         <object_component_ref idref="oc-299"/>
      </symbol>
      <symbol id="sm-7b4">
         <name>CPUcpsie</name>
         <value>0x7925</value>
         <object_component_ref idref="oc-336"/>
      </symbol>
      <symbol id="sm-7c1">
         <name>atof</name>
         <value>0x788d</value>
         <object_component_ref idref="oc-11c"/>
      </symbol>
      <symbol id="sm-7d2">
         <name>_c_int00</name>
         <value>0x7131</value>
         <object_component_ref idref="oc-24"/>
      </symbol>
      <symbol id="sm-7d3">
         <name>__stack</name>
         <value>0x20001264</value>
         <object_component_ref idref="oc-2a"/>
      </symbol>
      <symbol id="sm-7ea">
         <name>__TI_decompress_none</name>
         <value>0x7917</value>
         <object_component_ref idref="oc-12"/>
      </symbol>
      <symbol id="sm-812">
         <name>__TI_decompress_rle24</name>
         <value>0x79ef</value>
         <object_component_ref idref="oc-18"/>
      </symbol>
      <symbol id="sm-84b">
         <name>log</name>
         <value>0x545d</value>
         <object_component_ref idref="oc-21c"/>
      </symbol>
      <symbol id="sm-84c">
         <name>logl</name>
         <value>0x545d</value>
         <object_component_ref idref="oc-21c"/>
      </symbol>
      <symbol id="sm-8d6">
         <name>pow</name>
         <value>0x3a25</value>
         <object_component_ref idref="oc-222"/>
      </symbol>
      <symbol id="sm-8d7">
         <name>powl</name>
         <value>0x3a25</value>
         <object_component_ref idref="oc-222"/>
      </symbol>
      <symbol id="sm-8fb">
         <name>sqrtl</name>
         <value>0x61f9</value>
         <object_component_ref idref="oc-3a5"/>
      </symbol>
      <symbol id="sm-8fc">
         <name>sqrt</name>
         <value>0x61f9</value>
         <object_component_ref idref="oc-3a5"/>
      </symbol>
      <symbol id="sm-904">
         <name>errno</name>
         <value>0x2000125c</value>
         <object_component_ref idref="oc-39c"/>
      </symbol>
      <symbol id="sm-925">
         <name>C$$EXIT</name>
         <value>0x7185</value>
         <object_component_ref idref="oc-77"/>
      </symbol>
      <symbol id="sm-926">
         <name>abort</name>
         <value>0x7189</value>
         <object_component_ref idref="oc-77"/>
      </symbol>
      <symbol id="sm-927">
         <name>exit</name>
         <value>0x7191</value>
         <object_component_ref idref="oc-77"/>
      </symbol>
      <symbol id="sm-928">
         <name>__TI_dtors_ptr</name>
         <value>0x20001238</value>
         <object_component_ref idref="oc-280"/>
      </symbol>
      <symbol id="sm-929">
         <name>__TI_cleanup_ptr</name>
         <value>0x20001234</value>
         <object_component_ref idref="oc-280"/>
      </symbol>
      <symbol id="sm-92a">
         <name>__TI_enable_exit_profile_output</name>
         <value>0x2000123c</value>
         <object_component_ref idref="oc-280"/>
      </symbol>
      <symbol id="sm-941">
         <name>__aeabi_dsub</name>
         <value>0x6041</value>
         <object_component_ref idref="oc-214"/>
      </symbol>
      <symbol id="sm-942">
         <name>__aeabi_dadd</name>
         <value>0x604b</value>
         <object_component_ref idref="oc-214"/>
      </symbol>
      <symbol id="sm-964">
         <name>__aeabi_cdcmpeq</name>
         <value>0x6a69</value>
         <object_component_ref idref="oc-23c"/>
      </symbol>
      <symbol id="sm-965">
         <name>__aeabi_cdcmple</name>
         <value>0x6a69</value>
         <object_component_ref idref="oc-23c"/>
      </symbol>
      <symbol id="sm-966">
         <name>__aeabi_cdrcmple</name>
         <value>0x6aef</value>
         <object_component_ref idref="oc-237"/>
      </symbol>
      <symbol id="sm-97a">
         <name>__aeabi_ddiv</name>
         <value>0x6369</value>
         <object_component_ref idref="oc-20f"/>
      </symbol>
      <symbol id="sm-985">
         <name>__aeabi_dmul</name>
         <value>0x66e1</value>
         <object_component_ref idref="oc-20a"/>
      </symbol>
      <symbol id="sm-991">
         <name>__aeabi_d2f</name>
         <value>0x6d59</value>
         <object_component_ref idref="oc-122"/>
      </symbol>
      <symbol id="sm-99b">
         <name>__aeabi_d2uiz</name>
         <value>0x742b</value>
         <object_component_ref idref="oc-241"/>
      </symbol>
      <symbol id="sm-9a6">
         <name>__aeabi_f2d</name>
         <value>0x7525</value>
         <object_component_ref idref="oc-12d"/>
      </symbol>
      <symbol id="sm-9b0">
         <name>__aeabi_i2d</name>
         <value>0x75f3</value>
         <object_component_ref idref="oc-397"/>
      </symbol>
      <symbol id="sm-9cb">
         <name>memcpy</name>
         <value>0x69cd</value>
         <object_component_ref idref="oc-3a"/>
      </symbol>
      <symbol id="sm-9cc">
         <name>__aeabi_memcpy</name>
         <value>0x69cd</value>
         <object_component_ref idref="oc-3a"/>
      </symbol>
      <symbol id="sm-9cd">
         <name>__aeabi_memcpy8</name>
         <value>0x69cd</value>
         <object_component_ref idref="oc-3a"/>
      </symbol>
      <symbol id="sm-9ce">
         <name>__aeabi_memcpy4</name>
         <value>0x69cd</value>
         <object_component_ref idref="oc-3a"/>
      </symbol>
      <symbol id="sm-9dd">
         <name>__aeabi_memset</name>
         <value>0x6c71</value>
         <object_component_ref idref="oc-53"/>
      </symbol>
      <symbol id="sm-9de">
         <name>memset</name>
         <value>0x6c77</value>
         <object_component_ref idref="oc-53"/>
      </symbol>
      <symbol id="sm-9df">
         <name>__aeabi_memset8</name>
         <value>0x6c71</value>
         <object_component_ref idref="oc-53"/>
      </symbol>
      <symbol id="sm-9e0">
         <name>__aeabi_memset4</name>
         <value>0x6c71</value>
         <object_component_ref idref="oc-53"/>
      </symbol>
      <symbol id="sm-9e1">
         <name>__aeabi_memclr8</name>
         <value>0x6c6f</value>
         <object_component_ref idref="oc-53"/>
      </symbol>
      <symbol id="sm-9e2">
         <name>__aeabi_memclr4</name>
         <value>0x6c6f</value>
         <object_component_ref idref="oc-53"/>
      </symbol>
      <symbol id="sm-9e3">
         <name>__aeabi_memclr</name>
         <value>0x6c6f</value>
         <object_component_ref idref="oc-53"/>
      </symbol>
      <symbol id="sm-9ed">
         <name>__mpu_init</name>
         <value>0x6e9f</value>
         <object_component_ref idref="oc-5f"/>
      </symbol>
      <symbol id="sm-9f7">
         <name>_system_pre_init</name>
         <value>0x7a09</value>
         <object_component_ref idref="oc-65"/>
      </symbol>
      <symbol id="sm-a07">
         <name>roundf</name>
         <value>0x6dc7</value>
         <object_component_ref idref="oc-127"/>
      </symbol>
      <symbol id="sm-a29">
         <name>scalbn</name>
         <value>0x67dd</value>
         <object_component_ref idref="oc-3ae"/>
      </symbol>
      <symbol id="sm-a2a">
         <name>scalbnl</name>
         <value>0x67dd</value>
         <object_component_ref idref="oc-3ae"/>
      </symbol>
      <symbol id="sm-a2b">
         <name>ldexpl</name>
         <value>0x67dd</value>
         <object_component_ref idref="oc-3ae"/>
      </symbol>
      <symbol id="sm-a2c">
         <name>ldexp</name>
         <value>0x67dd</value>
         <object_component_ref idref="oc-3ae"/>
      </symbol>
      <symbol id="sm-a47">
         <name>sprintf</name>
         <value>0x6fcd</value>
         <object_component_ref idref="oc-ad"/>
      </symbol>
      <symbol id="sm-a4f">
         <name>main_func_sp</name>
         <value>0x20001260</value>
         <object_component_ref idref="oc-7d"/>
      </symbol>
      <symbol id="sm-a62">
         <name>strstr</name>
         <value>0x7591</value>
         <object_component_ref idref="oc-116"/>
      </symbol>
      <symbol id="sm-a9f">
         <name>strtold</name>
         <value>0x5825</value>
         <object_component_ref idref="oc-34d"/>
      </symbol>
      <symbol id="sm-aa0">
         <name>strtod</name>
         <value>0x5825</value>
         <object_component_ref idref="oc-34d"/>
      </symbol>
      <symbol id="sm-aaf">
         <name>__aeabi_uidivmod</name>
         <value>0x746f</value>
         <object_component_ref idref="oc-2a8"/>
      </symbol>
      <symbol id="sm-ab0">
         <name>__aeabi_uidiv</name>
         <value>0x746f</value>
         <object_component_ref idref="oc-2a8"/>
      </symbol>
      <symbol id="sm-aca">
         <name>_nop</name>
         <value>0x7787</value>
         <object_component_ref idref="oc-3de"/>
      </symbol>
      <symbol id="sm-acb">
         <name>_lock</name>
         <value>0x20001240</value>
         <object_component_ref idref="oc-283"/>
      </symbol>
      <symbol id="sm-acc">
         <name>_unlock</name>
         <value>0x20001244</value>
         <object_component_ref idref="oc-283"/>
      </symbol>
      <symbol id="sm-acd">
         <name>_register_lock</name>
         <value>0x777f</value>
         <object_component_ref idref="oc-3de"/>
      </symbol>
      <symbol id="sm-ace">
         <name>_register_unlock</name>
         <value>0x7779</value>
         <object_component_ref idref="oc-3de"/>
      </symbol>
      <symbol id="sm-bd5">
         <name>__TI_printfi</name>
         <value>0x2c0b</value>
         <object_component_ref idref="oc-2d9"/>
      </symbol>
      <symbol id="sm-be9">
         <name>_args_main</name>
         <value>0x7735</value>
         <object_component_ref idref="oc-71"/>
      </symbol>
      <symbol id="sm-bff">
         <name>atoi</name>
         <value>0x7275</value>
         <object_component_ref idref="oc-44f"/>
      </symbol>
      <symbol id="sm-c24">
         <name>__TI_auto_init</name>
         <value>0x6ce9</value>
         <object_component_ref idref="oc-6b"/>
      </symbol>
      <symbol id="sm-c3e">
         <name>copy_in</name>
         <value>0x72c1</value>
         <object_component_ref idref="oc-270"/>
      </symbol>
      <symbol id="sm-c49">
         <name>_ctypes_</name>
         <value>0x7bc0</value>
         <object_component_ref idref="oc-490"/>
      </symbol>
      <symbol id="sm-c53">
         <name>__aeabi_d2iz</name>
         <value>0x739d</value>
         <object_component_ref idref="oc-432"/>
      </symbol>
      <symbol id="sm-c5d">
         <name>__aeabi_idiv0</name>
         <value>0x61f7</value>
         <object_component_ref idref="oc-3fb"/>
      </symbol>
      <symbol id="sm-c70">
         <name>ltoa</name>
         <value>0x70db</value>
         <object_component_ref idref="oc-437"/>
      </symbol>
      <symbol id="sm-c80">
         <name>memccpy</name>
         <value>0x76e9</value>
         <object_component_ref idref="oc-449"/>
      </symbol>
      <symbol id="sm-c8a">
         <name>copysign</name>
         <value>0x778d</value>
         <object_component_ref idref="oc-4ac"/>
      </symbol>
      <symbol id="sm-c8b">
         <name>copysignl</name>
         <value>0x778d</value>
         <object_component_ref idref="oc-4ac"/>
      </symbol>
      <symbol id="sm-ca4">
         <name>floorf</name>
         <value>0x6b75</value>
         <object_component_ref idref="oc-356"/>
      </symbol>
      <symbol id="sm-cba">
         <name>frexpl</name>
         <value>0x6f09</value>
         <object_component_ref idref="oc-43d"/>
      </symbol>
      <symbol id="sm-cbb">
         <name>frexp</name>
         <value>0x6f09</value>
         <object_component_ref idref="oc-43d"/>
      </symbol>
      <symbol id="sm-cc5">
         <name>_system_post_cinit</name>
         <value>0x74eb</value>
         <object_component_ref idref="oc-276"/>
      </symbol>
      <symbol id="sm-cd5">
         <name>strchr</name>
         <value>0x774d</value>
         <object_component_ref idref="oc-443"/>
      </symbol>
      <symbol id="sm-ce3">
         <name>strlen</name>
         <value>0x77a1</value>
         <object_component_ref idref="oc-42c"/>
      </symbol>
      <symbol id="sm-cff">
         <name>__aeabi_uldivmod</name>
         <value>0x5c61</value>
         <object_component_ref idref="oc-427"/>
      </symbol>
      <symbol id="sm-d00">
         <name>__TI_static_base__</name>
         <value>0x0</value>
      </symbol>
      <symbol id="sm-d03">
         <name>SHT$$INIT_ARRAY$$Limit</name>
         <value>0x0</value>
      </symbol>
      <symbol id="sm-d04">
         <name>SHT$$INIT_ARRAY$$Base</name>
         <value>0x0</value>
      </symbol>
   </symbol_table>
   <title>Link successful</title>
</link_info>
