******************************************************************************
                  TI ARM Linker PC v15.12.3                    
******************************************************************************
>> Linked Fri Aug 11 14:59:21 2017

OUTPUT FILE NAME:   <Tiva123_DAC.out>
ENTRY POINT SYMBOL: "_c_int00"  address: 00001169


MEMORY CONFIGURATION

         name            origin    length      used     unused   attr    fill
----------------------  --------  ---------  --------  --------  ----  --------
  FLASH                 00000000   00040000  0000282a  0003d7d6  R  X
  SRAM                  20000000   00008000  0000022c  00007dd4  RW X


SEGMENT ALLOCATION MAP

run origin  load origin   length   init length attrs members
----------  ----------- ---------- ----------- ----- -------
00000000    00000000    00002830   00002830    r-x
  00000000    00000000    0000026c   0000026c    r-- .intvecs
  0000026c    0000026c    0000145a   0000145a    r-x .text
  000016c8    000016c8    0000113c   0000113c    r-- .const
  00002808    00002808    00000028   00000028    r-- .cinit
20000000    20000000    0000022c   00000000    rw-
  20000000    20000000    00000200   00000000    rw- .stack
  20000200    20000200    0000002c   00000000    rw- .data


SECTION ALLOCATION MAP

 output                                  attributes/
section   page    origin      length       input sections
--------  ----  ----------  ----------   ----------------
.intvecs   0    00000000    0000026c     
                  00000000    0000026c     tm4c123gh6pm_startup_ccs.obj (.intvecs)

.text      0    0000026c    0000145a     
                  0000026c    0000049c     uartstdio.obj (.text)
                  00000708    0000039c     Tiva123_DAC.obj (.text)
                  00000aa4    00000132     driverlib.lib : gpio.obj (.text:GPIOPadConfigSet)
                  00000bd6    00000002     rtsv7M4_T_le_v4SPD16_eabi.lib : i_div0.obj (.text)
                  00000bd8    00000110     driverlib.lib : sysctl.obj (.text:SysCtlClockGet)
                  00000ce8    000000f4                   : sysctl.obj (.text:SysCtlClockSet)
                  00000ddc    0000009c     rtsv7M4_T_le_v4SPD16_eabi.lib : memcpy_t2.obj (.text)
                  00000e78    0000007a     driverlib.lib : adc.obj (.text:ADCSequenceStepConfigure)
                  00000ef2    0000007a     rtsv7M4_T_le_v4SPD16_eabi.lib : memset_t2.obj (.text)
                  00000f6c    00000070                                   : autoinit.obj (.text)
                  00000fdc    0000006a                                   : copy_decompress_rle.obj (.text)
                  00001046    00000002                                   : mpu_init.obj (.text)
                  00001048    00000068     driverlib.lib : interrupt.obj (.text:IntEnable)
                  000010b0    00000060                   : timer.obj (.text:TimerConfigure)
                  00001110    00000058                   : adc.obj (.text:ADCSequenceConfigure)
                  00001168    00000054     rtsv7M4_T_le_v4SPD16_eabi.lib : boot.obj (.text)
                  000011bc    00000054                                   : exit.obj (.text)
                  00001210    0000004c                                   : cpy_tbl.obj (.text)
                  0000125c    00000048     driverlib.lib : gpio.obj (.text:GPIOPinConfigure)
                  000012a4    00000046                   : uart.obj (.text:UARTConfigSetExpClk)
                  000012ea    00000040     rtsv7M4_T_le_v4SPD16_eabi.lib : u_divt2.obj (.text)
                  0000132a    0000003c     driverlib.lib : ssi.obj (.text:SSIConfigSetExpClk)
                  00001366    00000002     rtsv7M4_T_le_v4SPD16_eabi.lib : startup.obj (.text)
                  00001368    00000038     driverlib.lib : sysctl.obj (.text:SysCtlPeripheralPresent)
                  000013a0    00000034                   : sysctl.obj (.text:SysCtlPeripheralEnable)
                  000013d4    0000002e                   : adc.obj (.text:ADCIntStatus)
                  00001402    0000002a                   : gpio.obj (.text:GPIODirModeSet)
                  0000142c    00000022                   : pwm.obj (.text:PWMGenConfigure)
                  0000144e    00000002     --HOLE-- [fill = 0]
                  00001450    00000020                   : uart.obj (.text:UARTDisable)
                  00001470    0000001e                   : adc.obj (.text:ADCSequenceDataGet)
                  0000148e    0000001e                   : pwm.obj (.text:PWMPulseWidthSet)
                  000014ac    00000018                   : adc.obj (.text:ADCProcessorTrigger)
                  000014c4    00000018                   : gpio.obj (.text:GPIOPinTypeGPIOOutput)
                  000014dc    00000018     rtsv7M4_T_le_v4SPD16_eabi.lib : args_main.obj (.text)
                  000014f4    00000014     driverlib.lib : sysctl.obj (.text:SysCtlPWMClockSet)
                  00001508    00000014                   : uart.obj (.text:UARTEnable)
                  0000151c    00000014     rtsv7M4_T_le_v4SPD16_eabi.lib : _lock.obj (.text)
                  00001530    00000012     driverlib.lib : gpio.obj (.text:GPIOPinTypeADC)
                  00001542    00000012                   : gpio.obj (.text:GPIOPinTypePWM)
                  00001554    00000012                   : gpio.obj (.text:GPIOPinTypeSSI)
                  00001566    00000012                   : gpio.obj (.text:GPIOPinTypeUART)
                  00001578    00000012                   : pwm.obj (.text:PWMOutputState)
                  0000158a    00000012                   : ssi.obj (.text:SSIDataGetNonBlocking)
                  0000159c    00000012                   : timer.obj (.text:TimerLoadSet)
                  000015ae    00000002     --HOLE-- [fill = 0]
                  000015b0    00000010                   : fpu.obj (.text:FPULazyStackingEnable)
                  000015c0    00000010                   : interrupt.obj (.text:IntMasterEnable)
                  000015d0    00000010                   : pwm.obj (.text:PWMGenPeriodSet)
                  000015e0    0000000e                   : adc.obj (.text:ADCSequenceEnable)
                  000015ee    0000000e                   : timer.obj (.text:TimerEnable)
                  000015fc    0000000e     rtsv7M4_T_le_v4SPD16_eabi.lib : copy_decompress_none.obj (.text:decompress:none)
                  0000160a    0000000c     driverlib.lib : cpu.obj (.text:CPUcpsie)
                  00001616    0000000c                   : pwm.obj (.text:PWMGenEnable)
                  00001622    0000000c     tm4c123gh6pm_startup_ccs.obj (.text)
                  0000162e    0000000a     driverlib.lib : adc.obj (.text:ADCIntClear)
                  00001638    0000000a                   : pwm.obj (.text:PWMGenIntTrigEnable)
                  00001642    0000000a                   : ssi.obj (.text:SSIDataPut)
                  0000164c    0000000a                   : ssi.obj (.text:SSIEnable)
                  00001656    0000000a                   : uart.obj (.text:UARTCharGet)
                  00001660    0000000a                   : uart.obj (.text:UARTCharPut)
                  0000166a    0000000a                   : uart.obj (.text:UARTIntStatus)
                  00001674    00000008                   : pwm.obj (.text:PWMIntEnable)
                  0000167c    00000008                   : ssi.obj (.text:SSIBusy)
                  00001684    00000008                   : timer.obj (.text:TimerIntEnable)
                  0000168c    00000008                   : uart.obj (.text:UARTBusy)
                  00001694    00000008                   : uart.obj (.text:UARTIntEnable)
                  0000169c    00000006                   : gpio.obj (.text:GPIOPinWrite)
                  000016a2    00000006                   : pwm.obj (.text:PWMGenIntClear)
                  000016a8    00000006                   : sysctl.obj (.text:SysCtlDelay)
                  000016ae    00000006                   : uart.obj (.text:UARTClockSourceSet)
                  000016b4    00000006     rtsv7M4_T_le_v4SPD16_eabi.lib : copy_decompress_rle.obj (.text:decompress:rle24)
                  000016ba    00000004     driverlib.lib : timer.obj (.text:TimerIntClear)
                  000016be    00000004                   : uart.obj (.text:UARTIntClear)
                  000016c2    00000004     rtsv7M4_T_le_v4SPD16_eabi.lib : pre_init.obj (.text)

.const     0    000016c8    0000113c     
                  000016c8    00000fa0     Tiva123_DAC.obj (.const:ECG)
                  00002668    00000090     driverlib.lib : gpio.obj (.const:g_pui32GPIOBaseAddrs)
                  000026f8    00000070                   : interrupt.obj (.const)
                  00002768    0000006c                   : sysctl.obj (.const:g_pui32Xtals)
                  000027d4    00000012     uartstdio.obj (.const:.string)
                  000027e6    00000002     --HOLE-- [fill = 0]
                  000027e8    0000000c     uartstdio.obj (.const:g_ui32UARTBase)
                  000027f4    0000000c     uartstdio.obj (.const:g_ui32UARTPeriph)
                  00002800    00000004     uartstdio.obj (.const)

.cinit     0    00002808    00000028     
                  00002808    00000018     (.cinit..data.load) [load image, compression = rle]
                  00002820    00000008     (__TI_handler_table)
                  00002828    00000008     (__TI_cinit_table)

.init_array 
*          0    00000000    00000000     UNINITIALIZED

.stack     0    20000000    00000200     UNINITIALIZED
                  20000000    00000200     --HOLE--

.data      0    20000200    0000002c     UNINITIALIZED
                  20000200    0000000c     rtsv7M4_T_le_v4SPD16_eabi.lib : exit.obj (.data:$O1$$)
                  2000020c    0000000c     Tiva123_DAC.obj (.data)
                  20000218    00000008     rtsv7M4_T_le_v4SPD16_eabi.lib : _lock.obj (.data:$O1$$)
                  20000220    00000005     uartstdio.obj (.data)
                  20000225    00000003     --HOLE--
                  20000228    00000004     rtsv7M4_T_le_v4SPD16_eabi.lib : stkdepth_vars.obj (.data)

MODULE SUMMARY

       Module                         code   ro data   rw data
       ------                         ----   -------   -------
    .\
       Tiva123_DAC.obj                924    4000      12     
       uartstdio.obj                  1180   46        5      
       tm4c123gh6pm_startup_ccs.obj   12     620       0      
    +--+------------------------------+------+---------+---------+
       Total:                         2116   4666      17     
                                                              
    C:/ti/TivaWare_C_Series-2.1.3.156/driverlib/ccs/Debug/driverlib.lib
       sysctl.obj                     650    108       0      
       gpio.obj                       522    144       0      
       adc.obj                        334    0         0      
       interrupt.obj                  120    112       0      
       uart.obj                       178    0         0      
       timer.obj                      140    0         0      
       pwm.obj                        134    0         0      
       ssi.obj                        106    0         0      
       fpu.obj                        16     0         0      
       cpu.obj                        12     0         0      
    +--+------------------------------+------+---------+---------+
       Total:                         2212   364       0      
                                                              
    C:\ti\ccsv6\tools\compiler\arm_15.12.3.LTS\lib\rtsv7M4_T_le_v4SPD16_eabi.lib
       memcpy_t2.obj                  156    0         0      
       memset_t2.obj                  122    0         0      
       autoinit.obj                   112    0         0      
       copy_decompress_rle.obj        112    0         0      
       exit.obj                       84     0         12     
       boot.obj                       84     0         0      
       cpy_tbl.obj                    76     0         0      
       u_divt2.obj                    64     0         0      
       _lock.obj                      20     0         8      
       args_main.obj                  24     0         0      
       copy_decompress_none.obj       14     0         0      
       pre_init.obj                   4      0         0      
       stkdepth_vars.obj              0      0         4      
       i_div0.obj                     2      0         0      
       mpu_init.obj                   2      0         0      
       startup.obj                    2      0         0      
    +--+------------------------------+------+---------+---------+
       Total:                         878    0         24     
                                                              
       Stack:                         0      0         512    
       Linker Generated:              0      40        0      
    +--+------------------------------+------+---------+---------+
       Grand Total:                   5206   5070      553    


LINKER GENERATED COPY TABLES

__TI_cinit_table @ 00002828 records: 1, size/record: 8, table size: 8
	.data: load addr=00002808, load size=00000018 bytes, run addr=20000200, run size=0000002c bytes, compression=rle


LINKER GENERATED HANDLER TABLE

__TI_handler_table @ 00002820 records: 2, size/record: 4, table size: 8
	index: 0, handler: __TI_decompress_rle24
	index: 1, handler: __TI_decompress_none


GLOBAL SYMBOLS: SORTED ALPHABETICALLY BY Name 

address   name                           
-------   ----                           
0000162f  ADCIntClear                    
000013d5  ADCIntStatus                   
000014ad  ADCProcessorTrigger            
00001111  ADCSequenceConfigure           
00001471  ADCSequenceDataGet             
000015e1  ADCSequenceEnable              
00000e79  ADCSequenceStepConfigure       
000011bd  C$$EXIT                        
0000160b  CPUcpsie                       
00000827  ConfigureADC                   
00000867  ConfigurePWM                   
000007eb  ConfigureUART                  
000016c8  ECG                            
20000212  ECG_counter                    
000015b1  FPULazyStackingEnable          
20000216  Fre_change_counter             
00001403  GPIODirModeSet                 
00000aa5  GPIOPadConfigSet               
0000125d  GPIOPinConfigure               
00001531  GPIOPinTypeADC                 
000014c5  GPIOPinTypeGPIOOutput          
00001543  GPIOPinTypePWM                 
00001555  GPIOPinTypeSSI                 
00001567  GPIOPinTypeUART                
0000169d  GPIOPinWrite                   
2000020c  GPIO_counter                   
000009b9  GetADCValue                    
20000210  ICG_counter                    
00001049  IntEnable                      
000015c1  IntMasterEnable                
000007c7  LCDUARTIntHandler              
0000074d  LCD_UART_Init                  
0000091f  MCP4921_SSI_Master_Configure   
0000098b  MCP4921_SetOutput              
000007dd  PWM0IntHandler                 
0000142d  PWMGenConfigure                
00001617  PWMGenEnable                   
000016a3  PWMGenIntClear                 
00001639  PWMGenIntTrigEnable            
000015d1  PWMGenPeriodSet                
00001675  PWMIntEnable                   
00001579  PWMOutputState                 
0000148f  PWMPulseWidthSet               
00001623  ResetISR                       
UNDEFED   SHT$$INIT_ARRAY$$Base          
UNDEFED   SHT$$INIT_ARRAY$$Limit         
0000167d  SSIBusy                        
0000132b  SSIConfigSetExpClk             
0000158b  SSIDataGetNonBlocking          
00001643  SSIDataPut                     
0000164d  SSIEnable                      
0000079f  SendToLCD                      
00000bd9  SysCtlClockGet                 
00000ce9  SysCtlClockSet                 
000016a9  SysCtlDelay                    
000014f5  SysCtlPWMClockSet              
000013a1  SysCtlPeripheralEnable         
00001369  SysCtlPeripheralPresent        
000009f1  Timer0IntHandler               
000010b1  TimerConfigure                 
000015ef  TimerEnable                    
000016bb  TimerIntClear                  
00001685  TimerIntEnable                 
0000159d  TimerLoadSet                   
000008dd  Timer_Init                     
20000214  Timer_counter                  
0000168d  UARTBusy                       
00001657  UARTCharGet                    
00001661  UARTCharPut                    
000016af  UARTClockSourceSet             
000012a5  UARTConfigSetExpClk            
00001451  UARTDisable                    
00001509  UARTEnable                     
000016bf  UARTIntClear                   
00001695  UARTIntEnable                  
0000166b  UARTIntStatus                  
0000026d  UARTStdioConfig                
000003b3  UARTgetc                       
000002f9  UARTgets                       
000006d3  UARTprintf                     
000003d9  UARTvprintf                    
000002b3  UARTwrite                      
20000200  __STACK_END                    
00000200  __STACK_SIZE                   
20000200  __STACK_TOP                    
00002828  __TI_CINIT_Base                
00002830  __TI_CINIT_Limit               
00002820  __TI_Handler_Table_Base        
00002828  __TI_Handler_Table_Limit       
00000f6d  __TI_auto_init                 
20000200  __TI_cleanup_ptr               
000015fd  __TI_decompress_none           
000016b5  __TI_decompress_rle24          
20000204  __TI_dtors_ptr                 
20000208  __TI_enable_exit_profile_output
ffffffff  __TI_pprof_out_hndl            
ffffffff  __TI_prof_data_size            
ffffffff  __TI_prof_data_start           
00000000  __TI_static_base__             
00000bd7  __aeabi_idiv0                  
00000ef3  __aeabi_memclr                 
00000ef3  __aeabi_memclr4                
00000ef3  __aeabi_memclr8                
00000ddd  __aeabi_memcpy                 
00000ddd  __aeabi_memcpy4                
00000ddd  __aeabi_memcpy8                
00000ef5  __aeabi_memset                 
00000ef5  __aeabi_memset4                
00000ef5  __aeabi_memset8                
000012eb  __aeabi_uidiv                  
000012eb  __aeabi_uidivmod               
ffffffff  __binit__                      
ffffffff  __c_args__                     
00001047  __mpu_init                     
20000000  __stack                        
000014dd  _args_main                     
00001169  _c_int00                       
20000218  _lock                          
0000152b  _nop                           
00001523  _register_lock                 
0000151d  _register_unlock               
00001367  _system_post_cinit             
000016c3  _system_pre_init               
2000021c  _unlock                        
000011c1  abort                          
ffffffff  binit                          
00001211  copy_in                        
000011c9  exit                           
00000000  g_pfnVectors                   
00000709  main                           
20000228  main_func_sp                   
00000ddd  memcpy                         
00000efb  memset                         
2000020e  noise_index                    


GLOBAL SYMBOLS: SORTED BY Symbol Address 

address   name                           
-------   ----                           
00000000  __TI_static_base__             
00000000  g_pfnVectors                   
00000200  __STACK_SIZE                   
0000026d  UARTStdioConfig                
000002b3  UARTwrite                      
000002f9  UARTgets                       
000003b3  UARTgetc                       
000003d9  UARTvprintf                    
000006d3  UARTprintf                     
00000709  main                           
0000074d  LCD_UART_Init                  
0000079f  SendToLCD                      
000007c7  LCDUARTIntHandler              
000007dd  PWM0IntHandler                 
000007eb  ConfigureUART                  
00000827  ConfigureADC                   
00000867  ConfigurePWM                   
000008dd  Timer_Init                     
0000091f  MCP4921_SSI_Master_Configure   
0000098b  MCP4921_SetOutput              
000009b9  GetADCValue                    
000009f1  Timer0IntHandler               
00000aa5  GPIOPadConfigSet               
00000bd7  __aeabi_idiv0                  
00000bd9  SysCtlClockGet                 
00000ce9  SysCtlClockSet                 
00000ddd  __aeabi_memcpy                 
00000ddd  __aeabi_memcpy4                
00000ddd  __aeabi_memcpy8                
00000ddd  memcpy                         
00000e79  ADCSequenceStepConfigure       
00000ef3  __aeabi_memclr                 
00000ef3  __aeabi_memclr4                
00000ef3  __aeabi_memclr8                
00000ef5  __aeabi_memset                 
00000ef5  __aeabi_memset4                
00000ef5  __aeabi_memset8                
00000efb  memset                         
00000f6d  __TI_auto_init                 
00001047  __mpu_init                     
00001049  IntEnable                      
000010b1  TimerConfigure                 
00001111  ADCSequenceConfigure           
00001169  _c_int00                       
000011bd  C$$EXIT                        
000011c1  abort                          
000011c9  exit                           
00001211  copy_in                        
0000125d  GPIOPinConfigure               
000012a5  UARTConfigSetExpClk            
000012eb  __aeabi_uidiv                  
000012eb  __aeabi_uidivmod               
0000132b  SSIConfigSetExpClk             
00001367  _system_post_cinit             
00001369  SysCtlPeripheralPresent        
000013a1  SysCtlPeripheralEnable         
000013d5  ADCIntStatus                   
00001403  GPIODirModeSet                 
0000142d  PWMGenConfigure                
00001451  UARTDisable                    
00001471  ADCSequenceDataGet             
0000148f  PWMPulseWidthSet               
000014ad  ADCProcessorTrigger            
000014c5  GPIOPinTypeGPIOOutput          
000014dd  _args_main                     
000014f5  SysCtlPWMClockSet              
00001509  UARTEnable                     
0000151d  _register_unlock               
00001523  _register_lock                 
0000152b  _nop                           
00001531  GPIOPinTypeADC                 
00001543  GPIOPinTypePWM                 
00001555  GPIOPinTypeSSI                 
00001567  GPIOPinTypeUART                
00001579  PWMOutputState                 
0000158b  SSIDataGetNonBlocking          
0000159d  TimerLoadSet                   
000015b1  FPULazyStackingEnable          
000015c1  IntMasterEnable                
000015d1  PWMGenPeriodSet                
000015e1  ADCSequenceEnable              
000015ef  TimerEnable                    
000015fd  __TI_decompress_none           
0000160b  CPUcpsie                       
00001617  PWMGenEnable                   
00001623  ResetISR                       
0000162f  ADCIntClear                    
00001639  PWMGenIntTrigEnable            
00001643  SSIDataPut                     
0000164d  SSIEnable                      
00001657  UARTCharGet                    
00001661  UARTCharPut                    
0000166b  UARTIntStatus                  
00001675  PWMIntEnable                   
0000167d  SSIBusy                        
00001685  TimerIntEnable                 
0000168d  UARTBusy                       
00001695  UARTIntEnable                  
0000169d  GPIOPinWrite                   
000016a3  PWMGenIntClear                 
000016a9  SysCtlDelay                    
000016af  UARTClockSourceSet             
000016b5  __TI_decompress_rle24          
000016bb  TimerIntClear                  
000016bf  UARTIntClear                   
000016c3  _system_pre_init               
000016c8  ECG                            
00002820  __TI_Handler_Table_Base        
00002828  __TI_CINIT_Base                
00002828  __TI_Handler_Table_Limit       
00002830  __TI_CINIT_Limit               
20000000  __stack                        
20000200  __STACK_END                    
20000200  __STACK_TOP                    
20000200  __TI_cleanup_ptr               
20000204  __TI_dtors_ptr                 
20000208  __TI_enable_exit_profile_output
2000020c  GPIO_counter                   
2000020e  noise_index                    
20000210  ICG_counter                    
20000212  ECG_counter                    
20000214  Timer_counter                  
20000216  Fre_change_counter             
20000218  _lock                          
2000021c  _unlock                        
20000228  main_func_sp                   
ffffffff  __TI_pprof_out_hndl            
ffffffff  __TI_prof_data_size            
ffffffff  __TI_prof_data_start           
ffffffff  __binit__                      
ffffffff  __c_args__                     
ffffffff  binit                          
UNDEFED   SHT$$INIT_ARRAY$$Base          
UNDEFED   SHT$$INIT_ARRAY$$Limit         

[134 symbols]
