<?xml version="1.0"?>
<link_info>
   <banner>TI ARM Linker PC v15.12.3.LTS</banner>
   <copyright>Copyright (c) 1996-2015 Texas Instruments Incorporated</copyright>
   <link_time>0x622869f3</link_time>
   <link_errors>0x0</link_errors>
   <output_file>Viettel_Tiva123_BlackBox.out</output_file>
   <entry_point>
      <name>_c_int00</name>
      <address>0xfed1</address>
   </entry_point>
   <input_file_list>
      <input_file id="fl-2">
         <path>.\</path>
         <kind>object</kind>
         <file>AD9833.obj</file>
         <name>AD9833.obj</name>
      </input_file>
      <input_file id="fl-3">
         <path>.\</path>
         <kind>object</kind>
         <file>ADS1241.obj</file>
         <name>ADS1241.obj</name>
      </input_file>
      <input_file id="fl-4">
         <path>.\</path>
         <kind>object</kind>
         <file>DS3231.obj</file>
         <name>DS3231.obj</name>
      </input_file>
      <input_file id="fl-5">
         <path>.\</path>
         <kind>object</kind>
         <file>DigitalFilter_Lib.obj</file>
         <name>DigitalFilter_Lib.obj</name>
      </input_file>
      <input_file id="fl-6">
         <path>.\</path>
         <kind>object</kind>
         <file>Viettel_Tiva123_BlackBox.obj</file>
         <name>Viettel_Tiva123_BlackBox.obj</name>
      </input_file>
      <input_file id="fl-7">
         <path>.\</path>
         <kind>object</kind>
         <file>tm4c123gh6pm_startup_ccs.obj</file>
         <name>tm4c123gh6pm_startup_ccs.obj</name>
      </input_file>
      <input_file id="fl-8">
         <path>.\CAM\</path>
         <kind>object</kind>
         <file>CAM.obj</file>
         <name>CAM.obj</name>
      </input_file>
      <input_file id="fl-9">
         <path>.\Cellular\</path>
         <kind>object</kind>
         <file>cellular.obj</file>
         <name>cellular.obj</name>
      </input_file>
      <input_file id="fl-a">
         <path>.\MQTT\</path>
         <kind>object</kind>
         <file>MQTT_HwLayer.obj</file>
         <name>MQTT_HwLayer.obj</name>
      </input_file>
      <input_file id="fl-b">
         <path>.\NetworkModule\</path>
         <kind>object</kind>
         <file>AT_Function.obj</file>
         <name>AT_Function.obj</name>
      </input_file>
      <input_file id="fl-c">
         <path>.\NetworkModule\</path>
         <kind>object</kind>
         <file>GNSS.obj</file>
         <name>GNSS.obj</name>
      </input_file>
      <input_file id="fl-d">
         <path>.\NetworkModule\</path>
         <kind>object</kind>
         <file>GPS.obj</file>
         <name>GPS.obj</name>
      </input_file>
      <input_file id="fl-e">
         <path>.\NetworkModule\</path>
         <kind>object</kind>
         <file>uartstdio.obj</file>
         <name>uartstdio.obj</name>
      </input_file>
      <input_file id="fl-f">
         <path>.\RFID\</path>
         <kind>object</kind>
         <file>RFID.obj</file>
         <name>RFID.obj</name>
      </input_file>
      <input_file id="fl-10">
         <path>.\SD\</path>
         <kind>object</kind>
         <file>SD.obj</file>
         <name>SD.obj</name>
      </input_file>
      <input_file id="fl-11">
         <path>.\TFT_LCD_Lib\</path>
         <kind>object</kind>
         <file>ColorTFTSymbols.obj</file>
         <name>ColorTFTSymbols.obj</name>
      </input_file>
      <input_file id="fl-12">
         <path>.\TFT_LCD_Lib\</path>
         <kind>object</kind>
         <file>IFTSPI2_2LCD.obj</file>
         <name>IFTSPI2_2LCD.obj</name>
      </input_file>
      <input_file id="fl-13">
         <path>.\third_party\fatfs\port\</path>
         <kind>object</kind>
         <file>mmc-dk-tm4c123g.obj</file>
         <name>mmc-dk-tm4c123g.obj</name>
      </input_file>
      <input_file id="fl-14">
         <path>.\third_party\fatfs\src\</path>
         <kind>object</kind>
         <file>ff.obj</file>
         <name>ff.obj</name>
      </input_file>
      <input_file id="fl-15">
         <path>.\third_party\fatfs\src\option\</path>
         <kind>object</kind>
         <file>cc932.obj</file>
         <name>cc932.obj</name>
      </input_file>
      <input_file id="fl-16">
         <path>.\utils\</path>
         <kind>object</kind>
         <file>cmdline.obj</file>
         <name>cmdline.obj</name>
      </input_file>
      <input_file id="fl-1d">
         <path>C:\ti\TivaWare_C_Series-2.1.3.156\driverlib\ccs\Debug\</path>
         <kind>archive</kind>
         <file>driverlib.lib</file>
         <name>adc.obj</name>
      </input_file>
      <input_file id="fl-1e">
         <path>C:\ti\TivaWare_C_Series-2.1.3.156\driverlib\ccs\Debug\</path>
         <kind>archive</kind>
         <file>driverlib.lib</file>
         <name>fpu.obj</name>
      </input_file>
      <input_file id="fl-1f">
         <path>C:\ti\TivaWare_C_Series-2.1.3.156\driverlib\ccs\Debug\</path>
         <kind>archive</kind>
         <file>driverlib.lib</file>
         <name>gpio.obj</name>
      </input_file>
      <input_file id="fl-20">
         <path>C:\ti\TivaWare_C_Series-2.1.3.156\driverlib\ccs\Debug\</path>
         <kind>archive</kind>
         <file>driverlib.lib</file>
         <name>i2c.obj</name>
      </input_file>
      <input_file id="fl-21">
         <path>C:\ti\TivaWare_C_Series-2.1.3.156\driverlib\ccs\Debug\</path>
         <kind>archive</kind>
         <file>driverlib.lib</file>
         <name>interrupt.obj</name>
      </input_file>
      <input_file id="fl-22">
         <path>C:\ti\TivaWare_C_Series-2.1.3.156\driverlib\ccs\Debug\</path>
         <kind>archive</kind>
         <file>driverlib.lib</file>
         <name>pwm.obj</name>
      </input_file>
      <input_file id="fl-23">
         <path>C:\ti\TivaWare_C_Series-2.1.3.156\driverlib\ccs\Debug\</path>
         <kind>archive</kind>
         <file>driverlib.lib</file>
         <name>ssi.obj</name>
      </input_file>
      <input_file id="fl-24">
         <path>C:\ti\TivaWare_C_Series-2.1.3.156\driverlib\ccs\Debug\</path>
         <kind>archive</kind>
         <file>driverlib.lib</file>
         <name>sysctl.obj</name>
      </input_file>
      <input_file id="fl-25">
         <path>C:\ti\TivaWare_C_Series-2.1.3.156\driverlib\ccs\Debug\</path>
         <kind>archive</kind>
         <file>driverlib.lib</file>
         <name>timer.obj</name>
      </input_file>
      <input_file id="fl-26">
         <path>C:\ti\TivaWare_C_Series-2.1.3.156\driverlib\ccs\Debug\</path>
         <kind>archive</kind>
         <file>driverlib.lib</file>
         <name>uart.obj</name>
      </input_file>
      <input_file id="fl-27">
         <path>C:\ti\TivaWare_C_Series-2.1.3.156\driverlib\ccs\Debug\</path>
         <kind>archive</kind>
         <file>driverlib.lib</file>
         <name>cpu.obj</name>
      </input_file>
      <input_file id="fl-dd">
         <path>C:\ti\ccsv6\tools\compiler\arm_15.12.3.LTS\lib\</path>
         <kind>archive</kind>
         <file>rtsv7M4_T_le_v4SPD16_eabi.lib</file>
         <name>atof.obj</name>
      </input_file>
      <input_file id="fl-de">
         <path>C:\ti\ccsv6\tools\compiler\arm_15.12.3.LTS\lib\</path>
         <kind>archive</kind>
         <file>rtsv7M4_T_le_v4SPD16_eabi.lib</file>
         <name>atoi.obj</name>
      </input_file>
      <input_file id="fl-df">
         <path>C:\ti\ccsv6\tools\compiler\arm_15.12.3.LTS\lib\</path>
         <kind>archive</kind>
         <file>rtsv7M4_T_le_v4SPD16_eabi.lib</file>
         <name>boot.obj</name>
      </input_file>
      <input_file id="fl-e0">
         <path>C:\ti\ccsv6\tools\compiler\arm_15.12.3.LTS\lib\</path>
         <kind>archive</kind>
         <file>rtsv7M4_T_le_v4SPD16_eabi.lib</file>
         <name>copy_decompress_none.obj</name>
      </input_file>
      <input_file id="fl-e1">
         <path>C:\ti\ccsv6\tools\compiler\arm_15.12.3.LTS\lib\</path>
         <kind>archive</kind>
         <file>rtsv7M4_T_le_v4SPD16_eabi.lib</file>
         <name>copy_decompress_rle.obj</name>
      </input_file>
      <input_file id="fl-e2">
         <path>C:\ti\ccsv6\tools\compiler\arm_15.12.3.LTS\lib\</path>
         <kind>archive</kind>
         <file>rtsv7M4_T_le_v4SPD16_eabi.lib</file>
         <name>copy_zero_init.obj</name>
      </input_file>
      <input_file id="fl-e3">
         <path>C:\ti\ccsv6\tools\compiler\arm_15.12.3.LTS\lib\</path>
         <kind>archive</kind>
         <file>rtsv7M4_T_le_v4SPD16_eabi.lib</file>
         <name>ctype.obj</name>
      </input_file>
      <input_file id="fl-e4">
         <path>C:\ti\ccsv6\tools\compiler\arm_15.12.3.LTS\lib\</path>
         <kind>archive</kind>
         <file>rtsv7M4_T_le_v4SPD16_eabi.lib</file>
         <name>e_atan2.obj</name>
      </input_file>
      <input_file id="fl-e5">
         <path>C:\ti\ccsv6\tools\compiler\arm_15.12.3.LTS\lib\</path>
         <kind>archive</kind>
         <file>rtsv7M4_T_le_v4SPD16_eabi.lib</file>
         <name>e_log.obj</name>
      </input_file>
      <input_file id="fl-e6">
         <path>C:\ti\ccsv6\tools\compiler\arm_15.12.3.LTS\lib\</path>
         <kind>archive</kind>
         <file>rtsv7M4_T_le_v4SPD16_eabi.lib</file>
         <name>e_pow.obj</name>
      </input_file>
      <input_file id="fl-e7">
         <path>C:\ti\ccsv6\tools\compiler\arm_15.12.3.LTS\lib\</path>
         <kind>archive</kind>
         <file>rtsv7M4_T_le_v4SPD16_eabi.lib</file>
         <name>e_sqrt.obj</name>
      </input_file>
      <input_file id="fl-e8">
         <path>C:\ti\ccsv6\tools\compiler\arm_15.12.3.LTS\lib\</path>
         <kind>archive</kind>
         <file>rtsv7M4_T_le_v4SPD16_eabi.lib</file>
         <name>errno.obj</name>
      </input_file>
      <input_file id="fl-e9">
         <path>C:\ti\ccsv6\tools\compiler\arm_15.12.3.LTS\lib\</path>
         <kind>archive</kind>
         <file>rtsv7M4_T_le_v4SPD16_eabi.lib</file>
         <name>exit.obj</name>
      </input_file>
      <input_file id="fl-ea">
         <path>C:\ti\ccsv6\tools\compiler\arm_15.12.3.LTS\lib\</path>
         <kind>archive</kind>
         <file>rtsv7M4_T_le_v4SPD16_eabi.lib</file>
         <name>fd_add_t2.obj</name>
      </input_file>
      <input_file id="fl-eb">
         <path>C:\ti\ccsv6\tools\compiler\arm_15.12.3.LTS\lib\</path>
         <kind>archive</kind>
         <file>rtsv7M4_T_le_v4SPD16_eabi.lib</file>
         <name>fd_cmp_t2.obj</name>
      </input_file>
      <input_file id="fl-ec">
         <path>C:\ti\ccsv6\tools\compiler\arm_15.12.3.LTS\lib\</path>
         <kind>archive</kind>
         <file>rtsv7M4_T_le_v4SPD16_eabi.lib</file>
         <name>fd_div_t2.obj</name>
      </input_file>
      <input_file id="fl-ed">
         <path>C:\ti\ccsv6\tools\compiler\arm_15.12.3.LTS\lib\</path>
         <kind>archive</kind>
         <file>rtsv7M4_T_le_v4SPD16_eabi.lib</file>
         <name>fd_mul_t2.obj</name>
      </input_file>
      <input_file id="fl-ee">
         <path>C:\ti\ccsv6\tools\compiler\arm_15.12.3.LTS\lib\</path>
         <kind>archive</kind>
         <file>rtsv7M4_T_le_v4SPD16_eabi.lib</file>
         <name>fd_toi_t2.obj</name>
      </input_file>
      <input_file id="fl-ef">
         <path>C:\ti\ccsv6\tools\compiler\arm_15.12.3.LTS\lib\</path>
         <kind>archive</kind>
         <file>rtsv7M4_T_le_v4SPD16_eabi.lib</file>
         <name>fd_tos_t2.obj</name>
      </input_file>
      <input_file id="fl-f0">
         <path>C:\ti\ccsv6\tools\compiler\arm_15.12.3.LTS\lib\</path>
         <kind>archive</kind>
         <file>rtsv7M4_T_le_v4SPD16_eabi.lib</file>
         <name>fd_tou_t2.obj</name>
      </input_file>
      <input_file id="fl-f1">
         <path>C:\ti\ccsv6\tools\compiler\arm_15.12.3.LTS\lib\</path>
         <kind>archive</kind>
         <file>rtsv7M4_T_le_v4SPD16_eabi.lib</file>
         <name>fs_tod_t2.obj</name>
      </input_file>
      <input_file id="fl-f2">
         <path>C:\ti\ccsv6\tools\compiler\arm_15.12.3.LTS\lib\</path>
         <kind>archive</kind>
         <file>rtsv7M4_T_le_v4SPD16_eabi.lib</file>
         <name>i_tofd_t2.obj</name>
      </input_file>
      <input_file id="fl-f3">
         <path>C:\ti\ccsv6\tools\compiler\arm_15.12.3.LTS\lib\</path>
         <kind>archive</kind>
         <file>rtsv7M4_T_le_v4SPD16_eabi.lib</file>
         <name>memcpy_t2.obj</name>
      </input_file>
      <input_file id="fl-f4">
         <path>C:\ti\ccsv6\tools\compiler\arm_15.12.3.LTS\lib\</path>
         <kind>archive</kind>
         <file>rtsv7M4_T_le_v4SPD16_eabi.lib</file>
         <name>memset_t2.obj</name>
      </input_file>
      <input_file id="fl-f5">
         <path>C:\ti\ccsv6\tools\compiler\arm_15.12.3.LTS\lib\</path>
         <kind>archive</kind>
         <file>rtsv7M4_T_le_v4SPD16_eabi.lib</file>
         <name>mktime64.obj</name>
      </input_file>
      <input_file id="fl-f6">
         <path>C:\ti\ccsv6\tools\compiler\arm_15.12.3.LTS\lib\</path>
         <kind>archive</kind>
         <file>rtsv7M4_T_le_v4SPD16_eabi.lib</file>
         <name>mpu_init.obj</name>
      </input_file>
      <input_file id="fl-f7">
         <path>C:\ti\ccsv6\tools\compiler\arm_15.12.3.LTS\lib\</path>
         <kind>archive</kind>
         <file>rtsv7M4_T_le_v4SPD16_eabi.lib</file>
         <name>pre_init.obj</name>
      </input_file>
      <input_file id="fl-f8">
         <path>C:\ti\ccsv6\tools\compiler\arm_15.12.3.LTS\lib\</path>
         <kind>archive</kind>
         <file>rtsv7M4_T_le_v4SPD16_eabi.lib</file>
         <name>printf.obj</name>
      </input_file>
      <input_file id="fl-f9">
         <path>C:\ti\ccsv6\tools\compiler\arm_15.12.3.LTS\lib\</path>
         <kind>archive</kind>
         <file>rtsv7M4_T_le_v4SPD16_eabi.lib</file>
         <name>s_atan.obj</name>
      </input_file>
      <input_file id="fl-fa">
         <path>C:\ti\ccsv6\tools\compiler\arm_15.12.3.LTS\lib\</path>
         <kind>archive</kind>
         <file>rtsv7M4_T_le_v4SPD16_eabi.lib</file>
         <name>s_cos.obj</name>
      </input_file>
      <input_file id="fl-fb">
         <path>C:\ti\ccsv6\tools\compiler\arm_15.12.3.LTS\lib\</path>
         <kind>archive</kind>
         <file>rtsv7M4_T_le_v4SPD16_eabi.lib</file>
         <name>s_scalbn.obj</name>
      </input_file>
      <input_file id="fl-fc">
         <path>C:\ti\ccsv6\tools\compiler\arm_15.12.3.LTS\lib\</path>
         <kind>archive</kind>
         <file>rtsv7M4_T_le_v4SPD16_eabi.lib</file>
         <name>s_sin.obj</name>
      </input_file>
      <input_file id="fl-fd">
         <path>C:\ti\ccsv6\tools\compiler\arm_15.12.3.LTS\lib\</path>
         <kind>archive</kind>
         <file>rtsv7M4_T_le_v4SPD16_eabi.lib</file>
         <name>s_tan.obj</name>
      </input_file>
      <input_file id="fl-fe">
         <path>C:\ti\ccsv6\tools\compiler\arm_15.12.3.LTS\lib\</path>
         <kind>archive</kind>
         <file>rtsv7M4_T_le_v4SPD16_eabi.lib</file>
         <name>sprintf.obj</name>
      </input_file>
      <input_file id="fl-ff">
         <path>C:\ti\ccsv6\tools\compiler\arm_15.12.3.LTS\lib\</path>
         <kind>archive</kind>
         <file>rtsv7M4_T_le_v4SPD16_eabi.lib</file>
         <name>sscanf.obj</name>
      </input_file>
      <input_file id="fl-100">
         <path>C:\ti\ccsv6\tools\compiler\arm_15.12.3.LTS\lib\</path>
         <kind>archive</kind>
         <file>rtsv7M4_T_le_v4SPD16_eabi.lib</file>
         <name>stkdepth_vars.obj</name>
      </input_file>
      <input_file id="fl-101">
         <path>C:\ti\ccsv6\tools\compiler\arm_15.12.3.LTS\lib\</path>
         <kind>archive</kind>
         <file>rtsv7M4_T_le_v4SPD16_eabi.lib</file>
         <name>strcat.obj</name>
      </input_file>
      <input_file id="fl-102">
         <path>C:\ti\ccsv6\tools\compiler\arm_15.12.3.LTS\lib\</path>
         <kind>archive</kind>
         <file>rtsv7M4_T_le_v4SPD16_eabi.lib</file>
         <name>strcmp.obj</name>
      </input_file>
      <input_file id="fl-103">
         <path>C:\ti\ccsv6\tools\compiler\arm_15.12.3.LTS\lib\</path>
         <kind>archive</kind>
         <file>rtsv7M4_T_le_v4SPD16_eabi.lib</file>
         <name>strcpy.obj</name>
      </input_file>
      <input_file id="fl-104">
         <path>C:\ti\ccsv6\tools\compiler\arm_15.12.3.LTS\lib\</path>
         <kind>archive</kind>
         <file>rtsv7M4_T_le_v4SPD16_eabi.lib</file>
         <name>strlen.obj</name>
      </input_file>
      <input_file id="fl-105">
         <path>C:\ti\ccsv6\tools\compiler\arm_15.12.3.LTS\lib\</path>
         <kind>archive</kind>
         <file>rtsv7M4_T_le_v4SPD16_eabi.lib</file>
         <name>strncmp.obj</name>
      </input_file>
      <input_file id="fl-106">
         <path>C:\ti\ccsv6\tools\compiler\arm_15.12.3.LTS\lib\</path>
         <kind>archive</kind>
         <file>rtsv7M4_T_le_v4SPD16_eabi.lib</file>
         <name>strncpy.obj</name>
      </input_file>
      <input_file id="fl-107">
         <path>C:\ti\ccsv6\tools\compiler\arm_15.12.3.LTS\lib\</path>
         <kind>archive</kind>
         <file>rtsv7M4_T_le_v4SPD16_eabi.lib</file>
         <name>strstr.obj</name>
      </input_file>
      <input_file id="fl-108">
         <path>C:\ti\ccsv6\tools\compiler\arm_15.12.3.LTS\lib\</path>
         <kind>archive</kind>
         <file>rtsv7M4_T_le_v4SPD16_eabi.lib</file>
         <name>strtod.obj</name>
      </input_file>
      <input_file id="fl-109">
         <path>C:\ti\ccsv6\tools\compiler\arm_15.12.3.LTS\lib\</path>
         <kind>archive</kind>
         <file>rtsv7M4_T_le_v4SPD16_eabi.lib</file>
         <name>strtok.obj</name>
      </input_file>
      <input_file id="fl-10a">
         <path>C:\ti\ccsv6\tools\compiler\arm_15.12.3.LTS\lib\</path>
         <kind>archive</kind>
         <file>rtsv7M4_T_le_v4SPD16_eabi.lib</file>
         <name>strtol.obj</name>
      </input_file>
      <input_file id="fl-10b">
         <path>C:\ti\ccsv6\tools\compiler\arm_15.12.3.LTS\lib\</path>
         <kind>archive</kind>
         <file>rtsv7M4_T_le_v4SPD16_eabi.lib</file>
         <name>tmzone.obj</name>
      </input_file>
      <input_file id="fl-10c">
         <path>C:\ti\ccsv6\tools\compiler\arm_15.12.3.LTS\lib\</path>
         <kind>archive</kind>
         <file>rtsv7M4_T_le_v4SPD16_eabi.lib</file>
         <name>u_divt2.obj</name>
      </input_file>
      <input_file id="fl-10d">
         <path>C:\ti\ccsv6\tools\compiler\arm_15.12.3.LTS\lib\</path>
         <kind>archive</kind>
         <file>rtsv7M4_T_le_v4SPD16_eabi.lib</file>
         <name>u_tofd_t2.obj</name>
      </input_file>
      <input_file id="fl-10e">
         <path>C:\ti\ccsv6\tools\compiler\arm_15.12.3.LTS\lib\</path>
         <kind>archive</kind>
         <file>rtsv7M4_T_le_v4SPD16_eabi.lib</file>
         <name>_lock.obj</name>
      </input_file>
      <input_file id="fl-10f">
         <path>C:\ti\ccsv6\tools\compiler\arm_15.12.3.LTS\lib\</path>
         <kind>archive</kind>
         <file>rtsv7M4_T_le_v4SPD16_eabi.lib</file>
         <name>_printfi.obj</name>
      </input_file>
      <input_file id="fl-110">
         <path>C:\ti\ccsv6\tools\compiler\arm_15.12.3.LTS\lib\</path>
         <kind>archive</kind>
         <file>rtsv7M4_T_le_v4SPD16_eabi.lib</file>
         <name>_scanfi.obj</name>
      </input_file>
      <input_file id="fl-111">
         <path>C:\ti\ccsv6\tools\compiler\arm_15.12.3.LTS\lib\</path>
         <kind>archive</kind>
         <file>rtsv7M4_T_le_v4SPD16_eabi.lib</file>
         <name>args_main.obj</name>
      </input_file>
      <input_file id="fl-112">
         <path>C:\ti\ccsv6\tools\compiler\arm_15.12.3.LTS\lib\</path>
         <kind>archive</kind>
         <file>rtsv7M4_T_le_v4SPD16_eabi.lib</file>
         <name>autoinit.obj</name>
      </input_file>
      <input_file id="fl-113">
         <path>C:\ti\ccsv6\tools\compiler\arm_15.12.3.LTS\lib\</path>
         <kind>archive</kind>
         <file>rtsv7M4_T_le_v4SPD16_eabi.lib</file>
         <name>cpy_tbl.obj</name>
      </input_file>
      <input_file id="fl-114">
         <path>C:\ti\ccsv6\tools\compiler\arm_15.12.3.LTS\lib\</path>
         <kind>archive</kind>
         <file>rtsv7M4_T_le_v4SPD16_eabi.lib</file>
         <name>defs.obj</name>
      </input_file>
      <input_file id="fl-115">
         <path>C:\ti\ccsv6\tools\compiler\arm_15.12.3.LTS\lib\</path>
         <kind>archive</kind>
         <file>rtsv7M4_T_le_v4SPD16_eabi.lib</file>
         <name>fputc.obj</name>
      </input_file>
      <input_file id="fl-116">
         <path>C:\ti\ccsv6\tools\compiler\arm_15.12.3.LTS\lib\</path>
         <kind>archive</kind>
         <file>rtsv7M4_T_le_v4SPD16_eabi.lib</file>
         <name>fputs.obj</name>
      </input_file>
      <input_file id="fl-117">
         <path>C:\ti\ccsv6\tools\compiler\arm_15.12.3.LTS\lib\</path>
         <kind>archive</kind>
         <file>rtsv7M4_T_le_v4SPD16_eabi.lib</file>
         <name>i_div0.obj</name>
      </input_file>
      <input_file id="fl-118">
         <path>C:\ti\ccsv6\tools\compiler\arm_15.12.3.LTS\lib\</path>
         <kind>archive</kind>
         <file>rtsv7M4_T_le_v4SPD16_eabi.lib</file>
         <name>k_cos.obj</name>
      </input_file>
      <input_file id="fl-119">
         <path>C:\ti\ccsv6\tools\compiler\arm_15.12.3.LTS\lib\</path>
         <kind>archive</kind>
         <file>rtsv7M4_T_le_v4SPD16_eabi.lib</file>
         <name>k_rem_pio2.obj</name>
      </input_file>
      <input_file id="fl-11a">
         <path>C:\ti\ccsv6\tools\compiler\arm_15.12.3.LTS\lib\</path>
         <kind>archive</kind>
         <file>rtsv7M4_T_le_v4SPD16_eabi.lib</file>
         <name>k_sin.obj</name>
      </input_file>
      <input_file id="fl-11b">
         <path>C:\ti\ccsv6\tools\compiler\arm_15.12.3.LTS\lib\</path>
         <kind>archive</kind>
         <file>rtsv7M4_T_le_v4SPD16_eabi.lib</file>
         <name>k_tan.obj</name>
      </input_file>
      <input_file id="fl-11c">
         <path>C:\ti\ccsv6\tools\compiler\arm_15.12.3.LTS\lib\</path>
         <kind>archive</kind>
         <file>rtsv7M4_T_le_v4SPD16_eabi.lib</file>
         <name>ll_div_t2.obj</name>
      </input_file>
      <input_file id="fl-11d">
         <path>C:\ti\ccsv6\tools\compiler\arm_15.12.3.LTS\lib\</path>
         <kind>archive</kind>
         <file>rtsv7M4_T_le_v4SPD16_eabi.lib</file>
         <name>ll_mul_t2.obj</name>
      </input_file>
      <input_file id="fl-11e">
         <path>C:\ti\ccsv6\tools\compiler\arm_15.12.3.LTS\lib\</path>
         <kind>archive</kind>
         <file>rtsv7M4_T_le_v4SPD16_eabi.lib</file>
         <name>lowlev.obj</name>
      </input_file>
      <input_file id="fl-11f">
         <path>C:\ti\ccsv6\tools\compiler\arm_15.12.3.LTS\lib\</path>
         <kind>archive</kind>
         <file>rtsv7M4_T_le_v4SPD16_eabi.lib</file>
         <name>ltoa.obj</name>
      </input_file>
      <input_file id="fl-120">
         <path>C:\ti\ccsv6\tools\compiler\arm_15.12.3.LTS\lib\</path>
         <kind>archive</kind>
         <file>rtsv7M4_T_le_v4SPD16_eabi.lib</file>
         <name>memccpy.obj</name>
      </input_file>
      <input_file id="fl-121">
         <path>C:\ti\ccsv6\tools\compiler\arm_15.12.3.LTS\lib\</path>
         <kind>archive</kind>
         <file>rtsv7M4_T_le_v4SPD16_eabi.lib</file>
         <name>memchr.obj</name>
      </input_file>
      <input_file id="fl-122">
         <path>C:\ti\ccsv6\tools\compiler\arm_15.12.3.LTS\lib\</path>
         <kind>archive</kind>
         <file>rtsv7M4_T_le_v4SPD16_eabi.lib</file>
         <name>s_copysign.obj</name>
      </input_file>
      <input_file id="fl-123">
         <path>C:\ti\ccsv6\tools\compiler\arm_15.12.3.LTS\lib\</path>
         <kind>archive</kind>
         <file>rtsv7M4_T_le_v4SPD16_eabi.lib</file>
         <name>s_floor.obj</name>
      </input_file>
      <input_file id="fl-124">
         <path>C:\ti\ccsv6\tools\compiler\arm_15.12.3.LTS\lib\</path>
         <kind>archive</kind>
         <file>rtsv7M4_T_le_v4SPD16_eabi.lib</file>
         <name>s_frexp.obj</name>
      </input_file>
      <input_file id="fl-125">
         <path>C:\ti\ccsv6\tools\compiler\arm_15.12.3.LTS\lib\</path>
         <kind>archive</kind>
         <file>rtsv7M4_T_le_v4SPD16_eabi.lib</file>
         <name>startup.obj</name>
      </input_file>
      <input_file id="fl-126">
         <path>C:\ti\ccsv6\tools\compiler\arm_15.12.3.LTS\lib\</path>
         <kind>archive</kind>
         <file>rtsv7M4_T_le_v4SPD16_eabi.lib</file>
         <name>strchr.obj</name>
      </input_file>
      <input_file id="fl-127">
         <path>C:\ti\ccsv6\tools\compiler\arm_15.12.3.LTS\lib\</path>
         <kind>archive</kind>
         <file>rtsv7M4_T_le_v4SPD16_eabi.lib</file>
         <name>strcspn.obj</name>
      </input_file>
      <input_file id="fl-128">
         <path>C:\ti\ccsv6\tools\compiler\arm_15.12.3.LTS\lib\</path>
         <kind>archive</kind>
         <file>rtsv7M4_T_le_v4SPD16_eabi.lib</file>
         <name>strrchr.obj</name>
      </input_file>
      <input_file id="fl-129">
         <path>C:\ti\ccsv6\tools\compiler\arm_15.12.3.LTS\lib\</path>
         <kind>archive</kind>
         <file>rtsv7M4_T_le_v4SPD16_eabi.lib</file>
         <name>strspn.obj</name>
      </input_file>
      <input_file id="fl-12a">
         <path>C:\ti\ccsv6\tools\compiler\arm_15.12.3.LTS\lib\</path>
         <kind>archive</kind>
         <file>rtsv7M4_T_le_v4SPD16_eabi.lib</file>
         <name>strtoll.obj</name>
      </input_file>
      <input_file id="fl-12b">
         <path>C:\ti\ccsv6\tools\compiler\arm_15.12.3.LTS\lib\</path>
         <kind>archive</kind>
         <file>rtsv7M4_T_le_v4SPD16_eabi.lib</file>
         <name>strtoul.obj</name>
      </input_file>
      <input_file id="fl-12c">
         <path>C:\ti\ccsv6\tools\compiler\arm_15.12.3.LTS\lib\</path>
         <kind>archive</kind>
         <file>rtsv7M4_T_le_v4SPD16_eabi.lib</file>
         <name>strtoull.obj</name>
      </input_file>
      <input_file id="fl-12d">
         <path>C:\ti\ccsv6\tools\compiler\arm_15.12.3.LTS\lib\</path>
         <kind>archive</kind>
         <file>rtsv7M4_T_le_v4SPD16_eabi.lib</file>
         <name>trgdrv.obj</name>
      </input_file>
      <input_file id="fl-12e">
         <path>C:\ti\ccsv6\tools\compiler\arm_15.12.3.LTS\lib\</path>
         <kind>archive</kind>
         <file>rtsv7M4_T_le_v4SPD16_eabi.lib</file>
         <name>trgmsg.obj</name>
      </input_file>
      <input_file id="fl-12f">
         <path>C:\ti\ccsv6\tools\compiler\arm_15.12.3.LTS\lib\</path>
         <kind>archive</kind>
         <file>rtsv7M4_T_le_v4SPD16_eabi.lib</file>
         <name>ull_div_t2.obj</name>
      </input_file>
      <input_file id="fl-130">
         <path>C:\ti\ccsv6\tools\compiler\arm_15.12.3.LTS\lib\</path>
         <kind>archive</kind>
         <file>rtsv7M4_T_le_v4SPD16_eabi.lib</file>
         <name>_io_perm.obj</name>
      </input_file>
      <input_file id="fl-131">
         <path>C:\ti\ccsv6\tools\compiler\arm_15.12.3.LTS\lib\</path>
         <kind>archive</kind>
         <file>rtsv7M4_T_le_v4SPD16_eabi.lib</file>
         <name>fflush.obj</name>
      </input_file>
      <input_file id="fl-132">
         <path>C:\ti\ccsv6\tools\compiler\arm_15.12.3.LTS\lib\</path>
         <kind>archive</kind>
         <file>rtsv7M4_T_le_v4SPD16_eabi.lib</file>
         <name>fseek.obj</name>
      </input_file>
      <input_file id="fl-133">
         <path>C:\ti\ccsv6\tools\compiler\arm_15.12.3.LTS\lib\</path>
         <kind>archive</kind>
         <file>rtsv7M4_T_le_v4SPD16_eabi.lib</file>
         <name>l_div0.obj</name>
      </input_file>
      <input_file id="fl-134">
         <path>C:\ti\ccsv6\tools\compiler\arm_15.12.3.LTS\lib\</path>
         <kind>archive</kind>
         <file>rtsv7M4_T_le_v4SPD16_eabi.lib</file>
         <name>setvbuf.obj</name>
      </input_file>
      <input_file id="fl-135">
         <path>C:\ti\ccsv6\tools\compiler\arm_15.12.3.LTS\lib\</path>
         <kind>archive</kind>
         <file>rtsv7M4_T_le_v4SPD16_eabi.lib</file>
         <name>fopen.obj</name>
      </input_file>
      <input_file id="fl-136">
         <path>C:\ti\ccsv6\tools\compiler\arm_15.12.3.LTS\lib\</path>
         <kind>archive</kind>
         <file>rtsv7M4_T_le_v4SPD16_eabi.lib</file>
         <name>memory.obj</name>
      </input_file>
      <input_file id="fl-137">
         <path>C:\ti\ccsv6\tools\compiler\arm_15.12.3.LTS\lib\</path>
         <kind>archive</kind>
         <file>rtsv7M4_T_le_v4SPD16_eabi.lib</file>
         <name>fclose.obj</name>
      </input_file>
      <input_file id="fl-138">
         <path>C:\ti\ccsv6\tools\compiler\arm_15.12.3.LTS\lib\</path>
         <kind>archive</kind>
         <file>rtsv7M4_T_le_v4SPD16_eabi.lib</file>
         <name>remove.obj</name>
      </input_file>
   </input_file_list>
   <object_component_list>
      <object_component id="oc-f">
         <name>.intvecs</name>
         <load_address>0x0</load_address>
         <run_address>0x0</run_address>
         <size>0x26c</size>
         <input_file_ref idref="fl-7"/>
      </object_component>
      <object_component id="oc-b3">
         <name>.text</name>
         <load_address>0x26c</load_address>
         <run_address>0x26c</run_address>
         <size>0x33b0</size>
         <input_file_ref idref="fl-14"/>
      </object_component>
      <object_component id="oc-101">
         <name>.text</name>
         <load_address>0x361c</load_address>
         <run_address>0x361c</run_address>
         <size>0x1b64</size>
         <input_file_ref idref="fl-a"/>
      </object_component>
      <object_component id="oc-3aa">
         <name>.text</name>
         <load_address>0x5180</load_address>
         <run_address>0x5180</run_address>
         <size>0x1110</size>
         <input_file_ref idref="fl-10f"/>
      </object_component>
      <object_component id="oc-3a">
         <name>.text</name>
         <load_address>0x6290</load_address>
         <run_address>0x6290</run_address>
         <size>0xe34</size>
         <input_file_ref idref="fl-6"/>
      </object_component>
      <object_component id="oc-46">
         <name>.text</name>
         <load_address>0x70c4</load_address>
         <run_address>0x70c4</run_address>
         <size>0xd84</size>
         <input_file_ref idref="fl-c"/>
      </object_component>
      <object_component id="oc-13d">
         <name>.text</name>
         <load_address>0x7e48</load_address>
         <run_address>0x7e48</run_address>
         <size>0xb18</size>
         <input_file_ref idref="fl-12"/>
      </object_component>
      <object_component id="oc-4c">
         <name>.text</name>
         <load_address>0x8960</load_address>
         <run_address>0x8960</run_address>
         <size>0xb04</size>
         <input_file_ref idref="fl-9"/>
      </object_component>
      <object_component id="oc-ad">
         <name>.text</name>
         <load_address>0x9464</load_address>
         <run_address>0x9464</run_address>
         <size>0x9d4</size>
         <input_file_ref idref="fl-13"/>
      </object_component>
      <object_component id="oc-34">
         <name>.text</name>
         <load_address>0x9e38</load_address>
         <run_address>0x9e38</run_address>
         <size>0x9c8</size>
         <input_file_ref idref="fl-10"/>
      </object_component>
      <object_component id="oc-4fa">
         <name>.text</name>
         <load_address>0xa800</load_address>
         <run_address>0xa800</run_address>
         <size>0x92a</size>
         <input_file_ref idref="fl-110"/>
      </object_component>
      <object_component id="oc-55f">
         <name>.text</name>
         <load_address>0xb12a</load_address>
         <run_address>0xb12a</run_address>
         <size>0x2</size>
         <input_file_ref idref="fl-117"/>
      </object_component>
      <object_component id="oc-40">
         <name>.text</name>
         <load_address>0xb12c</load_address>
         <run_address>0xb12c</run_address>
         <size>0x73c</size>
         <input_file_ref idref="fl-b"/>
      </object_component>
      <object_component id="oc-143">
         <name>.text</name>
         <load_address>0xb868</load_address>
         <run_address>0xb868</run_address>
         <size>0x6fc</size>
         <input_file_ref idref="fl-4"/>
      </object_component>
      <object_component id="oc-ef">
         <name>.text</name>
         <load_address>0xbf64</load_address>
         <run_address>0xbf64</run_address>
         <size>0x4dc</size>
         <input_file_ref idref="fl-e"/>
      </object_component>
      <object_component id="oc-58">
         <name>.text</name>
         <load_address>0xc440</load_address>
         <run_address>0xc440</run_address>
         <size>0x3e8</size>
         <input_file_ref idref="fl-8"/>
      </object_component>
      <object_component id="oc-70f">
         <name>.text</name>
         <load_address>0xc828</load_address>
         <run_address>0xc828</run_address>
         <size>0x3dc</size>
         <input_file_ref idref="fl-136"/>
      </object_component>
      <object_component id="oc-728">
         <name>.text</name>
         <load_address>0xcc04</load_address>
         <run_address>0xcc04</run_address>
         <size>0x324</size>
         <input_file_ref idref="fl-12d"/>
      </object_component>
      <object_component id="oc-52">
         <name>.text</name>
         <load_address>0xcf28</load_address>
         <run_address>0xcf28</run_address>
         <size>0x310</size>
         <input_file_ref idref="fl-f"/>
      </object_component>
      <object_component id="oc-619">
         <name>.text</name>
         <load_address>0xd238</load_address>
         <run_address>0xd238</run_address>
         <size>0x30c</size>
         <input_file_ref idref="fl-11e"/>
      </object_component>
      <object_component id="oc-2bd">
         <name>.text</name>
         <load_address>0xd544</load_address>
         <run_address>0xd544</run_address>
         <size>0x2bc</size>
         <input_file_ref idref="fl-f5"/>
      </object_component>
      <object_component id="oc-4d5">
         <name>.text</name>
         <load_address>0xd800</load_address>
         <run_address>0xd800</run_address>
         <size>0x23c</size>
         <input_file_ref idref="fl-108"/>
      </object_component>
      <object_component id="oc-4e7">
         <name>.text</name>
         <load_address>0xda3c</load_address>
         <run_address>0xda3c</run_address>
         <size>0x21e</size>
         <input_file_ref idref="fl-11c"/>
      </object_component>
      <object_component id="oc-56e">
         <name>.text</name>
         <load_address>0xdc5a</load_address>
         <run_address>0xdc5a</run_address>
         <size>0x1f4</size>
         <input_file_ref idref="fl-12f"/>
      </object_component>
      <object_component id="oc-642">
         <name>.text</name>
         <load_address>0xde4e</load_address>
         <run_address>0xde4e</run_address>
         <size>0x2</size>
         <input_file_ref idref="fl-133"/>
      </object_component>
      <object_component id="oc-3df">
         <name>.text:SysCtlClockFreqSet</name>
         <load_address>0xde50</load_address>
         <run_address>0xde50</run_address>
         <size>0x1ec</size>
         <input_file_ref idref="fl-24"/>
      </object_component>
      <object_component id="oc-660">
         <name>.text</name>
         <load_address>0xe03c</load_address>
         <run_address>0xe03c</run_address>
         <size>0x1e4</size>
         <input_file_ref idref="fl-12a"/>
      </object_component>
      <object_component id="oc-715">
         <name>.text</name>
         <load_address>0xe220</load_address>
         <run_address>0xe220</run_address>
         <size>0x1c4</size>
         <input_file_ref idref="fl-135"/>
      </object_component>
      <object_component id="oc-2a9">
         <name>.text</name>
         <load_address>0xe3e4</load_address>
         <run_address>0xe3e4</run_address>
         <size>0x1b6</size>
         <input_file_ref idref="fl-ea"/>
      </object_component>
      <object_component id="oc-86">
         <name>.text</name>
         <load_address>0xe59a</load_address>
         <run_address>0xe59a</run_address>
         <size>0x2</size>
         <input_file_ref idref="fl-f6"/>
      </object_component>
      <object_component id="oc-65a">
         <name>.text</name>
         <load_address>0xe59c</load_address>
         <run_address>0xe59c</run_address>
         <size>0x16c</size>
         <input_file_ref idref="fl-12c"/>
      </object_component>
      <object_component id="oc-2a4">
         <name>.text</name>
         <load_address>0xe708</load_address>
         <run_address>0xe708</run_address>
         <size>0x136</size>
         <input_file_ref idref="fl-ec"/>
      </object_component>
      <object_component id="oc-30d">
         <name>.text</name>
         <load_address>0xe83e</load_address>
         <run_address>0xe83e</run_address>
         <size>0x2</size>
         <input_file_ref idref="fl-125"/>
      </object_component>
      <object_component id="oc-4c1">
         <name>.text</name>
         <load_address>0xe840</load_address>
         <run_address>0xe840</run_address>
         <size>0x134</size>
         <input_file_ref idref="fl-116"/>
      </object_component>
      <object_component id="oc-2d0">
         <name>.text</name>
         <load_address>0xe974</load_address>
         <run_address>0xe974</run_address>
         <size>0x134</size>
         <input_file_ref idref="fl-10a"/>
      </object_component>
      <object_component id="oc-247">
         <name>.text:GPIOPadConfigSet</name>
         <load_address>0xeaa8</load_address>
         <run_address>0xeaa8</run_address>
         <size>0x132</size>
         <input_file_ref idref="fl-1f"/>
      </object_component>
      <object_component id="oc-340">
         <name>.text</name>
         <load_address>0xebdc</load_address>
         <run_address>0xebdc</run_address>
         <size>0x128</size>
         <input_file_ref idref="fl-15"/>
      </object_component>
      <object_component id="oc-654">
         <name>.text</name>
         <load_address>0xed04</load_address>
         <run_address>0xed04</run_address>
         <size>0x114</size>
         <input_file_ref idref="fl-12b"/>
      </object_component>
      <object_component id="oc-196">
         <name>.text:SysCtlClockGet</name>
         <load_address>0xee18</load_address>
         <run_address>0xee18</run_address>
         <size>0x110</size>
         <input_file_ref idref="fl-24"/>
      </object_component>
      <object_component id="oc-2b3">
         <name>.text</name>
         <load_address>0xef28</load_address>
         <run_address>0xef28</run_address>
         <size>0xfc</size>
         <input_file_ref idref="fl-ed"/>
      </object_component>
      <object_component id="oc-58e">
         <name>.text</name>
         <load_address>0xf024</load_address>
         <run_address>0xf024</run_address>
         <size>0xfc</size>
         <input_file_ref idref="fl-fb"/>
      </object_component>
      <object_component id="oc-137">
         <name>.text:SysCtlClockSet</name>
         <load_address>0xf120</load_address>
         <run_address>0xf120</run_address>
         <size>0xf4</size>
         <input_file_ref idref="fl-24"/>
      </object_component>
      <object_component id="oc-6ca">
         <name>.text</name>
         <load_address>0xf214</load_address>
         <run_address>0xf214</run_address>
         <size>0xdc</size>
         <input_file_ref idref="fl-134"/>
      </object_component>
      <object_component id="oc-2ca">
         <name>.text</name>
         <load_address>0xf2f0</load_address>
         <run_address>0xf2f0</run_address>
         <size>0xcc</size>
         <input_file_ref idref="fl-ff"/>
      </object_component>
      <object_component id="oc-613">
         <name>.text</name>
         <load_address>0xf3bc</load_address>
         <run_address>0xf3bc</run_address>
         <size>0xc8</size>
         <input_file_ref idref="fl-131"/>
      </object_component>
      <object_component id="oc-10d">
         <name>.text</name>
         <load_address>0xf484</load_address>
         <run_address>0xf484</run_address>
         <size>0xac</size>
         <input_file_ref idref="fl-16"/>
      </object_component>
      <object_component id="oc-60d">
         <name>.text</name>
         <load_address>0xf530</load_address>
         <run_address>0xf530</run_address>
         <size>0xac</size>
         <input_file_ref idref="fl-130"/>
      </object_component>
      <object_component id="oc-61">
         <name>.text</name>
         <load_address>0xf5dc</load_address>
         <run_address>0xf5dc</run_address>
         <size>0x9c</size>
         <input_file_ref idref="fl-f3"/>
      </object_component>
      <object_component id="oc-749">
         <name>.text</name>
         <load_address>0xf678</load_address>
         <run_address>0xf678</run_address>
         <size>0x98</size>
         <input_file_ref idref="fl-137"/>
      </object_component>
      <object_component id="oc-4bb">
         <name>.text</name>
         <load_address>0xf710</load_address>
         <run_address>0xf710</run_address>
         <size>0x98</size>
         <input_file_ref idref="fl-115"/>
      </object_component>
      <object_component id="oc-573">
         <name>.text:__aeabi_cdcmple</name>
         <load_address>0xf7a8</load_address>
         <run_address>0xf7a8</run_address>
         <size>0x86</size>
         <input_file_ref idref="fl-eb"/>
      </object_component>
      <object_component id="oc-578">
         <name>.text:__aeabi_cdrcmple</name>
         <load_address>0xf82e</load_address>
         <run_address>0xf82e</run_address>
         <size>0x86</size>
         <input_file_ref idref="fl-eb"/>
      </object_component>
      <object_component id="oc-1fc">
         <name>.text:ADCSequenceStepConfigure</name>
         <load_address>0xf8b4</load_address>
         <run_address>0xf8b4</run_address>
         <size>0x7a</size>
         <input_file_ref idref="fl-1d"/>
      </object_component>
      <object_component id="oc-7a">
         <name>.text</name>
         <load_address>0xf92e</load_address>
         <run_address>0xf92e</run_address>
         <size>0x7a</size>
         <input_file_ref idref="fl-f4"/>
      </object_component>
      <object_component id="oc-92">
         <name>.text</name>
         <load_address>0xf9a8</load_address>
         <run_address>0xf9a8</run_address>
         <size>0x70</size>
         <input_file_ref idref="fl-112"/>
      </object_component>
      <object_component id="oc-26f">
         <name>.text</name>
         <load_address>0xfa18</load_address>
         <run_address>0xfa18</run_address>
         <size>0x70</size>
         <input_file_ref idref="fl-f8"/>
      </object_component>
      <object_component id="oc-2ae">
         <name>.text</name>
         <load_address>0xfa88</load_address>
         <run_address>0xfa88</run_address>
         <size>0x6e</size>
         <input_file_ref idref="fl-ef"/>
      </object_component>
      <object_component id="oc-6d">
         <name>.text</name>
         <load_address>0xfaf6</load_address>
         <run_address>0xfaf6</run_address>
         <size>0x6a</size>
         <input_file_ref idref="fl-e1"/>
      </object_component>
      <object_component id="oc-28b">
         <name>.text:IntDisable</name>
         <load_address>0xfb60</load_address>
         <run_address>0xfb60</run_address>
         <size>0x68</size>
         <input_file_ref idref="fl-21"/>
      </object_component>
      <object_component id="oc-167">
         <name>.text:IntEnable</name>
         <load_address>0xfbc8</load_address>
         <run_address>0xfbc8</run_address>
         <size>0x68</size>
         <input_file_ref idref="fl-21"/>
      </object_component>
      <object_component id="oc-754">
         <name>.text</name>
         <load_address>0xfc30</load_address>
         <run_address>0xfc30</run_address>
         <size>0x68</size>
         <input_file_ref idref="fl-12e"/>
      </object_component>
      <object_component id="oc-6c4">
         <name>.text</name>
         <load_address>0xfc98</load_address>
         <run_address>0xfc98</run_address>
         <size>0x64</size>
         <input_file_ref idref="fl-132"/>
      </object_component>
      <object_component id="oc-588">
         <name>.text</name>
         <load_address>0xfcfc</load_address>
         <run_address>0xfcfc</run_address>
         <size>0x64</size>
         <input_file_ref idref="fl-124"/>
      </object_component>
      <object_component id="oc-190">
         <name>.text:TimerConfigure</name>
         <load_address>0xfd60</load_address>
         <run_address>0xfd60</run_address>
         <size>0x60</size>
         <input_file_ref idref="fl-25"/>
      </object_component>
      <object_component id="oc-fb">
         <name>.text</name>
         <load_address>0xfdc0</load_address>
         <run_address>0xfdc0</run_address>
         <size>0x60</size>
         <input_file_ref idref="fl-fe"/>
      </object_component>
      <object_component id="oc-1f6">
         <name>.text:ADCSequenceConfigure</name>
         <load_address>0xfe20</load_address>
         <run_address>0xfe20</run_address>
         <size>0x58</size>
         <input_file_ref idref="fl-1d"/>
      </object_component>
      <object_component id="oc-582">
         <name>.text</name>
         <load_address>0xfe78</load_address>
         <run_address>0xfe78</run_address>
         <size>0x56</size>
         <input_file_ref idref="fl-11f"/>
      </object_component>
      <object_component id="oc-24">
         <name>.text</name>
         <load_address>0xfed0</load_address>
         <run_address>0xfed0</run_address>
         <size>0x54</size>
         <input_file_ref idref="fl-df"/>
      </object_component>
      <object_component id="oc-9e">
         <name>.text</name>
         <load_address>0xff24</load_address>
         <run_address>0xff24</run_address>
         <size>0x54</size>
         <input_file_ref idref="fl-e9"/>
      </object_component>
      <object_component id="oc-429">
         <name>.text:SysCtlPeripheralReset</name>
         <load_address>0xff78</load_address>
         <run_address>0xff78</run_address>
         <size>0x50</size>
         <input_file_ref idref="fl-24"/>
      </object_component>
      <object_component id="oc-43b">
         <name>.text:I2CMasterInitExpClk</name>
         <load_address>0xffc8</load_address>
         <run_address>0xffc8</run_address>
         <size>0x4c</size>
         <input_file_ref idref="fl-20"/>
      </object_component>
      <object_component id="oc-293">
         <name>.text</name>
         <load_address>0x10014</load_address>
         <run_address>0x10014</run_address>
         <size>0x4c</size>
         <input_file_ref idref="fl-de"/>
      </object_component>
      <object_component id="oc-307">
         <name>.text</name>
         <load_address>0x10060</load_address>
         <run_address>0x10060</run_address>
         <size>0x4c</size>
         <input_file_ref idref="fl-113"/>
      </object_component>
      <object_component id="oc-1ba">
         <name>.text:GPIOPinConfigure</name>
         <load_address>0x100ac</load_address>
         <run_address>0x100ac</run_address>
         <size>0x48</size>
         <input_file_ref idref="fl-1f"/>
      </object_component>
      <object_component id="oc-5d2">
         <name>.text:_SysCtlFrequencyGet</name>
         <load_address>0x100f4</load_address>
         <run_address>0x100f4</run_address>
         <size>0x48</size>
         <input_file_ref idref="fl-24"/>
      </object_component>
      <object_component id="oc-57d">
         <name>.text</name>
         <load_address>0x1013c</load_address>
         <run_address>0x1013c</run_address>
         <size>0x48</size>
         <input_file_ref idref="fl-ee"/>
      </object_component>
      <object_component id="oc-27e">
         <name>.text:UARTConfigSetExpClk</name>
         <load_address>0x10184</load_address>
         <run_address>0x10184</run_address>
         <size>0x46</size>
         <input_file_ref idref="fl-26"/>
      </object_component>
      <object_component id="oc-2b8">
         <name>.text</name>
         <load_address>0x101ca</load_address>
         <run_address>0x101ca</run_address>
         <size>0x44</size>
         <input_file_ref idref="fl-f0"/>
      </object_component>
      <object_component id="oc-3b2">
         <name>.text</name>
         <load_address>0x10210</load_address>
         <run_address>0x10210</run_address>
         <size>0x40</size>
         <input_file_ref idref="fl-109"/>
      </object_component>
      <object_component id="oc-399">
         <name>.text</name>
         <load_address>0x10250</load_address>
         <run_address>0x10250</run_address>
         <size>0x40</size>
         <input_file_ref idref="fl-10c"/>
      </object_component>
      <object_component id="oc-3fe">
         <name>.text:SSIConfigSetExpClk</name>
         <load_address>0x10290</load_address>
         <run_address>0x10290</run_address>
         <size>0x3c</size>
         <input_file_ref idref="fl-23"/>
      </object_component>
      <object_component id="oc-17e">
         <name>.text</name>
         <load_address>0x102cc</load_address>
         <run_address>0x102cc</run_address>
         <size>0x38</size>
         <input_file_ref idref="fl-f1"/>
      </object_component>
      <object_component id="oc-d7">
         <name>.text:SysCtlPeripheralEnable</name>
         <load_address>0x10304</load_address>
         <run_address>0x10304</run_address>
         <size>0x34</size>
         <input_file_ref idref="fl-24"/>
      </object_component>
      <object_component id="oc-f5">
         <name>.text</name>
         <load_address>0x10338</load_address>
         <run_address>0x10338</run_address>
         <size>0x34</size>
         <input_file_ref idref="fl-107"/>
      </object_component>
      <object_component id="oc-c5">
         <name>.text</name>
         <load_address>0x1036c</load_address>
         <run_address>0x1036c</run_address>
         <size>0x30</size>
         <input_file_ref idref="fl-106"/>
      </object_component>
      <object_component id="oc-214">
         <name>.text:ADCIntStatus</name>
         <load_address>0x1039c</load_address>
         <run_address>0x1039c</run_address>
         <size>0x2e</size>
         <input_file_ref idref="fl-1d"/>
      </object_component>
      <object_component id="oc-299">
         <name>.text</name>
         <load_address>0x103ca</load_address>
         <run_address>0x103ca</run_address>
         <size>0x2e</size>
         <input_file_ref idref="fl-f2"/>
      </object_component>
      <object_component id="oc-493">
         <name>.text:GPIODirModeSet</name>
         <load_address>0x103f8</load_address>
         <run_address>0x103f8</run_address>
         <size>0x2a</size>
         <input_file_ref idref="fl-1f"/>
      </object_component>
      <object_component id="oc-5b3">
         <name>.text</name>
         <load_address>0x10422</load_address>
         <run_address>0x10422</run_address>
         <size>0x2a</size>
         <input_file_ref idref="fl-129"/>
      </object_component>
      <object_component id="oc-5b9">
         <name>.text</name>
         <load_address>0x1044c</load_address>
         <run_address>0x1044c</run_address>
         <size>0x24</size>
         <input_file_ref idref="fl-127"/>
      </object_component>
      <object_component id="oc-253">
         <name>.text:PWMGenConfigure</name>
         <load_address>0x10470</load_address>
         <run_address>0x10470</run_address>
         <size>0x22</size>
         <input_file_ref idref="fl-22"/>
      </object_component>
      <object_component id="oc-2df">
         <name>.text:UARTDisable</name>
         <load_address>0x10494</load_address>
         <run_address>0x10494</run_address>
         <size>0x20</size>
         <input_file_ref idref="fl-26"/>
      </object_component>
      <object_component id="oc-5cc">
         <name>.text:_SysCtlMemTimingGet</name>
         <load_address>0x104b4</load_address>
         <run_address>0x104b4</run_address>
         <size>0x20</size>
         <input_file_ref idref="fl-24"/>
      </object_component>
      <object_component id="oc-621">
         <name>.text</name>
         <load_address>0x104d4</load_address>
         <run_address>0x104d4</run_address>
         <size>0x20</size>
         <input_file_ref idref="fl-121"/>
      </object_component>
      <object_component id="oc-21a">
         <name>.text:ADCSequenceDataGet</name>
         <load_address>0x104f4</load_address>
         <run_address>0x104f4</run_address>
         <size>0x1e</size>
         <input_file_ref idref="fl-1d"/>
      </object_component>
      <object_component id="oc-238">
         <name>.text:PWMPulseWidthSet</name>
         <load_address>0x10512</load_address>
         <run_address>0x10512</run_address>
         <size>0x1e</size>
         <input_file_ref idref="fl-22"/>
      </object_component>
      <object_component id="oc-d1">
         <name>.text</name>
         <load_address>0x10530</load_address>
         <run_address>0x10530</run_address>
         <size>0x1e</size>
         <input_file_ref idref="fl-101"/>
      </object_component>
      <object_component id="oc-59a">
         <name>.text</name>
         <load_address>0x1054e</load_address>
         <run_address>0x1054e</run_address>
         <size>0x1c</size>
         <input_file_ref idref="fl-120"/>
      </object_component>
      <object_component id="oc-20e">
         <name>.text:ADCProcessorTrigger</name>
         <load_address>0x1056a</load_address>
         <run_address>0x1056a</run_address>
         <size>0x18</size>
         <input_file_ref idref="fl-1d"/>
      </object_component>
      <object_component id="oc-220">
         <name>.text:GPIOPinTypeGPIOOutput</name>
         <load_address>0x10582</load_address>
         <run_address>0x10582</run_address>
         <size>0x18</size>
         <input_file_ref idref="fl-1f"/>
      </object_component>
      <object_component id="oc-14f">
         <name>.text:TimerDisable</name>
         <load_address>0x1059c</load_address>
         <run_address>0x1059c</run_address>
         <size>0x18</size>
         <input_file_ref idref="fl-25"/>
      </object_component>
      <object_component id="oc-98">
         <name>.text</name>
         <load_address>0x105b4</load_address>
         <run_address>0x105b4</run_address>
         <size>0x18</size>
         <input_file_ref idref="fl-111"/>
      </object_component>
      <object_component id="oc-4e2">
         <name>.text</name>
         <load_address>0x105cc</load_address>
         <run_address>0x105cc</run_address>
         <size>0x18</size>
         <input_file_ref idref="fl-11d"/>
      </object_component>
      <object_component id="oc-cb">
         <name>.text</name>
         <load_address>0x105e4</load_address>
         <run_address>0x105e4</run_address>
         <size>0x18</size>
         <input_file_ref idref="fl-102"/>
      </object_component>
      <object_component id="oc-667">
         <name>.text</name>
         <load_address>0x105fc</load_address>
         <run_address>0x105fc</run_address>
         <size>0x18</size>
         <input_file_ref idref="fl-128"/>
      </object_component>
      <object_component id="oc-594">
         <name>.text</name>
         <load_address>0x10614</load_address>
         <run_address>0x10614</run_address>
         <size>0x16</size>
         <input_file_ref idref="fl-126"/>
      </object_component>
      <object_component id="oc-161">
         <name>.text:UARTEnable</name>
         <load_address>0x1062a</load_address>
         <run_address>0x1062a</run_address>
         <size>0x14</size>
         <input_file_ref idref="fl-26"/>
      </object_component>
      <object_component id="oc-524">
         <name>.text</name>
         <load_address>0x10640</load_address>
         <run_address>0x10640</run_address>
         <size>0x14</size>
         <input_file_ref idref="fl-10e"/>
      </object_component>
      <object_component id="oc-69b">
         <name>.text</name>
         <load_address>0x10654</load_address>
         <run_address>0x10654</run_address>
         <size>0x14</size>
         <input_file_ref idref="fl-122"/>
      </object_component>
      <object_component id="oc-b9">
         <name>.text</name>
         <load_address>0x10668</load_address>
         <run_address>0x10668</run_address>
         <size>0x14</size>
         <input_file_ref idref="fl-103"/>
      </object_component>
      <object_component id="oc-bf">
         <name>.text</name>
         <load_address>0x1067c</load_address>
         <run_address>0x1067c</run_address>
         <size>0x14</size>
         <input_file_ref idref="fl-104"/>
      </object_component>
      <object_component id="oc-1f0">
         <name>.text:GPIOPinTypeADC</name>
         <load_address>0x10690</load_address>
         <run_address>0x10690</run_address>
         <size>0x12</size>
         <input_file_ref idref="fl-1f"/>
      </object_component>
      <object_component id="oc-241">
         <name>.text:GPIOPinTypeGPIOInput</name>
         <load_address>0x106a2</load_address>
         <run_address>0x106a2</run_address>
         <size>0x12</size>
         <input_file_ref idref="fl-1f"/>
      </object_component>
      <object_component id="oc-435">
         <name>.text:GPIOPinTypeI2C</name>
         <load_address>0x106b4</load_address>
         <run_address>0x106b4</run_address>
         <size>0x12</size>
         <input_file_ref idref="fl-1f"/>
      </object_component>
      <object_component id="oc-42f">
         <name>.text:GPIOPinTypeI2CSCL</name>
         <load_address>0x106c6</load_address>
         <run_address>0x106c6</run_address>
         <size>0x12</size>
         <input_file_ref idref="fl-1f"/>
      </object_component>
      <object_component id="oc-24d">
         <name>.text:GPIOPinTypePWM</name>
         <load_address>0x106d8</load_address>
         <run_address>0x106d8</run_address>
         <size>0x12</size>
         <input_file_ref idref="fl-1f"/>
      </object_component>
      <object_component id="oc-3f8">
         <name>.text:GPIOPinTypeSSI</name>
         <load_address>0x106ea</load_address>
         <run_address>0x106ea</run_address>
         <size>0x12</size>
         <input_file_ref idref="fl-1f"/>
      </object_component>
      <object_component id="oc-226">
         <name>.text:GPIOPinTypeTimer</name>
         <load_address>0x106fc</load_address>
         <run_address>0x106fc</run_address>
         <size>0x12</size>
         <input_file_ref idref="fl-1f"/>
      </object_component>
      <object_component id="oc-1c0">
         <name>.text:GPIOPinTypeUART</name>
         <load_address>0x1070e</load_address>
         <run_address>0x1070e</run_address>
         <size>0x12</size>
         <input_file_ref idref="fl-1f"/>
      </object_component>
      <object_component id="oc-259">
         <name>.text:PWMOutputState</name>
         <load_address>0x10720</load_address>
         <run_address>0x10720</run_address>
         <size>0x12</size>
         <input_file_ref idref="fl-22"/>
      </object_component>
      <object_component id="oc-19c">
         <name>.text:TimerLoadSet</name>
         <load_address>0x10732</load_address>
         <run_address>0x10732</run_address>
         <size>0x12</size>
         <input_file_ref idref="fl-25"/>
      </object_component>
      <object_component id="oc-22c">
         <name>.text:TimerMatchSet</name>
         <load_address>0x10744</load_address>
         <run_address>0x10744</run_address>
         <size>0x12</size>
         <input_file_ref idref="fl-25"/>
      </object_component>
      <object_component id="oc-29e">
         <name>.text</name>
         <load_address>0x10756</load_address>
         <run_address>0x10756</run_address>
         <size>0x12</size>
         <input_file_ref idref="fl-dd"/>
      </object_component>
      <object_component id="oc-131">
         <name>.text:FPULazyStackingEnable</name>
         <load_address>0x10768</load_address>
         <run_address>0x10768</run_address>
         <size>0x10</size>
         <input_file_ref idref="fl-1e"/>
      </object_component>
      <object_component id="oc-1a8">
         <name>.text:IntMasterEnable</name>
         <load_address>0x10778</load_address>
         <run_address>0x10778</run_address>
         <size>0x10</size>
         <input_file_ref idref="fl-21"/>
      </object_component>
      <object_component id="oc-232">
         <name>.text:PWMGenPeriodSet</name>
         <load_address>0x10788</load_address>
         <run_address>0x10788</run_address>
         <size>0x10</size>
         <input_file_ref idref="fl-22"/>
      </object_component>
      <object_component id="oc-265">
         <name>.text:SysCtlReset</name>
         <load_address>0x10798</load_address>
         <run_address>0x10798</run_address>
         <size>0x10</size>
         <input_file_ref idref="fl-24"/>
      </object_component>
      <object_component id="oc-202">
         <name>.text:ADCSequenceEnable</name>
         <load_address>0x107a8</load_address>
         <run_address>0x107a8</run_address>
         <size>0xe</size>
         <input_file_ref idref="fl-1d"/>
      </object_component>
      <object_component id="oc-155">
         <name>.text:TimerEnable</name>
         <load_address>0x107b6</load_address>
         <run_address>0x107b6</run_address>
         <size>0xe</size>
         <input_file_ref idref="fl-25"/>
      </object_component>
      <object_component id="oc-1de">
         <name>.text:UARTCharGetNonBlocking</name>
         <load_address>0x107c4</load_address>
         <run_address>0x107c4</run_address>
         <size>0xe</size>
         <input_file_ref idref="fl-26"/>
      </object_component>
      <object_component id="oc-1ea">
         <name>.text:UARTCharsAvail</name>
         <load_address>0x107d2</load_address>
         <run_address>0x107d2</run_address>
         <size>0xe</size>
         <input_file_ref idref="fl-26"/>
      </object_component>
      <object_component id="oc-12">
         <name>.text:decompress:none</name>
         <load_address>0x107e0</load_address>
         <run_address>0x107e0</run_address>
         <size>0xe</size>
         <input_file_ref idref="fl-e0"/>
      </object_component>
      <object_component id="oc-485">
         <name>.text:CPUcpsie</name>
         <load_address>0x107ee</load_address>
         <run_address>0x107ee</run_address>
         <size>0xc</size>
         <input_file_ref idref="fl-27"/>
      </object_component>
      <object_component id="oc-25f">
         <name>.text:PWMGenEnable</name>
         <load_address>0x107fa</load_address>
         <run_address>0x107fa</run_address>
         <size>0xc</size>
         <input_file_ref idref="fl-22"/>
      </object_component>
      <object_component id="oc-2e">
         <name>.text</name>
         <load_address>0x10806</load_address>
         <run_address>0x10806</run_address>
         <size>0xc</size>
         <input_file_ref idref="fl-7"/>
      </object_component>
      <object_component id="oc-208">
         <name>.text:ADCIntClear</name>
         <load_address>0x10812</load_address>
         <run_address>0x10812</run_address>
         <size>0xa</size>
         <input_file_ref idref="fl-1d"/>
      </object_component>
      <object_component id="oc-5f2">
         <name>.text:I2CMasterEnable</name>
         <load_address>0x1081c</load_address>
         <run_address>0x1081c</run_address>
         <size>0xa</size>
         <input_file_ref idref="fl-20"/>
      </object_component>
      <object_component id="oc-3e5">
         <name>.text:SSIDataPut</name>
         <load_address>0x10826</load_address>
         <run_address>0x10826</run_address>
         <size>0xa</size>
         <input_file_ref idref="fl-23"/>
      </object_component>
      <object_component id="oc-404">
         <name>.text:SSIEnable</name>
         <load_address>0x10830</load_address>
         <run_address>0x10830</run_address>
         <size>0xa</size>
         <input_file_ref idref="fl-23"/>
      </object_component>
      <object_component id="oc-1e4">
         <name>.text:UARTCharPut</name>
         <load_address>0x1083a</load_address>
         <run_address>0x1083a</run_address>
         <size>0xa</size>
         <input_file_ref idref="fl-26"/>
      </object_component>
      <object_component id="oc-1d2">
         <name>.text:UARTIntStatus</name>
         <load_address>0x10844</load_address>
         <run_address>0x10844</run_address>
         <size>0xa</size>
         <input_file_ref idref="fl-26"/>
      </object_component>
      <object_component id="oc-411">
         <name>.text:I2CMasterBusy</name>
         <load_address>0x1084e</load_address>
         <run_address>0x1084e</run_address>
         <size>0x8</size>
         <input_file_ref idref="fl-20"/>
      </object_component>
      <object_component id="oc-40b">
         <name>.text:I2CMasterSlaveAddrSet</name>
         <load_address>0x10856</load_address>
         <run_address>0x10856</run_address>
         <size>0x8</size>
         <input_file_ref idref="fl-20"/>
      </object_component>
      <object_component id="oc-3eb">
         <name>.text:SSIBusy</name>
         <load_address>0x1085e</load_address>
         <run_address>0x1085e</run_address>
         <size>0x8</size>
         <input_file_ref idref="fl-23"/>
      </object_component>
      <object_component id="oc-1a2">
         <name>.text:TimerIntEnable</name>
         <load_address>0x10866</load_address>
         <run_address>0x10866</run_address>
         <size>0x8</size>
         <input_file_ref idref="fl-25"/>
      </object_component>
      <object_component id="oc-275">
         <name>.text:UARTBusy</name>
         <load_address>0x1086e</load_address>
         <run_address>0x1086e</run_address>
         <size>0x8</size>
         <input_file_ref idref="fl-26"/>
      </object_component>
      <object_component id="oc-1cc">
         <name>.text:UARTIntEnable</name>
         <load_address>0x10876</load_address>
         <run_address>0x10876</run_address>
         <size>0x8</size>
         <input_file_ref idref="fl-26"/>
      </object_component>
      <object_component id="oc-149">
         <name>.text:GPIOPinWrite</name>
         <load_address>0x1087e</load_address>
         <run_address>0x1087e</run_address>
         <size>0x6</size>
         <input_file_ref idref="fl-1f"/>
      </object_component>
      <object_component id="oc-1b4">
         <name>.text:PWMGenIntClear</name>
         <load_address>0x10884</load_address>
         <run_address>0x10884</run_address>
         <size>0x6</size>
         <input_file_ref idref="fl-22"/>
      </object_component>
      <object_component id="oc-27b">
         <name>.text:SysCtlDelay</name>
         <load_address>0x1088a</load_address>
         <run_address>0x1088a</run_address>
         <size>0x6</size>
         <input_file_ref idref="fl-24"/>
      </object_component>
      <object_component id="oc-1c6">
         <name>.text:UARTClockSourceSet</name>
         <load_address>0x10890</load_address>
         <run_address>0x10890</run_address>
         <size>0x6</size>
         <input_file_ref idref="fl-26"/>
      </object_component>
      <object_component id="oc-18">
         <name>.text:decompress:rle24</name>
         <load_address>0x10896</load_address>
         <run_address>0x10896</run_address>
         <size>0x6</size>
         <input_file_ref idref="fl-e1"/>
      </object_component>
      <object_component id="oc-41d">
         <name>.text:I2CMasterControl</name>
         <load_address>0x1089c</load_address>
         <run_address>0x1089c</run_address>
         <size>0x4</size>
         <input_file_ref idref="fl-20"/>
      </object_component>
      <object_component id="oc-423">
         <name>.text:I2CMasterDataGet</name>
         <load_address>0x108a0</load_address>
         <run_address>0x108a0</run_address>
         <size>0x4</size>
         <input_file_ref idref="fl-20"/>
      </object_component>
      <object_component id="oc-417">
         <name>.text:I2CMasterDataPut</name>
         <load_address>0x108a4</load_address>
         <run_address>0x108a4</run_address>
         <size>0x4</size>
         <input_file_ref idref="fl-20"/>
      </object_component>
      <object_component id="oc-1ae">
         <name>.text:TimerIntClear</name>
         <load_address>0x108a8</load_address>
         <run_address>0x108a8</run_address>
         <size>0x4</size>
         <input_file_ref idref="fl-25"/>
      </object_component>
      <object_component id="oc-1d8">
         <name>.text:UARTIntClear</name>
         <load_address>0x108ac</load_address>
         <run_address>0x108ac</run_address>
         <size>0x4</size>
         <input_file_ref idref="fl-26"/>
      </object_component>
      <object_component id="oc-8c">
         <name>.text</name>
         <load_address>0x108b0</load_address>
         <run_address>0x108b0</run_address>
         <size>0x4</size>
         <input_file_ref idref="fl-f7"/>
      </object_component>
      <object_component id="oc-536">
         <name>.const:uni2sjis</name>
         <load_address>0x108b8</load_address>
         <run_address>0x108b8</run_address>
         <size>0x7378</size>
         <input_file_ref idref="fl-15"/>
      </object_component>
      <object_component id="oc-360">
         <name>.const:.string</name>
         <load_address>0x17c30</load_address>
         <run_address>0x17c30</run_address>
         <size>0x244</size>
         <input_file_ref idref="fl-10"/>
      </object_component>
      <object_component id="oc-539">
         <name>.const:tbl_lower$1</name>
         <load_address>0x17e74</load_address>
         <run_address>0x17e74</run_address>
         <size>0x1e0</size>
         <input_file_ref idref="fl-15"/>
      </object_component>
      <object_component id="oc-53a">
         <name>.const:tbl_upper$2</name>
         <load_address>0x18054</load_address>
         <run_address>0x18054</run_address>
         <size>0x1e0</size>
         <input_file_ref idref="fl-15"/>
      </object_component>
      <object_component id="oc-5d8">
         <name>.const:g_pppui32XTALtoVCO</name>
         <load_address>0x18234</load_address>
         <run_address>0x18234</run_address>
         <size>0x1b0</size>
         <input_file_ref idref="fl-24"/>
      </object_component>
      <object_component id="oc-4cf">
         <name>.const:.string:_ctypes_</name>
         <load_address>0x183e4</load_address>
         <run_address>0x183e4</run_address>
         <size>0x101</size>
         <input_file_ref idref="fl-e3"/>
      </object_component>
      <object_component id="oc-639">
         <name>.const:$O1$$</name>
         <load_address>0x184e8</load_address>
         <run_address>0x184e8</run_address>
         <size>0x98</size>
         <input_file_ref idref="fl-108"/>
      </object_component>
      <object_component id="oc-48f">
         <name>.const:g_pui32GPIOBaseAddrs</name>
         <load_address>0x18580</load_address>
         <run_address>0x18580</run_address>
         <size>0x90</size>
         <input_file_ref idref="fl-1f"/>
      </object_component>
      <object_component id="oc-457">
         <name>.const</name>
         <load_address>0x18610</load_address>
         <run_address>0x18610</run_address>
         <size>0x70</size>
         <input_file_ref idref="fl-21"/>
      </object_component>
      <object_component id="oc-47f">
         <name>.const:g_pui32Xtals</name>
         <load_address>0x18680</load_address>
         <run_address>0x18680</run_address>
         <size>0x6c</size>
         <input_file_ref idref="fl-24"/>
      </object_component>
      <object_component id="oc-4ec">
         <name>.const:$O1$$</name>
         <load_address>0x186ec</load_address>
         <run_address>0x186ec</run_address>
         <size>0x60</size>
         <input_file_ref idref="fl-f5"/>
      </object_component>
      <object_component id="oc-26b">
         <name>.const:crc_table</name>
         <load_address>0x1874c</load_address>
         <run_address>0x1874c</run_address>
         <size>0x40</size>
         <input_file_ref idref="fl-6"/>
      </object_component>
      <object_component id="oc-6b6">
         <name>.const:g_sXTALtoMEMTIM</name>
         <load_address>0x1878c</load_address>
         <run_address>0x1878c</run_address>
         <size>0x30</size>
         <input_file_ref idref="fl-24"/>
      </object_component>
      <object_component id="oc-566">
         <name>.const:.string</name>
         <load_address>0x187bc</load_address>
         <run_address>0x187bc</run_address>
         <size>0x12</size>
         <input_file_ref idref="fl-e"/>
      </object_component>
      <object_component id="oc-666">
         <name>.const:$O1$$</name>
         <load_address>0x187d0</load_address>
         <run_address>0x187d0</run_address>
         <size>0x10</size>
         <input_file_ref idref="fl-110"/>
      </object_component>
      <object_component id="oc-346">
         <name>.const:.string:LfnOfs</name>
         <load_address>0x187e0</load_address>
         <run_address>0x187e0</run_address>
         <size>0xd</size>
         <input_file_ref idref="fl-14"/>
      </object_component>
      <object_component id="oc-396">
         <name>.const:g_ui32UARTBase</name>
         <load_address>0x187f0</load_address>
         <run_address>0x187f0</run_address>
         <size>0xc</size>
         <input_file_ref idref="fl-e"/>
      </object_component>
      <object_component id="oc-390">
         <name>.const:g_ui32UARTPeriph</name>
         <load_address>0x187fc</load_address>
         <run_address>0x187fc</run_address>
         <size>0xc</size>
         <input_file_ref idref="fl-e"/>
      </object_component>
      <object_component id="oc-5db">
         <name>.const</name>
         <load_address>0x18808</load_address>
         <run_address>0x18808</run_address>
         <size>0x8</size>
         <input_file_ref idref="fl-24"/>
      </object_component>
      <object_component id="oc-39e">
         <name>.const</name>
         <load_address>0x18810</load_address>
         <run_address>0x18810</run_address>
         <size>0x4</size>
         <input_file_ref idref="fl-e"/>
      </object_component>
      <object_component id="oc-79b">
         <name>.cinit..data.load</name>
         <load_address>0x18818</load_address>
         <run_address>0x18818</run_address>
         <size>0x5f5</size>
      </object_component>
      <object_component id="oc-79c">
         <name>.cinit..bss.load</name>
         <load_address>0x18e10</load_address>
         <run_address>0x18e10</run_address>
         <size>0xb</size>
      </object_component>
      <object_component id="oc-799">
         <name>__TI_handler_table</name>
         <load_address>0x18e1c</load_address>
         <run_address>0x18e1c</run_address>
         <size>0x8</size>
      </object_component>
      <object_component id="oc-79a">
         <name>__TI_cinit_table</name>
         <load_address>0x18e24</load_address>
         <run_address>0x18e24</run_address>
         <size>0x10</size>
      </object_component>
      <object_component id="oc-23e">
         <name>.data</name>
         <load_address>0x20006fa8</load_address>
         <run_address>0x20006fa8</run_address>
         <size>0x11</size>
         <input_file_ref idref="fl-6"/>
      </object_component>
      <object_component id="oc-17b">
         <name>.data:SD_FilePath</name>
         <load_address>0x20006f74</load_address>
         <run_address>0x20006f74</run_address>
         <size>0x32</size>
         <input_file_ref idref="fl-6"/>
      </object_component>
      <object_component id="oc-2e6">
         <name>.data</name>
         <load_address>0x20007004</load_address>
         <run_address>0x20007004</run_address>
         <size>0xa</size>
         <input_file_ref idref="fl-8"/>
      </object_component>
      <object_component id="oc-2d6">
         <name>.data</name>
         <load_address>0x20006fa6</load_address>
         <run_address>0x20006fa6</run_address>
         <size>0x2</size>
         <input_file_ref idref="fl-9"/>
      </object_component>
      <object_component id="oc-183">
         <name>.data</name>
         <load_address>0x20007020</load_address>
         <run_address>0x20007020</run_address>
         <size>0x5</size>
         <input_file_ref idref="fl-a"/>
      </object_component>
      <object_component id="oc-176">
         <name>.data:Mqtt_Manager</name>
         <load_address>0x20006fba</load_address>
         <run_address>0x20006fba</run_address>
         <size>0x10</size>
         <input_file_ref idref="fl-a"/>
      </object_component>
      <object_component id="oc-393">
         <name>.data</name>
         <load_address>0x2000702c</load_address>
         <run_address>0x2000702c</run_address>
         <size>0x5</size>
         <input_file_ref idref="fl-e"/>
      </object_component>
      <object_component id="oc-e6">
         <name>.data:g_pcCwdBuf</name>
         <load_address>0x20006f24</load_address>
         <run_address>0x20006f24</run_address>
         <size>0x50</size>
         <input_file_ref idref="fl-10"/>
      </object_component>
      <object_component id="oc-113">
         <name>.data</name>
         <load_address>0x20007026</load_address>
         <run_address>0x20007026</run_address>
         <size>0x5</size>
         <input_file_ref idref="fl-10"/>
      </object_component>
      <object_component id="oc-dd">
         <name>.data:g_psFResultStrings</name>
         <load_address>0x20006e00</load_address>
         <run_address>0x20006e00</run_address>
         <size>0xa0</size>
         <input_file_ref idref="fl-10"/>
      </object_component>
      <object_component id="oc-11a">
         <name>.data:g_psCmdTable</name>
         <load_address>0x20006ea0</load_address>
         <run_address>0x20006ea0</run_address>
         <size>0x84</size>
         <input_file_ref idref="fl-10"/>
      </object_component>
      <object_component id="oc-3f2">
         <name>.data</name>
         <load_address>0x20007018</load_address>
         <run_address>0x20007018</run_address>
         <size>0x8</size>
         <input_file_ref idref="fl-12"/>
      </object_component>
      <object_component id="oc-3f5">
         <name>.data:asc2_1608</name>
         <load_address>0x20006650</load_address>
         <run_address>0x20006650</run_address>
         <size>0x5f0</size>
         <input_file_ref idref="fl-12"/>
      </object_component>
      <object_component id="oc-331">
         <name>.data</name>
         <load_address>0x20006fca</load_address>
         <run_address>0x20006fca</run_address>
         <size>0x2</size>
         <input_file_ref idref="fl-13"/>
      </object_component>
      <object_component id="oc-502">
         <name>.data</name>
         <load_address>0x20007034</load_address>
         <run_address>0x20007034</run_address>
         <size>0x4</size>
         <input_file_ref idref="fl-e8"/>
      </object_component>
      <object_component id="oc-317">
         <name>.data:$O1$$</name>
         <load_address>0x20006fec</load_address>
         <run_address>0x20006fec</run_address>
         <size>0xc</size>
         <input_file_ref idref="fl-e9"/>
      </object_component>
      <object_component id="oc-a4">
         <name>.data</name>
         <load_address>0x2000703c</load_address>
         <run_address>0x2000703c</run_address>
         <size>0x4</size>
         <input_file_ref idref="fl-100"/>
      </object_component>
      <object_component id="oc-5bf">
         <name>.data</name>
         <load_address>0x20007040</load_address>
         <run_address>0x20007040</run_address>
         <size>0x4</size>
         <input_file_ref idref="fl-109"/>
      </object_component>
      <object_component id="oc-4ef">
         <name>.data:_tz</name>
         <load_address>0x20006fcc</load_address>
         <run_address>0x20006fcc</run_address>
         <size>0x10</size>
         <input_file_ref idref="fl-10b"/>
      </object_component>
      <object_component id="oc-31a">
[...]
         <value>0xe709</value>
         <object_component_ref idref="oc-2a4"/>
      </symbol>
      <symbol id="sm-112a">
         <name>__aeabi_dmul</name>
         <value>0xef29</value>
         <object_component_ref idref="oc-2b3"/>
      </symbol>
      <symbol id="sm-1134">
         <name>__aeabi_d2iz</name>
         <value>0x1013d</value>
         <object_component_ref idref="oc-57d"/>
      </symbol>
      <symbol id="sm-1140">
         <name>__aeabi_d2f</name>
         <value>0xfa89</value>
         <object_component_ref idref="oc-2ae"/>
      </symbol>
      <symbol id="sm-114a">
         <name>__aeabi_d2uiz</name>
         <value>0x101cb</value>
         <object_component_ref idref="oc-2b8"/>
      </symbol>
      <symbol id="sm-1155">
         <name>__aeabi_f2d</name>
         <value>0x102cd</value>
         <object_component_ref idref="oc-17e"/>
      </symbol>
      <symbol id="sm-115f">
         <name>__aeabi_i2d</name>
         <value>0x103cb</value>
         <object_component_ref idref="oc-299"/>
      </symbol>
      <symbol id="sm-117a">
         <name>memcpy</name>
         <value>0xf5dd</value>
         <object_component_ref idref="oc-61"/>
      </symbol>
      <symbol id="sm-117b">
         <name>__aeabi_memcpy</name>
         <value>0xf5dd</value>
         <object_component_ref idref="oc-61"/>
      </symbol>
      <symbol id="sm-117c">
         <name>__aeabi_memcpy8</name>
         <value>0xf5dd</value>
         <object_component_ref idref="oc-61"/>
      </symbol>
      <symbol id="sm-117d">
         <name>__aeabi_memcpy4</name>
         <value>0xf5dd</value>
         <object_component_ref idref="oc-61"/>
      </symbol>
      <symbol id="sm-118c">
         <name>__aeabi_memset</name>
         <value>0xf931</value>
         <object_component_ref idref="oc-7a"/>
      </symbol>
      <symbol id="sm-118d">
         <name>memset</name>
         <value>0xf937</value>
         <object_component_ref idref="oc-7a"/>
      </symbol>
      <symbol id="sm-118e">
         <name>__aeabi_memset8</name>
         <value>0xf931</value>
         <object_component_ref idref="oc-7a"/>
      </symbol>
      <symbol id="sm-118f">
         <name>__aeabi_memset4</name>
         <value>0xf931</value>
         <object_component_ref idref="oc-7a"/>
      </symbol>
      <symbol id="sm-1190">
         <name>__aeabi_memclr8</name>
         <value>0xf92f</value>
         <object_component_ref idref="oc-7a"/>
      </symbol>
      <symbol id="sm-1191">
         <name>__aeabi_memclr4</name>
         <value>0xf92f</value>
         <object_component_ref idref="oc-7a"/>
      </symbol>
      <symbol id="sm-1192">
         <name>__aeabi_memclr</name>
         <value>0xf92f</value>
         <object_component_ref idref="oc-7a"/>
      </symbol>
      <symbol id="sm-11c8">
         <name>__mktime64</name>
         <value>0xd545</value>
         <object_component_ref idref="oc-2bd"/>
      </symbol>
      <symbol id="sm-11d2">
         <name>__mpu_init</name>
         <value>0xe59b</value>
         <object_component_ref idref="oc-86"/>
      </symbol>
      <symbol id="sm-11dc">
         <name>_system_pre_init</name>
         <value>0x108b1</value>
         <object_component_ref idref="oc-8c"/>
      </symbol>
      <symbol id="sm-11fa">
         <name>printf</name>
         <value>0xfa21</value>
         <object_component_ref idref="oc-26f"/>
      </symbol>
      <symbol id="sm-121e">
         <name>scalbn</name>
         <value>0xf025</value>
         <object_component_ref idref="oc-58e"/>
      </symbol>
      <symbol id="sm-121f">
         <name>scalbnl</name>
         <value>0xf025</value>
         <object_component_ref idref="oc-58e"/>
      </symbol>
      <symbol id="sm-1220">
         <name>ldexpl</name>
         <value>0xf025</value>
         <object_component_ref idref="oc-58e"/>
      </symbol>
      <symbol id="sm-1221">
         <name>ldexp</name>
         <value>0xf025</value>
         <object_component_ref idref="oc-58e"/>
      </symbol>
      <symbol id="sm-123c">
         <name>sprintf</name>
         <value>0xfdc1</value>
         <object_component_ref idref="oc-fb"/>
      </symbol>
      <symbol id="sm-125e">
         <name>sscanf</name>
         <value>0xf303</value>
         <object_component_ref idref="oc-2ca"/>
      </symbol>
      <symbol id="sm-125f">
         <name>vsscanf</name>
         <value>0xf2f1</value>
         <object_component_ref idref="oc-2ca"/>
      </symbol>
      <symbol id="sm-1267">
         <name>main_func_sp</name>
         <value>0x2000703c</value>
         <object_component_ref idref="oc-a4"/>
      </symbol>
      <symbol id="sm-1277">
         <name>strcat</name>
         <value>0x10531</value>
         <object_component_ref idref="oc-d1"/>
      </symbol>
      <symbol id="sm-1286">
         <name>strcmp</name>
         <value>0x105e5</value>
         <object_component_ref idref="oc-cb"/>
      </symbol>
      <symbol id="sm-1294">
         <name>strcpy</name>
         <value>0x10669</value>
         <object_component_ref idref="oc-b9"/>
      </symbol>
      <symbol id="sm-12a2">
         <name>strlen</name>
         <value>0x1067d</value>
         <object_component_ref idref="oc-bf"/>
      </symbol>
      <symbol id="sm-12b3">
         <name>strncpy</name>
         <value>0x1036d</value>
         <object_component_ref idref="oc-c5"/>
      </symbol>
      <symbol id="sm-12c6">
         <name>strstr</name>
         <value>0x10339</value>
         <object_component_ref idref="oc-f5"/>
      </symbol>
      <symbol id="sm-1303">
         <name>strtold</name>
         <value>0xd801</value>
         <object_component_ref idref="oc-4d5"/>
      </symbol>
      <symbol id="sm-1304">
         <name>strtod</name>
         <value>0xd801</value>
         <object_component_ref idref="oc-4d5"/>
      </symbol>
      <symbol id="sm-131c">
         <name>strtok</name>
         <value>0x10211</value>
         <object_component_ref idref="oc-3b2"/>
      </symbol>
      <symbol id="sm-1341">
         <name>strtol</name>
         <value>0xe975</value>
         <object_component_ref idref="oc-2d0"/>
      </symbol>
      <symbol id="sm-1351">
         <name>_tz</name>
         <value>0x20006fcc</value>
         <object_component_ref idref="oc-4ef"/>
      </symbol>
      <symbol id="sm-1360">
         <name>__aeabi_uidivmod</name>
         <value>0x10251</value>
         <object_component_ref idref="oc-399"/>
      </symbol>
      <symbol id="sm-1361">
         <name>__aeabi_uidiv</name>
         <value>0x10251</value>
         <object_component_ref idref="oc-399"/>
      </symbol>
      <symbol id="sm-137b">
         <name>_nop</name>
         <value>0x1064f</value>
         <object_component_ref idref="oc-524"/>
      </symbol>
      <symbol id="sm-137c">
         <name>_lock</name>
         <value>0x20007010</value>
         <object_component_ref idref="oc-31a"/>
      </symbol>
      <symbol id="sm-137d">
         <name>_unlock</name>
         <value>0x20007014</value>
         <object_component_ref idref="oc-31a"/>
      </symbol>
      <symbol id="sm-137e">
         <name>_register_lock</name>
         <value>0x10647</value>
         <object_component_ref idref="oc-524"/>
      </symbol>
      <symbol id="sm-137f">
         <name>_register_unlock</name>
         <value>0x10641</value>
         <object_component_ref idref="oc-524"/>
      </symbol>
      <symbol id="sm-1486">
         <name>__TI_printfi</name>
         <value>0x5f8b</value>
         <object_component_ref idref="oc-3aa"/>
      </symbol>
      <symbol id="sm-151e">
         <name>__TI_scanfi</name>
         <value>0xac7d</value>
         <object_component_ref idref="oc-4fa"/>
      </symbol>
      <symbol id="sm-1532">
         <name>_args_main</name>
         <value>0x105b5</value>
         <object_component_ref idref="oc-98"/>
      </symbol>
      <symbol id="sm-1557">
         <name>__TI_auto_init</name>
         <value>0xf9a9</value>
         <object_component_ref idref="oc-92"/>
      </symbol>
      <symbol id="sm-1571">
         <name>copy_in</name>
         <value>0x10061</value>
         <object_component_ref idref="oc-307"/>
      </symbol>
      <symbol id="sm-1586">
         <name>__TI_tmpnams</name>
         <value>0x200042a0</value>
      </symbol>
      <symbol id="sm-1587">
         <name>__aeabi_stdout</name>
         <value>0x20006fe4</value>
         <object_component_ref idref="oc-6d2"/>
      </symbol>
      <symbol id="sm-1588">
         <name>__aeabi_stderr</name>
         <value>0x20006fe8</value>
         <object_component_ref idref="oc-6d2"/>
      </symbol>
      <symbol id="sm-1589">
         <name>__aeabi_stdin</name>
         <value>0x20006fe0</value>
         <object_component_ref idref="oc-6d2"/>
      </symbol>
      <symbol id="sm-158a">
         <name>_ftable</name>
         <value>0x20006c40</value>
         <object_component_ref idref="oc-4c7"/>
      </symbol>
      <symbol id="sm-158b">
         <name>__TI_ft_end</name>
         <value>0x20006fdc</value>
         <object_component_ref idref="oc-6d2"/>
      </symbol>
      <symbol id="sm-15a2">
         <name>putc</name>
         <value>0xf711</value>
         <object_component_ref idref="oc-4bb"/>
      </symbol>
      <symbol id="sm-15a3">
         <name>fputc</name>
         <value>0xf711</value>
         <object_component_ref idref="oc-4bb"/>
      </symbol>
      <symbol id="sm-15a4">
         <name>putchar</name>
         <value>0xf795</value>
         <object_component_ref idref="oc-4bb"/>
      </symbol>
      <symbol id="sm-15c6">
         <name>puts</name>
         <value>0xe94d</value>
         <object_component_ref idref="oc-4c1"/>
      </symbol>
      <symbol id="sm-15c7">
         <name>fputs</name>
         <value>0xe841</value>
         <object_component_ref idref="oc-4c1"/>
      </symbol>
      <symbol id="sm-15d1">
         <name>__aeabi_idiv0</name>
         <value>0xb12b</value>
         <object_component_ref idref="oc-55f"/>
      </symbol>
      <symbol id="sm-15f4">
         <name>__aeabi_ldivmod</name>
         <value>0xda3d</value>
         <object_component_ref idref="oc-4e7"/>
      </symbol>
      <symbol id="sm-15fd">
         <name>__aeabi_lmul</name>
         <value>0x105cd</value>
         <object_component_ref idref="oc-4e2"/>
      </symbol>
      <symbol id="sm-164b">
         <name>open</name>
         <value>0xd377</value>
         <object_component_ref idref="oc-619"/>
      </symbol>
      <symbol id="sm-164c">
         <name>add_device</name>
         <value>0xd499</value>
         <object_component_ref idref="oc-619"/>
      </symbol>
      <symbol id="sm-164d">
         <name>remove_device</name>
         <value>0xd32b</value>
         <object_component_ref idref="oc-619"/>
      </symbol>
      <symbol id="sm-164e">
         <name>lseek</name>
         <value>0xd425</value>
         <object_component_ref idref="oc-619"/>
      </symbol>
      <symbol id="sm-164f">
         <name>read</name>
         <value>0xd353</value>
         <object_component_ref idref="oc-619"/>
      </symbol>
      <symbol id="sm-1650">
         <name>rename</name>
         <value>0xd2ed</value>
         <object_component_ref idref="oc-619"/>
      </symbol>
      <symbol id="sm-1651">
         <name>write</name>
         <value>0xd239</value>
         <object_component_ref idref="oc-619"/>
      </symbol>
      <symbol id="sm-1652">
         <name>close</name>
         <value>0xd449</value>
         <object_component_ref idref="oc-619"/>
      </symbol>
      <symbol id="sm-1653">
         <name>unlink</name>
         <value>0xd2c9</value>
         <object_component_ref idref="oc-619"/>
      </symbol>
      <symbol id="sm-1662">
         <name>ltoa</name>
         <value>0xfe79</value>
         <object_component_ref idref="oc-582"/>
      </symbol>
      <symbol id="sm-1672">
         <name>memccpy</name>
         <value>0x1054f</value>
         <object_component_ref idref="oc-59a"/>
      </symbol>
      <symbol id="sm-1682">
         <name>memchr</name>
         <value>0x104d5</value>
         <object_component_ref idref="oc-621"/>
      </symbol>
      <symbol id="sm-168c">
         <name>copysign</name>
         <value>0x10655</value>
         <object_component_ref idref="oc-69b"/>
      </symbol>
      <symbol id="sm-168d">
         <name>copysignl</name>
         <value>0x10655</value>
         <object_component_ref idref="oc-69b"/>
      </symbol>
      <symbol id="sm-16a4">
         <name>frexpl</name>
         <value>0xfcfd</value>
         <object_component_ref idref="oc-588"/>
      </symbol>
      <symbol id="sm-16a5">
         <name>frexp</name>
         <value>0xfcfd</value>
         <object_component_ref idref="oc-588"/>
      </symbol>
      <symbol id="sm-16af">
         <name>_system_post_cinit</name>
         <value>0xe83f</value>
         <object_component_ref idref="oc-30d"/>
      </symbol>
      <symbol id="sm-16bf">
         <name>strchr</name>
         <value>0x10615</value>
         <object_component_ref idref="oc-594"/>
      </symbol>
      <symbol id="sm-16d0">
         <name>strcspn</name>
         <value>0x1044d</value>
         <object_component_ref idref="oc-5b9"/>
      </symbol>
      <symbol id="sm-16df">
         <name>strrchr</name>
         <value>0x105fd</value>
         <object_component_ref idref="oc-667"/>
      </symbol>
      <symbol id="sm-16f1">
         <name>strspn</name>
         <value>0x10423</value>
         <object_component_ref idref="oc-5b3"/>
      </symbol>
      <symbol id="sm-171a">
         <name>strtoll</name>
         <value>0xe03d</value>
         <object_component_ref idref="oc-660"/>
      </symbol>
      <symbol id="sm-173b">
         <name>strtoul</name>
         <value>0xed05</value>
         <object_component_ref idref="oc-654"/>
      </symbol>
      <symbol id="sm-1761">
         <name>strtoull</name>
         <value>0xe59d</value>
         <object_component_ref idref="oc-65a"/>
      </symbol>
      <symbol id="sm-1789">
         <name>HOSTgetenv</name>
         <value>0xce65</value>
         <object_component_ref idref="oc-728"/>
      </symbol>
      <symbol id="sm-178a">
         <name>HOSTrename</name>
         <value>0xcd0d</value>
         <object_component_ref idref="oc-728"/>
      </symbol>
      <symbol id="sm-178b">
         <name>HOSTclose</name>
         <value>0xcea3</value>
         <object_component_ref idref="oc-728"/>
      </symbol>
      <symbol id="sm-178c">
         <name>HOSTtime64</name>
         <value>0xcc89</value>
         <object_component_ref idref="oc-728"/>
      </symbol>
      <symbol id="sm-178d">
         <name>HOSTunlink</name>
         <value>0xcc51</value>
         <object_component_ref idref="oc-728"/>
      </symbol>
      <symbol id="sm-178e">
         <name>HOSTlseek</name>
         <value>0xce09</value>
         <object_component_ref idref="oc-728"/>
      </symbol>
      <symbol id="sm-178f">
         <name>HOSTopen</name>
         <value>0xcdb7</value>
         <object_component_ref idref="oc-728"/>
      </symbol>
      <symbol id="sm-1790">
         <name>HOSTclock</name>
         <value>0xcedb</value>
         <object_component_ref idref="oc-728"/>
      </symbol>
      <symbol id="sm-1791">
         <name>HOSTwrite</name>
         <value>0xcc05</value>
         <object_component_ref idref="oc-728"/>
      </symbol>
      <symbol id="sm-1792">
         <name>HOSTread</name>
         <value>0xcd6b</value>
         <object_component_ref idref="oc-728"/>
      </symbol>
      <symbol id="sm-1793">
         <name>HOSTtime</name>
         <value>0xccd3</value>
         <object_component_ref idref="oc-728"/>
      </symbol>
      <symbol id="sm-17ae">
         <name>__TI_readmsg</name>
         <value>0xfc63</value>
         <object_component_ref idref="oc-754"/>
      </symbol>
      <symbol id="sm-17af">
         <name>C$$IO$$</name>
         <value>0xfc5f</value>
         <object_component_ref idref="oc-754"/>
      </symbol>
      <symbol id="sm-17b0">
         <name>__CIOBUF_</name>
         <value>0x20003f28</value>
         <object_component_ref idref="oc-76b"/>
      </symbol>
      <symbol id="sm-17b1">
         <name>__TI_writemsg</name>
         <value>0xfc31</value>
         <object_component_ref idref="oc-754"/>
      </symbol>
      <symbol id="sm-17cd">
         <name>__aeabi_uldivmod</name>
         <value>0xdc5b</value>
         <object_component_ref idref="oc-56e"/>
      </symbol>
      <symbol id="sm-17eb">
         <name>__TI_wrt_ok</name>
         <value>0xf531</value>
         <object_component_ref idref="oc-60d"/>
      </symbol>
      <symbol id="sm-17ec">
         <name>__TI_rd_ok</name>
         <value>0xf593</value>
         <object_component_ref idref="oc-60d"/>
      </symbol>
      <symbol id="sm-1806">
         <name>__TI_doflush</name>
         <value>0xf3bd</value>
         <object_component_ref idref="oc-613"/>
      </symbol>
      <symbol id="sm-1807">
         <name>fflush</name>
         <value>0xf409</value>
         <object_component_ref idref="oc-613"/>
      </symbol>
      <symbol id="sm-1819">
         <name>fseek</name>
         <value>0xfc99</value>
         <object_component_ref idref="oc-6c4"/>
      </symbol>
      <symbol id="sm-1823">
         <name>__aeabi_ldiv0</name>
         <value>0xde4f</value>
         <object_component_ref idref="oc-642"/>
      </symbol>
      <symbol id="sm-183f">
         <name>setvbuf</name>
         <value>0xf215</value>
         <object_component_ref idref="oc-6ca"/>
      </symbol>
      <symbol id="sm-1876">
         <name>__TI_cleanup</name>
         <value>0xe2e9</value>
         <object_component_ref idref="oc-715"/>
      </symbol>
      <symbol id="sm-1877">
         <name>freopen</name>
         <value>0xe315</value>
         <object_component_ref idref="oc-715"/>
      </symbol>
      <symbol id="sm-1878">
         <name>fopen</name>
         <value>0xe33f</value>
         <object_component_ref idref="oc-715"/>
      </symbol>
      <symbol id="sm-18e7">
         <name>_sys_memory</name>
         <value>0x20005650</value>
         <object_component_ref idref="oc-2b"/>
      </symbol>
      <symbol id="sm-18e8">
         <name>free</name>
         <value>0xc91f</value>
         <object_component_ref idref="oc-70f"/>
      </symbol>
      <symbol id="sm-18e9">
         <name>realloc</name>
         <value>0xc9e1</value>
         <object_component_ref idref="oc-70f"/>
      </symbol>
      <symbol id="sm-18ea">
         <name>memalign</name>
         <value>0xcaed</value>
         <object_component_ref idref="oc-70f"/>
      </symbol>
      <symbol id="sm-18eb">
         <name>calloc</name>
         <value>0xcbd1</value>
         <object_component_ref idref="oc-70f"/>
      </symbol>
      <symbol id="sm-18ec">
         <name>malloc</name>
         <value>0xc8b7</value>
         <object_component_ref idref="oc-70f"/>
      </symbol>
      <symbol id="sm-18ed">
         <name>minit</name>
         <value>0xc829</value>
         <object_component_ref idref="oc-70f"/>
      </symbol>
      <symbol id="sm-1903">
         <name>__TI_closefile</name>
         <value>0xf679</value>
         <object_component_ref idref="oc-749"/>
      </symbol>
      <symbol id="sm-1904">
         <name>fclose</name>
         <value>0xf6df</value>
         <object_component_ref idref="oc-749"/>
      </symbol>
      <symbol id="sm-1906">
         <name>__TI_static_base__</name>
         <value>0x0</value>
      </symbol>
      <symbol id="sm-1909">
         <name>SHT$$INIT_ARRAY$$Limit</name>
         <value>0x0</value>
      </symbol>
      <symbol id="sm-190a">
         <name>SHT$$INIT_ARRAY$$Base</name>
         <value>0x0</value>
      </symbol>
      <symbol id="sm-190b">
         <name>remove</name>
         <value>0xd2c9</value>
      </symbol>
   </symbol_table>
   <title>Link successful</title>
</link_info>
